Archive member included because of file (symbol)

c:/Users/Derrick/Desktop/nflib_20120804/nflib/examples/graphics/backbuffer2/nflib/lib\libnflib.a(nf_2d.o)
                              main.o (NF_Set2D)
c:/Users/Derrick/Desktop/nflib_20120804/nflib/examples/graphics/backbuffer2/nflib/lib\libnflib.a(nf_basic.o)
                              c:/Users/Derrick/Desktop/nflib_20120804/nflib/examples/graphics/backbuffer2/nflib/lib\libnflib.a(nf_2d.o) (NF_Error)
c:/Users/Derrick/Desktop/nflib_20120804/nflib/examples/graphics/backbuffer2/nflib/lib\libnflib.a(nf_bitmapbg.o)
                              main.o (NF_Init16bitsBgBuffers)
c:/Users/Derrick/Desktop/nflib_20120804/nflib/examples/graphics/backbuffer2/nflib/lib\libnflib.a(nf_sprite256.o)
                              c:/Users/Derrick/Desktop/nflib_20120804/nflib/examples/graphics/backbuffer2/nflib/lib\libnflib.a(nf_2d.o) (NF_BUFFER_SPR256GFX)
c:/Users/Derrick/Desktop/nflib_20120804/nflib/examples/graphics/backbuffer2/nflib/lib\libnflib.a(nf_tiledbg.o)
                              c:/Users/Derrick/Desktop/nflib_20120804/nflib/examples/graphics/backbuffer2/nflib/lib\libnflib.a(nf_2d.o) (NF_BUFFER_BGMAP)
c:/devkitPro/libnds/lib\libfilesystem.a(nitrofs.o)
                              c:/Users/Derrick/Desktop/nflib_20120804/nflib/examples/graphics/backbuffer2/nflib/lib\libnflib.a(nf_basic.o) (nitroFSInit)
c:/devkitPro/libnds/lib\libfat.a(libfat.o)
                              c:/Users/Derrick/Desktop/nflib_20120804/nflib/examples/graphics/backbuffer2/nflib/lib\libnflib.a(nf_basic.o) (fatInitDefault)
c:/devkitPro/libnds/lib\libfat.a(partition.o)
                              c:/devkitPro/libnds/lib\libfat.a(libfat.o) (_FAT_partition_constructor)
c:/devkitPro/libnds/lib\libfat.a(cache.o)
                              c:/devkitPro/libnds/lib\libfat.a(partition.o) (_FAT_cache_constructor)
c:/devkitPro/libnds/lib\libfat.a(directory.o)
                              c:/devkitPro/libnds/lib\libfat.a(libfat.o) (_FAT_directory_getVolumeLabel)
c:/devkitPro/libnds/lib\libfat.a(disc.o)
                              c:/devkitPro/libnds/lib\libfat.a(libfat.o) (_FAT_disc_interfaces)
c:/devkitPro/libnds/lib\libfat.a(fatdir.o)
                              c:/devkitPro/libnds/lib\libfat.a(libfat.o) (_FAT_stat_r)
c:/devkitPro/libnds/lib\libfat.a(fatfile.o)
                              c:/devkitPro/libnds/lib\libfat.a(libfat.o) (_FAT_open_r)
c:/devkitPro/libnds/lib\libfat.a(file_allocation_table.o)
                              c:/devkitPro/libnds/lib\libfat.a(directory.o) (_FAT_fat_nextCluster)
c:/devkitPro/libnds/lib\libfat.a(filetime.o)
                              c:/devkitPro/libnds/lib\libfat.a(fatdir.o) (_FAT_filetime_getTimeFromRTC)
c:/devkitPro/libnds/lib\libfat.a(lock.o)
                              c:/devkitPro/libnds/lib\libfat.a(partition.o) (_FAT_lock_init)
c:/devkitPro/libnds/lib\libnds9.a(console.o)
                              main.o (consoleDemoInit)
c:/devkitPro/libnds/lib\libnds9.a(keys.o)
                              main.o (scanKeys)
c:/devkitPro/libnds/lib\libnds9.a(sprite.o)
                              c:/Users/Derrick/Desktop/nflib_20120804/nflib/examples/graphics/backbuffer2/nflib/lib\libnflib.a(nf_sprite256.o) (oamInit)
c:/devkitPro/libnds/lib\libnds9.a(sprite_alloc.o)
                              c:/devkitPro/libnds/lib\libnds9.a(sprite.o) (oamAllocReset)
c:/devkitPro/libnds/lib\libnds9.a(touch.o)
                              main.o (touchRead)
c:/devkitPro/libnds/lib\libnds9.a(trig.o)
                              c:/devkitPro/libnds/lib\libnds9.a(sprite.o) (sinLerp)
c:/devkitPro/libnds/lib\libnds9.a(video.o)
                              c:/Users/Derrick/Desktop/nflib_20120804/nflib/examples/graphics/backbuffer2/nflib/lib\libnflib.a(nf_basic.o) (setBrightness)
c:/devkitPro/libnds/lib\libnds9.a(dldi.o)
                              c:/devkitPro/libnds/lib\libfat.a(disc.o) (dldiGetInternal)
c:/devkitPro/libnds/lib\libnds9.a(dsi_sd.o)
                              c:/devkitPro/libnds/lib\libfat.a(disc.o) (__io_dsisd)
c:/devkitPro/libnds/lib\libnds9.a(initSystem.o)
                              c:/devkitpro/devkitarm/bin/../lib/gcc/arm-none-eabi/4.7.1/../../../../arm-none-eabi/lib/thumb/ds_arm9_crt0.o (initSystem)
c:/devkitPro/libnds/lib\libnds9.a(card.o)
                              c:/devkitPro/libnds/lib\libfilesystem.a(nitrofs.o) (cardParamCommand)
c:/devkitPro/libnds/lib\libnds9.a(fifosystem.o)
                              c:/devkitPro/libnds/lib\libnds9.a(dsi_sd.o) (fifoSendValue32)
c:/devkitPro/libnds/lib\libnds9.a(interrupts.o)
                              c:/devkitPro/libnds/lib\libnds9.a(fifosystem.o) (irqSet)
c:/devkitPro/libnds/lib\libnds9.a(libnds_exit.arm.o)
                              c:/devkitpro/devkitarm/bin/../lib/gcc/arm-none-eabi/4.7.1/../../../../arm-none-eabi/lib/thumb/ds_arm9_crt0.o (__libnds_exit)
c:/devkitPro/libnds/lib\libnds9.a(dcache.o)
[...]
Memory Configuration

Name             Origin             Length             Attributes
rom              0x08000000         0x02000000
ewram            0x02000000         0x003ff000
dtcm             0x0b000000         0x00004000
vectors          0x01000000         0x00000100
itcm             0x01000100         0x00007f00
*default*        0x00000000         0xffffffff

Linker script and memory map

                0x01000000                __vectors_start = ORIGIN (vectors)
                0x01000100                __itcm_start = ORIGIN (itcm)
                0x023ff000                __ewram_end = (ORIGIN (ewram) + 0x3ff000)
                0x023ff000                __eheap_end = (ORIGIN (ewram) + 0x3ff000)
                0x0b000000                __dtcm_start = ORIGIN (dtcm)
                0x0b004000                __dtcm_top = (ORIGIN (dtcm) + 0x4000)
                0x0b003ff8                __irq_flags = (__dtcm_top - 0x8)
                0x0b003ffc                __irq_vector = (__dtcm_top - 0x4)
                0x0b003f00                __sp_svc = (__dtcm_top - 0x100)
                0x0b003e00                __sp_irq = (__sp_svc - 0x100)
                0x0b003d00                __sp_usr = (__sp_irq - 0x100)

.init           0x02000000      0x23c
                0x02000000                __text_start = .
 *(.init)
 .init          0x02000000      0x230 c:/devkitpro/devkitarm/bin/../lib/gcc/arm-none-eabi/4.7.1/../../../../arm-none-eabi/lib/thumb/ds_arm9_crt0.o
                0x02000000                _start
 .init          0x02000230        0x4 c:/devkitpro/devkitarm/bin/../lib/gcc/arm-none-eabi/4.7.1/thumb/crti.o
                0x02000230                _init
 .init          0x02000234        0x8 c:/devkitpro/devkitarm/bin/../lib/gcc/arm-none-eabi/4.7.1/thumb/crtn.o
                0x0200023c                . = ALIGN (0x4)

.plt
 *(.plt)

.text           0x02000240    0x22f20
 *(EXCLUDE_FILE(*.itcm*) .text)
 .text          0x02000240        0x0 c:/devkitpro/devkitarm/bin/../lib/gcc/arm-none-eabi/4.7.1/../../../../arm-none-eabi/lib/thumb/ds_arm9_crt0.o
 .text          0x02000240        0x0 c:/devkitpro/devkitarm/bin/../lib/gcc/arm-none-eabi/4.7.1/thumb/crti.o
 .text          0x02000240       0xd0 c:/devkitpro/devkitarm/bin/../lib/gcc/arm-none-eabi/4.7.1/thumb/crtbegin.o
 .text          0x02000310        0x0 main.o
 .text          0x02000310      0x884 c:/Users/Derrick/Desktop/nflib_20120804/nflib/examples/graphics/backbuffer2/nflib/lib\libnflib.a(nf_2d.o)
                0x02000310                NF_Set2D
                0x02000374                NF_ShowBg
                0x020003f0                NF_HideBg
                0x02000494                NF_ScrollBg
                0x020007f8                NF_MoveSprite
                0x02000818                NF_SpriteLayer
                0x02000834                NF_ShowSprite
                0x02000854                NF_HflipSprite
                0x02000870                NF_GetSpriteHflip
                0x0200088c                NF_VflipSprite
                0x020008a8                NF_GetSpriteVflip
                0x020008c4                NF_SpriteFrame
                0x02000994                NF_EnableSpriteRotScale
                0x02000a28                NF_DisableSpriteRotScale
                0x02000a9c                NF_SpriteRotScale
 .text          0x02000b94      0x4a0 c:/Users/Derrick/Desktop/nflib_20120804/nflib/examples/graphics/backbuffer2/nflib/lib\libnflib.a(nf_basic.o)
                0x02000b94                NF_Error
                0x02000e40                NF_SetRootFolder
                0x02000f98                NF_DmaMemCopy
                0x02001024                NF_GetLanguage
 .text          0x02001034      0xa10 c:/Users/Derrick/Desktop/nflib_20120804/nflib/examples/graphics/backbuffer2/nflib/lib\libnflib.a(nf_bitmapbg.o)
                0x02001034                NF_Init16bitsBgBuffers
                0x02001060                NF_Reset16bitsBgBuffers
                0x020010a4                NF_Init16bitsBackBuffer
                0x020010c0                NF_Enable16bitsBackBuffer
                0x020010fc                NF_Disble16bitsBackBuffer
                0x0200111c                NF_Flip16bitsBackBuffer
                0x02001148                NF_InitBitmapBgSys
                0x02001328                NF_Load16bImgData
                0x02001444                NF_Load16bitsImage
                0x02001454                NF_Load16bitsBg
                0x0200146c                NF_Unload16bitsBg
                0x020014a0                NF_Copy16bitsBuffer
                0x0200150c                NF_Draw16bitsImage
                0x0200163c                NF_Init8bitsBgBuffers
                0x02001664                NF_Reset8bitsBgBuffers
                0x020016a4                NF_Load8bitsBg
                0x0200183c                NF_Unload8bitsBg
                0x02001884                NF_Copy8bitsBuffer
                0x02001940                NF_Init8bitsBackBuffer
                0x02001960                NF_Enable8bitsBackBuffer
                0x020019c8                NF_Disble8bitsBackBuffer
                0x020019f4                NF_Flip8bitsBackBuffer
 .text          0x02001a44     0x143c c:/Users/Derrick/Desktop/nflib_20120804/nflib/examples/graphics/backbuffer2/nflib/lib\libnflib.a(nf_sprite256.o)
                0x02001a44                NF_InitSpriteBuffers
                0x02001a90                NF_ResetSpriteBuffers
                0x02001ac4                NF_InitSpriteSys
                0x02001d00                NF_LoadSpriteGfx
                0x02001e1c                NF_UnloadSpriteGfx
                0x02001e8c                NF_LoadSpritePal
                0x02001f8c                NF_UnloadSpritePal
                0x02001fdc                NF_VramSpriteGfx
                0x02002334                NF_VramSpriteGfxDefrag
                0x02002568                NF_FreeSpriteGfx
                0x02002668                NF_VramSpritePal
                0x0200273c                NF_CreateSprite
                0x02002ae8                NF_DeleteSprite
                0x02002b8c                NF_SpriteOamSet
                0x02002c6c                NF_SpriteSetPalColor
                0x02002d04                NF_SpriteEditPalColor
                0x02002d84                NF_SpriteUpdatePalette
                0x02002e14                NF_SpriteGetPalColor
 .text          0x02002e80     0x1a68 c:/Users/Derrick/Desktop/nflib_20120804/nflib/examples/graphics/backbuffer2/nflib/lib\libnflib.a(nf_tiledbg.o)
                0x02002e80                NF_InitTiledBgBuffers
                0x02002f38                NF_ResetTiledBgBuffers
                0x02002f88                NF_InitTiledBgSys
                0x020030bc                NF_LoadTiledBg
                0x02003354                NF_LoadTilesForBg
                0x020035e4                NF_UnloadTiledBg
                0x020036a0                NF_DeleteTiledBg
                0x02003848                NF_CreateTiledBg
                0x02003eb0                NF_GetTileMapAddress
                0x02003f6c                NF_GetTileOfMap
                0x02003fa8                NF_SetTileOfMap
                0x02003fec                NF_UpdateVramMap
                0x0200410c                NF_BgSetPalColor
                0x020041bc                NF_BgEditPalColor
                0x02004264                NF_BgUpdatePalette
                0x02004324                NF_BgGetPalColor
                0x020043bc                NF_GetTilePal
                0x020043f0                NF_SetTilePal
                0x02004434                NF_LoadExBgPal
                0x02004520                NF_UnloadExBgPal
                0x02004570                NF_VramExBgPal
                0x02004624                NF_SetExBgPal
                0x020046e4                NF_SetTileHflip
                0x02004720                NF_SetTileVflip
                0x0200475c                NF_RotateTileGfx
 .text          0x020048e8      0xb34 c:/devkitPro/libnds/lib\libfilesystem.a(nitrofs.o)
                0x020052fc                nitroFSInit
 .text          0x0200541c      0x340 c:/devkitPro/libnds/lib\libfat.a(libfat.o)
                0x0200541c                fatMount
                0x020054d8                fatMountSimple
                0x020054ec                fatUnmount
                0x02005524                fatInit
                0x02005674                fatInitDefault
                0x02005680                fatGetVolumeLabel
 .text          0x0200575c      0x724 c:/devkitPro/libnds/lib\libfat.a(partition.o)
                0x0200575c                FindFirstValidPartition_buf
                0x020058e4                FindFirstValidPartition
                0x0200590c                _FAT_partition_getPartitionFromPath
                0x02005920                _FAT_partition_createFSinfo
                0x020059e0                _FAT_partition_readFSinfo
                0x02005aa0                _FAT_partition_constructor_buf
                0x02005d48                _FAT_partition_constructor
                0x02005d88                _FAT_partition_writeFSinfo
                0x02005e40                _FAT_partition_destructor
 .text          0x02005e80      0x4b4 c:/devkitPro/libnds/lib\libfat.a(cache.o)
                0x02005f70                _FAT_cache_constructor
                0x02006008                _FAT_cache_readSectors
                0x0200606c                _FAT_cache_readPartialSector
                0x020060a8                _FAT_cache_readLittleEndianValue
                0x02006114                _FAT_cache_writePartialSector
                0x0200615c                _FAT_cache_writeLittleEndianValue
                0x020061ac                _FAT_cache_eraseWritePartialSector
                0x02006204                _FAT_cache_writeSectors
                0x02006270                _FAT_cache_flush
                0x020062d0                _FAT_cache_destructor
                0x02006304                _FAT_cache_invalidate
 .text          0x02006334     0x13b8 c:/devkitPro/libnds/lib\libfat.a(directory.o)
                0x020065b0                _FAT_directory_entryGetCluster
                0x020065d8                _FAT_directory_getNextEntry
                0x020067c4                _FAT_directory_getFirstEntry
                0x02006868                _FAT_directory_getRootEntry
                0x020068c4                _FAT_directory_getVolumeLabel
                0x02006984                _FAT_directory_entryFromPosition
                0x02006acc                _FAT_directory_entryFromPath
                0x02006cd0                _FAT_directory_removeEntry
                0x02006dac                _FAT_directory_addEntry
                0x020075e8                _FAT_directory_chdir
                0x02007624                _FAT_directory_entryStat
 .text          0x020076ec        0x8 c:/devkitPro/libnds/lib\libfat.a(disc.o)
 .text          0x020076f4      0x970 c:/devkitPro/libnds/lib\libfat.a(fatdir.o)
                0x020076f4                _FAT_stat_r
                0x02007790                _FAT_link_r
                0x0200779c                _FAT_unlink_r
                0x02007910                _FAT_chdir_r
                0x02007980                _FAT_rename_r
                0x02007b4c                _FAT_mkdir_r
                0x02007e28                _FAT_statvfs_r
                0x02007eb0                _FAT_diropen_r
                0x02007f74                _FAT_dirreset_r
                0x02007fc0                _FAT_dirnext_r
                0x02008044                _FAT_dirclose_r
 .text          0x02008064     0x13b0 c:/devkitPro/libnds/lib\libfat.a(fatfile.o)
                0x020082dc                _FAT_findEntry
                0x02008318                FAT_getAttr
                0x02008340                FAT_setAttr
                0x020083dc                _FAT_open_r
                0x02008724                _FAT_syncToDisc
                0x02008818                _FAT_close_r
                0x02008884                _FAT_read_r
                0x02008bc4                _FAT_write_r
                0x02009060                _FAT_seek_r
                0x020091d0                _FAT_fstat_r
                0x0200926c                _FAT_ftruncate_r
                0x020093d4                _FAT_fsync_r
 .text          0x02009414      0x4b4 c:/devkitPro/libnds/lib\libfat.a(file_allocation_table.o)
                0x02009564                _FAT_fat_nextCluster
                0x0200967c                _FAT_fat_linkFreeCluster
                0x02009714                _FAT_fat_linkFreeClusterCleared
                0x02009784                _FAT_fat_clearLinks
                0x020097e0                _FAT_fat_trimChain
                0x02009868                _FAT_fat_lastCluster
                0x0200989c                _FAT_fat_freeClusterCount
 .text          0x020098c8       0xb8 c:/devkitPro/libnds/lib\libfat.a(filetime.o)
                0x020098c8                _FAT_filetime_getTimeFromRTC
                0x02009908                _FAT_filetime_getDateFromRTC
                0x02009948                _FAT_filetime_to_time_t
 .text          0x02009980       0x10 c:/devkitPro/libnds/lib\libfat.a(lock.o)
                0x02009980                _FAT_lock_init
                0x02009984                _FAT_lock_deinit
                0x02009988                _FAT_lock
                0x0200998c                _FAT_unlock
 .text          0x02009990      0xa4c c:/devkitPro/libnds/lib\libnds9.a(console.o)
                0x02009a30                nocash_write
                0x02009a40                consoleGetDefault
                0x02009a4c                consoleSelect
                0x02009a5c                consoleDebugInit
                0x02009aac                consolePrintChar
                0x02009c78                consoleLoadFont
                0x02009f00                consoleSetFont
                0x02009f20                consoleInit
                0x0200a088                consoleDemoInit
                0x0200a0cc                con_write
                0x0200a3a8                consoleClear
                0x0200a3b8                consoleSetWindow
 .text          0x0200a3dc       0xf4 c:/devkitPro/libnds/lib\libnds9.a(keys.o)
                0x0200a3dc                scanKeys
                0x0200a448                keysHeld
                0x0200a454                keysDown
                0x0200a464                keysDownRepeat
                0x0200a474                keysSetRepeat
                0x0200a48c                keysUp
                0x0200a49c                keysCurrent
 .text          0x0200a4d0      0x3f4 c:/devkitPro/libnds/lib\libnds9.a(sprite.o)
                0x0200a4d0                oamInit
                0x0200a5e4                oamDisable
                0x0200a614                oamEnable
                0x0200a638                oamGetGfxPtr
                0x0200a66c                oamClear
                0x0200a694                oamGfxPtrToOffset
                0x0200a6c8                oamSet
                0x0200a818                oamUpdate
                0x0200a878                oamRotateScale
 .text          0x0200a8c4      0x450 c:/devkitPro/libnds/lib\libnds9.a(sprite_alloc.o)
                0x0200a8f4                oamAllocReset
                0x0200a928                oamAllocateGfx
                0x0200ab2c                oamFreeGfx
                0x0200acc8                oamCountFragments
 .text          0x0200ad14       0x4c c:/devkitPro/libnds/lib\libnds9.a(touch.o)
                0x0200ad14                touchRead
                0x0200ad3c                touchReadXY
 .text          0x0200ad60      0x244 c:/devkitPro/libnds/lib\libnds9.a(trig.o)
                0x0200ad60                asinComp
                0x0200ad88                sinLutLookup
                0x0200adc4                sinLerp
                0x0200adfc                cosLerp
                0x0200ae10                tanLutLookup
                0x0200ae48                tanLerp
                0x0200aeec                asinLerp
                0x0200af68                acosLerp
                0x0200af7c                atanComp
 .text          0x0200afa4      0x1f8 c:/devkitPro/libnds/lib\libnds9.a(video.o)
                0x0200afa4                vramSetPrimaryBanks
                0x0200afe8                vramSetMainBanks
                0x0200b02c                vramSetBanks_EFG
                0x0200b064                vramRestorePrimaryBanks
                0x0200b070                vramRestoreMainBanks
                0x0200b07c                vramRestoreBanks_EFG
                0x0200b088                setBrightness
                0x0200b0c8                vramDefault
 .text          0x0200b19c      0x238 c:/devkitPro/libnds/lib\libnds9.a(dldi.o)
                0x0200b19c                dldiGetInternal
                0x0200b1d4                dldiIsValid
                0x0200b20c                dldiFixDriverAddresses
                0x0200b2e4                dldiLoadFromFile
                0x0200b3c8                dldiFree
 .text          0x0200b3d4      0x148 c:/devkitPro/libnds/lib\libnds9.a(dsi_sd.o)
                0x0200b3d4                sdio_ClearStatus
                0x0200b3e4                sdio_Shutdown
                0x0200b3f4                sdio_WriteSectors
                0x0200b448                sdio_ReadSectors
                0x0200b49c                sdio_IsInserted
                0x0200b4d0                sdio_Startup
 .text          0x0200b51c      0x140 c:/devkitPro/libnds/lib\libnds9.a(initSystem.o)
                0x0200b51c                initSystem
 .text          0x0200b65c      0x23c c:/devkitPro/libnds/lib\libnds9.a(card.o)
                0x0200b65c                cardWriteCommand
                0x0200b680                cardPolledTransfer
                0x0200b6d0                cardStartTransfer
                0x0200b72c                cardWriteAndRead
                0x0200b770                cardParamCommand
                0x0200b7a0                cardReadID
                0x0200b7c8                cardReset
                0x0200b83c                cardReadHeader
 .text          0x0200b898      0xc58 c:/devkitPro/libnds/lib\libnds9.a(fifosystem.o)
                0x0200baec                fifoSendAddress
                0x0200bb18                fifoSendValue32
                0x0200bb58                fifoSendDatamsg
                0x0200bbc8                fifoGetAddress
                0x0200bc40                fifoSetAddressHandler
                0x0200bcb4                fifoGetValue32
                0x0200bd28                fifoSetValue32Handler
                0x0200bd9c                fifoGetDatamsg
                0x0200c220                fifoSetDatamsgHandler
                0x0200c2b8                fifoCheckAddress
                0x0200c2dc                fifoCheckDatamsg
                0x0200c300                fifoCheckValue32
                0x0200c324                fifoInit
 .text          0x0200c4f0      0x1ec c:/devkitPro/libnds/lib\libnds9.a(interrupts.o)
                0x0200c4f0                irqDummy
                0x0200c4f4                irqSet
                0x0200c560                irqInit
                0x0200c5ac                irqInitHandler
                0x0200c5dc                irqEnable
                0x0200c640                irqDisable
                0x0200c6a4                irqClear
 .text          0x0200c6dc       0x58 c:/devkitPro/libnds/lib\libnds9.a(libnds_exit.arm.o)
                0x0200c6dc                systemErrorExit
                0x0200c6e0                __libnds_exit
 .text          0x0200c734       0x70 c:/devkitPro/libnds/lib\libnds9.a(dcache.o)
                0x0200c734                DC_FlushAll
                0x0200c760                DC_FlushRange
                0x0200c77c                DC_InvalidateAll
                0x0200c788                DC_InvalidateRange
 *fill*         0x0200c7a4       0x1c ff
 .text          0x0200c7c0     0x8000 c:/devkitPro/libnds/lib\libnds9.a(dldi_stub.o)
                0x0200c7c0                _io_dldi_stub
 .text          0x020147c0      0x1b4 c:/devkitPro/libnds/lib\libnds9.a(mpu_setup.o)
                0x020147c0                __libnds_mpu_setup
                0x02014900                memCached
                0x02014918                memUncached
 *fill*         0x02014974        0xc ff
 .text          0x02014980       0x70 c:/devkitPro/libnds/lib\libnds9.a(biosCalls.o)
                0x02014980                swiDelay
                0x02014984                swiIntrWait
                0x02014988                swiWaitForVBlank
                0x0201498c                swiSleep
                0x02014990                swiChangeSoundBias
                0x02014994                swiDivide
                0x02014998                swiRemainder
                0x0201499e                swiDivMod
                0x020149aa                swiCopy
                0x020149ae                swiFastCopy
                0x020149b2                swiSqrt
                0x020149b6                swiCRC16
                0x020149ba                swiIsDebugger
                0x020149be                swiUnpackBits
                0x020149c2                swiDecompressLZSSWram
                0x020149c6                swiDecompressLZSSVramNTR
                0x020149ca                swiDecompressLZSSVramTWL
                0x020149ce                swiDecompressHuffman
                0x020149d2                swiDecompressRLEWram
                0x020149d6                swiDecompressRLEVram
                0x020149da                swiWaitForIRQ
                0x020149de                swiDecodeDelta8
                0x020149e2                swiDecodeDelta16
                0x020149e6                swiSetHaltCR
 .text          0x020149f0       0xa4 c:/devkitPro/libnds/lib\libnds9.a(debugprint.o)
                0x020149f0                nocashWrite
                0x020149f2                nocashMessage
 .text          0x02014a94        0x0 c:/devkitPro/libnds/lib\libnds9.a(interruptDispatcher.o)
 *fill*         0x02014a94        0xc ff
 .text          0x02014aa0       0x30 c:/devkitPro/libnds/lib\libnds9.a(swiSoftReset.o)
                0x02014aa0                swiSoftReset
 .text          0x02014ad0        0x0 c:/devkitPro/libnds/lib\libnds9.a(default_font.bin.o)
 .text          0x02014ad0      0x2e8 c:/devkitPro/libnds/lib\libnds9.a(background.o)
                0x02014ad0                bgIsText
                0x02014adc                checkIfText
                0x02014b34                bgUpdate
                0x02014c28                bgInit_call
                0x02014cec                bgInitSub_call
 .text          0x02014db8      0x128 c:/devkitPro/libnds/lib\libnds9.a(system.o)
                0x02014db8                setSDcallback
                0x02014dc4                systemMsgHandler
                0x02014e08                systemSleep
                0x02014e20                systemValueHandler
                0x02014e5c                powerOn
                0x02014e88                powerOff
                0x02014eb0                ledBlink
                0x02014ec0                getBatteryLevel
 .text          0x02014ee0      0x11c c:/devkitpro/devkitarm/bin/../lib/gcc/arm-none-eabi/4.7.1/thumb\libgcc.a(_udivsi3.o)
                0x02014ee0                __aeabi_uidiv
                0x02014ee0                __udivsi3
                0x02014fdc                __aeabi_uidivmod
 .text          0x02014ffc      0x150 c:/devkitpro/devkitarm/bin/../lib/gcc/arm-none-eabi/4.7.1/thumb\libgcc.a(_divsi3.o)
                0x02014ffc                __divsi3
                0x02014ffc                __aeabi_idiv
                0x0201512c                __aeabi_idivmod
 .text          0x0201514c        0x4 c:/devkitpro/devkitarm/bin/../lib/gcc/arm-none-eabi/4.7.1/thumb\libgcc.a(_dvmd_tls.o)
                0x0201514c                __aeabi_idiv0
                0x0201514c                __aeabi_ldiv0
 .text          0x02015150       0x4c c:/devkitpro/devkitarm/bin/../lib/gcc/arm-none-eabi/4.7.1/thumb\libgcc.a(_muldi3.o)
                0x02015150                __muldi3
                0x02015150                __aeabi_lmul
 .text          0x0201519c       0x64 c:/devkitpro/devkitarm/bin/../lib/gcc/arm-none-eabi/4.7.1/../../../../arm-none-eabi/lib/thumb\libg.a(lib_a-bsearch.o)
                0x0201519c                bsearch
 .text          0x02015200       0x1c c:/devkitpro/devkitarm/bin/../lib/gcc/arm-none-eabi/4.7.1/../../../../arm-none-eabi/lib/thumb\libg.a(lib_a-calloc.o)
                0x02015200                calloc
 .text          0x0201521c       0x64 c:/devkitpro/devkitarm/bin/../lib/gcc/arm-none-eabi/4.7.1/../../../../arm-none-eabi/lib/thumb\libg.a(lib_a-callocr.o)
                0x0201521c                _calloc_r
 .text          0x02015280       0x10 c:/devkitpro/devkitarm/bin/../lib/gcc/arm-none-eabi/4.7.1/../../../../arm-none-eabi/lib/thumb\libg.a(lib_a-ctype_.o)
                0x02015280                __set_ctype
 .text          0x02015290       0xb0 c:/devkitpro/devkitarm/bin/../lib/gcc/arm-none-eabi/4.7.1/../../../../arm-none-eabi/lib/thumb\libg.a(lib_a-fclose.o)
                0x02015290                _fclose_r
                0x02015324                fclose
 .text          0x02015340      0x1b8 c:/devkitpro/devkitarm/bin/../lib/gcc/arm-none-eabi/4.7.1/../../../../arm-none-eabi/lib/thumb\libg.a(lib_a-fflush.o)
                0x02015340                __sflush_r
                0x02015498                _fflush_r
                0x020154c8                fflush
 .text          0x020154f8      0x1d8 c:/devkitpro/devkitarm/bin/../lib/gcc/arm-none-eabi/4.7.1/../../../../arm-none-eabi/lib/thumb\libg.a(lib_a-findfp.o)
                0x02015500                _cleanup_r
                0x02015560                __sfmoreglue
                0x02015590                _cleanup
                0x020155a4                __sinit
                0x020155f8                __sfp
                0x02015688                __sfp_lock_acquire
                0x0201568c                __sfp_lock_release
                0x02015690                __sinit_lock_acquire
                0x02015694                __sinit_lock_release
                0x02015698                __fp_lock_all
                0x020156b4                __fp_unlock_all
 .text          0x020156d0       0xa8 c:/devkitpro/devkitarm/bin/../lib/gcc/arm-none-eabi/4.7.1/../../../../arm-none-eabi/lib/thumb\libg.a(lib_a-fopen.o)
                0x020156d0                _fopen_r
                0x0201575c                fopen
 .text          0x02015778      0x190 c:/devkitpro/devkitarm/bin/../lib/gcc/arm-none-eabi/4.7.1/../../../../arm-none-eabi/lib/thumb\libg.a(lib_a-fread.o)
                0x02015778                _fread_r
                0x020158e0                fread
 .text          0x02015908      0x238 c:/devkitpro/devkitarm/bin/../lib/gcc/arm-none-eabi/4.7.1/../../../../arm-none-eabi/lib/thumb\libg.a(lib_a-freer.o)
                0x02015908                _malloc_trim_r
                0x020159ac                _free_r
 .text          0x02015b40      0x328 c:/devkitpro/devkitarm/bin/../lib/gcc/arm-none-eabi/4.7.1/../../../../arm-none-eabi/lib/thumb\libg.a(lib_a-fseek.o)
                0x02015b40                _fseek_r
                0x02015e44                fseek
 .text          0x02015e68       0x9c c:/devkitpro/devkitarm/bin/../lib/gcc/arm-none-eabi/4.7.1/../../../../arm-none-eabi/lib/thumb\libg.a(lib_a-ftell.o)
                0x02015e68                _ftell_r
                0x02015ee8                ftell
 .text          0x02015f04       0xb4 c:/devkitpro/devkitarm/bin/../lib/gcc/arm-none-eabi/4.7.1/../../../../arm-none-eabi/lib/thumb\libg.a(lib_a-fwalk.o)
                0x02015f04                _fwalk
                0x02015f58                _fwalk_reent
 .text          0x02015fb8        0x0 c:/devkitpro/devkitarm/bin/../lib/gcc/arm-none-eabi/4.7.1/../../../../arm-none-eabi/lib/thumb\libg.a(lib_a-impure.o)
 .text          0x02015fb8       0x54 c:/devkitpro/devkitarm/bin/../lib/gcc/arm-none-eabi/4.7.1/../../../../arm-none-eabi/lib/thumb\libg.a(lib_a-init.o)
                0x02015fb8                __libc_init_array
 .text          0x0201600c       0x40 c:/devkitpro/devkitarm/bin/../lib/gcc/arm-none-eabi/4.7.1/../../../../arm-none-eabi/lib/thumb\libg.a(lib_a-iprintf.o)
                0x0201600c                iprintf
                0x02016030                _iprintf_r
 .text          0x0201604c       0x10 c:/devkitpro/devkitarm/bin/../lib/gcc/arm-none-eabi/4.7.1/../../../../arm-none-eabi/lib/thumb\libg.a(lib_a-lcltime_r.o)
                0x0201604c                localtime_r
 .text          0x0201605c      0x950 c:/devkitpro/devkitarm/bin/../lib/gcc/arm-none-eabi/4.7.1/../../../../arm-none-eabi/lib/thumb\libg.a(lib_a-locale.o)
                0x02016750                _setlocale_r
                0x0201694c                __locale_charset
                0x02016954                __locale_mb_cur_max
                0x02016960                __locale_msgcharset
                0x0201696c                __locale_cjk_lang
                0x02016978                _localeconv_r
                0x02016984                setlocale
                0x020169a0                localeconv
 .text          0x020169ac       0xe0 c:/devkitpro/devkitarm/bin/../lib/gcc/arm-none-eabi/4.7.1/../../../../arm-none-eabi/lib/thumb\libg.a(lib_a-makebuf.o)
                0x020169ac                __smakebuf_r
 .text          0x02016a8c       0x30 c:/devkitpro/devkitarm/bin/../lib/gcc/arm-none-eabi/4.7.1/../../../../arm-none-eabi/lib/thumb\libg.a(lib_a-malloc.o)
                0x02016a8c                malloc
                0x02016aa4                free
 .text          0x02016abc      0x51c c:/devkitpro/devkitarm/bin/../lib/gcc/arm-none-eabi/4.7.1/../../../../arm-none-eabi/lib/thumb\libg.a(lib_a-mallocr.o)
                0x02016abc                _malloc_r
 .text          0x02016fd8      0x104 c:/devkitpro/devkitarm/bin/../lib/gcc/arm-none-eabi/4.7.1/../../../../arm-none-eabi/lib/thumb\libg.a(lib_a-mbrtowc.o)
                0x02016fd8                _mbrtowc_r
                0x02017050                mbrtowc
 .text          0x020170dc       0x40 c:/devkitpro/devkitarm/bin/../lib/gcc/arm-none-eabi/4.7.1/../../../../arm-none-eabi/lib/thumb\libg.a(lib_a-mbsrtowcs.o)
                0x020170dc                _mbsrtowcs_r
                0x020170f4                mbsrtowcs
 .text          0x0201711c      0x584 c:/devkitpro/devkitarm/bin/../lib/gcc/arm-none-eabi/4.7.1/../../../../arm-none-eabi/lib/thumb\libg.a(lib_a-mbtowc_r.o)
                0x0201711c                __utf8_mbtowc
                0x0201737c                _mbtowc_r
                0x020173b8                __ascii_mbtowc
                0x020173e8                __sjis_mbtowc
                0x020174a8                __eucjp_mbtowc
                0x02017570                __jis_mbtowc
 .text          0x020176a0       0x60 c:/devkitpro/devkitarm/bin/../lib/gcc/arm-none-eabi/4.7.1/../../../../arm-none-eabi/lib/thumb\libg.a(lib_a-memcmp.o)
                0x020176a0                memcmp
 .text          0x02017700       0x90 c:/devkitpro/devkitarm/bin/../lib/gcc/arm-none-eabi/4.7.1/../../../../arm-none-eabi/lib/thumb\libg.a(lib_a-memcpy-stub.o)
                0x02017700                memcpy
 .text          0x02017790       0xb0 c:/devkitpro/devkitarm/bin/../lib/gcc/arm-none-eabi/4.7.1/../../../../arm-none-eabi/lib/thumb\libg.a(lib_a-memmove.o)
                0x02017790                memmove
 .text          0x02017840       0x98 c:/devkitpro/devkitarm/bin/../lib/gcc/arm-none-eabi/4.7.1/../../../../arm-none-eabi/lib/thumb\libg.a(lib_a-memset.o)
                0x02017840                memset
 .text          0x020178d8      0x508 c:/devkitpro/devkitarm/bin/../lib/gcc/arm-none-eabi/4.7.1/../../../../arm-none-eabi/lib/thumb\libg.a(lib_a-mktime.o)
                0x02017aac                mktime
 .text          0x02017de0      0x498 c:/devkitpro/devkitarm/bin/../lib/gcc/arm-none-eabi/4.7.1/../../../../arm-none-eabi/lib/thumb\libg.a(lib_a-mktm_r.o)
                0x02017de0                __tzcalc_limits
                0x02017f7c                _mktm_r
 .text          0x02018278        0x8 c:/devkitpro/devkitarm/bin/../lib/gcc/arm-none-eabi/4.7.1/../../../../arm-none-eabi/lib/thumb\libg.a(lib_a-mlock.o)
                0x02018278                __malloc_lock
                0x0201827c                __malloc_unlock
 .text          0x02018280       0x1c c:/devkitpro/devkitarm/bin/../lib/gcc/arm-none-eabi/4.7.1/../../../../arm-none-eabi/lib/thumb\libg.a(lib_a-realloc.o)
                0x02018280                realloc
 .text          0x0201829c      0x3e8 c:/devkitpro/devkitarm/bin/../lib/gcc/arm-none-eabi/4.7.1/../../../../arm-none-eabi/lib/thumb\libg.a(lib_a-reallocr.o)
                0x0201829c                _realloc_r
 .text          0x02018684      0x144 c:/devkitpro/devkitarm/bin/../lib/gcc/arm-none-eabi/4.7.1/../../../../arm-none-eabi/lib/thumb\libg.a(lib_a-refill.o)
                0x020186a4                __srefill_r
 .text          0x020187c8       0x34 c:/devkitpro/devkitarm/bin/../lib/gcc/arm-none-eabi/4.7.1/../../../../arm-none-eabi/lib/thumb\libg.a(lib_a-rewind.o)
                0x020187c8                _rewind_r
                0x020187e4                rewind
 .text          0x020187fc      0x120 c:/devkitpro/devkitarm/bin/../lib/gcc/arm-none-eabi/4.7.1/../../../../arm-none-eabi/lib/thumb\libg.a(lib_a-setvbuf.o)
                0x020187fc                setvbuf
 .text          0x0201891c       0xa0 c:/devkitpro/devkitarm/bin/../lib/gcc/arm-none-eabi/4.7.1/../../../../arm-none-eabi/lib/thumb\libg.a(lib_a-siscanf.o)
                0x0201891c                siscanf
                0x0201896c                _siscanf_r
 .text          0x020189bc       0x84 c:/devkitpro/devkitarm/bin/../lib/gcc/arm-none-eabi/4.7.1/../../../../arm-none-eabi/lib/thumb\libg.a(lib_a-sprintf.o)
                0x020189bc                _sprintf_r
                0x020189fc                sprintf
 .text          0x02018a40       0xac c:/devkitpro/devkitarm/bin/../lib/gcc/arm-none-eabi/4.7.1/../../../../arm-none-eabi/lib/thumb\libg.a(lib_a-stdio.o)
                0x02018a40                __sread
                0x02018a6c                __seofread
                0x02018a70                __swrite
                0x02018aac                __sseek
                0x02018adc                __sclose
 .text          0x02018aec       0x48 c:/devkitpro/devkitarm/bin/../lib/gcc/arm-none-eabi/4.7.1/../../../../arm-none-eabi/lib/thumb\libg.a(lib_a-stpcpy.o)
                0x02018aec                stpcpy
 .text          0x02018b34       0x50 c:/devkitpro/devkitarm/bin/../lib/gcc/arm-none-eabi/4.7.1/../../../../arm-none-eabi/lib/thumb\libg.a(lib_a-strcasecmp.o)
                0x02018b34                strcasecmp
 .text          0x02018b84       0x50 c:/devkitpro/devkitarm/bin/../lib/gcc/arm-none-eabi/4.7.1/../../../../arm-none-eabi/lib/thumb\libg.a(lib_a-strcat.o)
                0x02018b84                strcat
 .text          0x02018bd4       0xd4 c:/devkitpro/devkitarm/bin/../lib/gcc/arm-none-eabi/4.7.1/../../../../arm-none-eabi/lib/thumb\libg.a(lib_a-strchr.o)
                0x02018bd4                strchr
 .text          0x02018ca8       0x14 c:/devkitpro/devkitarm/bin/../lib/gcc/arm-none-eabi/4.7.1/../../../../arm-none-eabi/lib/thumb\libg.a(lib_a-strcmp.o)
                0x02018ca8                strcmp
 .text          0x02018cbc       0x10 c:/devkitpro/devkitarm/bin/../lib/gcc/arm-none-eabi/4.7.1/../../../../arm-none-eabi/lib/thumb\libg.a(lib_a-strcpy.o)
                0x02018cbc                strcpy
 .text          0x02018ccc       0x48 c:/devkitpro/devkitarm/bin/../lib/gcc/arm-none-eabi/4.7.1/../../../../arm-none-eabi/lib/thumb\libg.a(lib_a-strlcpy.o)
                0x02018ccc                strlcpy
 .text          0x02018d14       0x10 c:/devkitpro/devkitarm/bin/../lib/gcc/arm-none-eabi/4.7.1/../../../../arm-none-eabi/lib/thumb\libg.a(lib_a-strlen.o)
                0x02018d14                strlen
 .text          0x02018d24       0x60 c:/devkitpro/devkitarm/bin/../lib/gcc/arm-none-eabi/4.7.1/../../../../arm-none-eabi/lib/thumb\libg.a(lib_a-strncasecmp.o)
                0x02018d24                strncasecmp
 .text          0x02018d84       0xbc c:/devkitpro/devkitarm/bin/../lib/gcc/arm-none-eabi/4.7.1/../../../../arm-none-eabi/lib/thumb\libg.a(lib_a-strncmp.o)
                0x02018d84                strncmp
 .text          0x02018e40       0x60 c:/devkitpro/devkitarm/bin/../lib/gcc/arm-none-eabi/4.7.1/../../../../arm-none-eabi/lib/thumb\libg.a(lib_a-strncpy.o)
                0x02018e40                strncpy
 .text          0x02018ea0       0x34 c:/devkitpro/devkitarm/bin/../lib/gcc/arm-none-eabi/4.7.1/../../../../arm-none-eabi/lib/thumb\libg.a(lib_a-strnlen.o)
                0x02018ea0                strnlen
 .text          0x02018ed4       0x50 c:/devkitpro/devkitarm/bin/../lib/gcc/arm-none-eabi/4.7.1/../../../../arm-none-eabi/lib/thumb\libg.a(lib_a-strpbrk.o)
                0x02018ed4                strpbrk
 .text          0x02018f24       0x2c c:/devkitpro/devkitarm/bin/../lib/gcc/arm-none-eabi/4.7.1/../../../../arm-none-eabi/lib/thumb\libg.a(lib_a-strrchr.o)
                0x02018f24                strrchr
 .text          0x02018f50      0x190 c:/devkitpro/devkitarm/bin/../lib/gcc/arm-none-eabi/4.7.1/../../../../arm-none-eabi/lib/thumb\libg.a(lib_a-strtol.o)
                0x02018f50                _strtol_r
                0x020190c0                strtol
 .text          0x020190e0      0xa98 c:/devkitpro/devkitarm/bin/../lib/gcc/arm-none-eabi/4.7.1/../../../../arm-none-eabi/lib/thumb\libg.a(lib_a-svfiscanf.o)
                0x020190e0                _sungetc_r
                0x02019168                __ssrefill_r
                0x020191ac                _sfread_r
                0x02019238                __ssvfiscanf_r
 .text          0x02019b78     0x1728 c:/devkitpro/devkitarm/bin/../lib/gcc/arm-none-eabi/4.7.1/../../../../arm-none-eabi/lib/thumb\libg.a(lib_a-svfprintf.o)
                0x02019b78                _svfprintf_r
 .text          0x0201b2a0       0x18 c:/devkitpro/devkitarm/bin/../lib/gcc/arm-none-eabi/4.7.1/../../../../arm-none-eabi/lib/thumb\libg.a(lib_a-sysclose.o)
                0x0201b2a0                close
 .text          0x0201b2b8       0x20 c:/devkitpro/devkitarm/bin/../lib/gcc/arm-none-eabi/4.7.1/../../../../arm-none-eabi/lib/thumb\libg.a(lib_a-syslseek.o)
                0x0201b2b8                lseek
 .text          0x0201b2d8       0x24 c:/devkitpro/devkitarm/bin/../lib/gcc/arm-none-eabi/4.7.1/../../../../arm-none-eabi/lib/thumb\libg.a(lib_a-sysopen.o)
                0x0201b2d8                open
 .text          0x0201b2fc       0x20 c:/devkitpro/devkitarm/bin/../lib/gcc/arm-none-eabi/4.7.1/../../../../arm-none-eabi/lib/thumb\libg.a(lib_a-sysread.o)
                0x0201b2fc                read
 .text          0x0201b31c       0x30 c:/devkitpro/devkitarm/bin/../lib/gcc/arm-none-eabi/4.7.1/../../../../arm-none-eabi/lib/thumb\libg.a(lib_a-time.o)
                0x0201b31c                time
 .text          0x0201b34c      0x730 c:/devkitpro/devkitarm/bin/../lib/gcc/arm-none-eabi/4.7.1/../../../../arm-none-eabi/lib/thumb\libg.a(lib_a-towlower.o)
                0x0201b34c                towlower
 .text          0x0201ba7c      0x9dc c:/devkitpro/devkitarm/bin/../lib/gcc/arm-none-eabi/4.7.1/../../../../arm-none-eabi/lib/thumb\libg.a(lib_a-towupper.o)
                0x0201ba7c                towupper
 .text          0x0201c458        0x8 c:/devkitpro/devkitarm/bin/../lib/gcc/arm-none-eabi/4.7.1/../../../../arm-none-eabi/lib/thumb\libg.a(lib_a-tzlock.o)
                0x0201c458                __tz_lock
                0x0201c45c                __tz_unlock
 .text          0x0201c460        0x0 c:/devkitpro/devkitarm/bin/../lib/gcc/arm-none-eabi/4.7.1/../../../../arm-none-eabi/lib/thumb\libg.a(lib_a-tzvars.o)
 .text          0x0201c460      0x188 c:/devkitpro/devkitarm/bin/../lib/gcc/arm-none-eabi/4.7.1/../../../../arm-none-eabi/lib/thumb\libg.a(lib_a-ungetc.o)
                0x0201c460                __submore
                0x0201c4e8                _ungetc_r
                0x0201c5cc                ungetc
 .text          0x0201c5e8      0xed4 c:/devkitpro/devkitarm/bin/../lib/gcc/arm-none-eabi/4.7.1/../../../../arm-none-eabi/lib/thumb\libg.a(lib_a-vfiprintf.o)
                0x0201c5e8                __sprint_r
                0x0201c66c                _vfiprintf_r
                0x0201d498                vfiprintf
 .text          0x0201d4bc       0xe8 c:/devkitpro/devkitarm/bin/../lib/gcc/arm-none-eabi/4.7.1/../../../../arm-none-eabi/lib/thumb\libg.a(lib_a-wcrtomb.o)
                0x0201d4bc                _wcrtomb_r
                0x0201d524                wcrtomb
 .text          0x0201d5a4       0x40 c:/devkitpro/devkitarm/bin/../lib/gcc/arm-none-eabi/4.7.1/../../../../arm-none-eabi/lib/thumb\libg.a(lib_a-wcsrtombs.o)
                0x0201d5a4                _wcsrtombs_r
                0x0201d5bc                wcsrtombs
 .text          0x0201d5e4       0x54 c:/devkitpro/devkitarm/bin/../lib/gcc/arm-none-eabi/4.7.1/../../../../arm-none-eabi/lib/thumb\libg.a(lib_a-wctob.o)
                0x0201d5e4                wctob
 .text          0x0201d638      0x2a4 c:/devkitpro/devkitarm/bin/../lib/gcc/arm-none-eabi/4.7.1/../../../../arm-none-eabi/lib/thumb\libg.a(lib_a-wctomb_r.o)
                0x0201d638                __utf8_wctomb
                0x0201d6ec                _wctomb_r
                0x0201d724                __ascii_wctomb
                0x0201d744                __sjis_wctomb
                0x0201d7c0                __eucjp_wctomb
                0x0201d85c                __jis_wctomb
 .text          0x0201d8dc       0xd0 c:/devkitpro/devkitarm/bin/../lib/gcc/arm-none-eabi/4.7.1/../../../../arm-none-eabi/lib/thumb\libg.a(lib_a-wsetup.o)
                0x0201d8dc                __swsetup_r
 .text          0x0201d9ac       0x40 c:/devkitpro/devkitarm/bin/../lib/gcc/arm-none-eabi/4.7.1/../../../../arm-none-eabi/lib/thumb\libg.a(lib_a-div.o)
                0x0201d9ac                div
 *fill*         0x0201d9ec        0x4 ff
 .text          0x0201d9f0     0x10a0 c:/devkitpro/devkitarm/bin/../lib/gcc/arm-none-eabi/4.7.1/../../../../arm-none-eabi/lib/thumb\libg.a(lib_a-dtoa.o)
                0x0201db48                _dtoa_r
 .text          0x0201ea90       0x70 c:/devkitpro/devkitarm/bin/../lib/gcc/arm-none-eabi/4.7.1/../../../../arm-none-eabi/lib/thumb\libg.a(lib_a-flags.o)
                0x0201ea90                __sflags
 .text          0x0201eb00      0x104 c:/devkitpro/devkitarm/bin/../lib/gcc/arm-none-eabi/4.7.1/../../../../arm-none-eabi/lib/thumb\libg.a(lib_a-fputwc.o)
                0x0201eb00                _fputwc_r
                0x0201ebd8                fputwc
 .text          0x0201ec04      0x2fc c:/devkitpro/devkitarm/bin/../lib/gcc/arm-none-eabi/4.7.1/../../../../arm-none-eabi/lib/thumb\libg.a(lib_a-fvwrite.o)
                0x0201ec04                __sfvwrite_r
 .text          0x0201ef00       0xa8 c:/devkitpro/devkitarm/bin/../lib/gcc/arm-none-eabi/4.7.1/../../../../arm-none-eabi/lib/thumb\libg.a(lib_a-getenv_r.o)
                0x0201ef00                _findenv_r
                0x0201ef98                _getenv_r
 .text          0x0201efa8        0x8 c:/devkitpro/devkitarm/bin/../lib/gcc/arm-none-eabi/4.7.1/../../../../arm-none-eabi/lib/thumb\libg.a(lib_a-gettzinfo.o)
                0x0201efa8                __gettzinfo
 .text          0x0201efb0       0x78 c:/devkitpro/devkitarm/bin/../lib/gcc/arm-none-eabi/4.7.1/../../../../arm-none-eabi/lib/thumb\libg.a(lib_a-iswspace.o)
                0x0201efb0                iswspace
 .text          0x0201f028      0x1f0 c:/devkitpro/devkitarm/bin/../lib/gcc/arm-none-eabi/4.7.1/../../../../arm-none-eabi/lib/thumb\libg.a(lib_a-jp2uc.o)
                0x0201f1b4                _jp2uc
 .text          0x0201f218       0xe8 c:/devkitpro/devkitarm/bin/../lib/gcc/arm-none-eabi/4.7.1/../../../../arm-none-eabi/lib/thumb\libg.a(lib_a-mbsnrtowcs.o)
                0x0201f218                _mbsnrtowcs_r
                0x0201f2d4                mbsnrtowcs
 .text          0x0201f300       0x98 c:/devkitpro/devkitarm/bin/../lib/gcc/arm-none-eabi/4.7.1/../../../../arm-none-eabi/lib/thumb\libg.a(lib_a-memchr-stub.o)
                0x0201f300                memchr
 .text          0x0201f398      0x978 c:/devkitpro/devkitarm/bin/../lib/gcc/arm-none-eabi/4.7.1/../../../../arm-none-eabi/lib/thumb\libg.a(lib_a-mprec.o)
                0x0201f398                _Balloc
                0x0201f3ec                _Bfree
                0x0201f404                __multadd
                0x0201f4b0                __s2b
                0x0201f54c                __hi0bits
                0x0201f584                __lo0bits
                0x0201f5e4                __i2b
                0x0201f5fc                __multiply
                0x0201f760                __pow5mult
                0x0201f810                __lshift
                0x0201f8e0                __mcmp
                0x0201f91c                __mdiff
                0x0201fa0c                __ulp
                0x0201fa54                __b2d
                0x0201faf8                __d2b
                0x0201fbb0                __ratio
                0x0201fc2c                _mprec_log10
                0x0201fc6c                __copybits
                0x0201fcb4                __any_on
 .text          0x0201fd10       0x7c c:/devkitpro/devkitarm/bin/../lib/gcc/arm-none-eabi/4.7.1/../../../../arm-none-eabi/lib/thumb\libg.a(lib_a-sccl.o)
                0x0201fd10                __sccl
 .text          0x0201fd8c       0x5c c:/devkitpro/devkitarm/bin/../lib/gcc/arm-none-eabi/4.7.1/../../../../arm-none-eabi/lib/thumb\libg.a(lib_a-s_fpclassify.o)
                0x0201fd8c                __fpclassifyd
 .text          0x0201fde8      0x208 c:/devkitpro/devkitarm/bin/../lib/gcc/arm-none-eabi/4.7.1/../../../../arm-none-eabi/lib/thumb\libg.a(lib_a-strtoll_r.o)
                0x0201fde8                _strtoll_r
 .text          0x0201fff0      0x238 c:/devkitpro/devkitarm/bin/../lib/gcc/arm-none-eabi/4.7.1/../../../../arm-none-eabi/lib/thumb\libg.a(lib_a-strtoull_r.o)
                0x0201fff0                _strtoull_r
 .text          0x02020228      0x198 c:/devkitpro/devkitarm/bin/../lib/gcc/arm-none-eabi/4.7.1/../../../../arm-none-eabi/lib/thumb\libg.a(lib_a-strtoul.o)
                0x02020228                _strtoul_r
                0x020203a0                strtoul
 .text          0x020203c0      0xeb4 c:/devkitpro/devkitarm/bin/../lib/gcc/arm-none-eabi/4.7.1/../../../../arm-none-eabi/lib/thumb\libg.a(lib_a-svfiprintf.o)
                0x020203c0                __ssprint_r
                0x020204f0                _svfiprintf_r
 .text          0x02021274       0xd0 c:/devkitpro/devkitarm/bin/../lib/gcc/arm-none-eabi/4.7.1/../../../../arm-none-eabi/lib/thumb\libg.a(lib_a-wbuf.o)
                0x02021274                __swbuf_r
                0x02021328                __swbuf
 .text          0x02021344      0x150 c:/devkitpro/devkitarm/bin/../lib/gcc/arm-none-eabi/4.7.1/../../../../arm-none-eabi/lib/thumb\libg.a(lib_a-wcsnrtombs.o)
                0x02021344                _wcsnrtombs_r
                0x02021464                wcsnrtombs
 .text          0x02021494        0x0 c:/devkitpro/devkitarm/bin/../lib/gcc/arm-none-eabi/4.7.1/../../../../arm-none-eabi/lib/thumb\libg.a(lib_a-environ.o)
 .text          0x02021494        0x8 c:/devkitpro/devkitarm/bin/../lib/gcc/arm-none-eabi/4.7.1/../../../../arm-none-eabi/lib/thumb\libg.a(lib_a-envlock.o)
                0x02021494                __env_lock
                0x02021498                __env_unlock
 .text          0x0202149c      0x144 c:/devkitpro/devkitarm/bin/../lib/gcc/arm-none-eabi/4.7.1/../../../../arm-none-eabi/lib/thumb\libsysbase.a(iosupport.o)
                0x0202149c                setDefaultDevice
                0x020214b0                FindDevice
                0x02021520                RemoveDevice
                0x02021544                AddDevice
                0x020215c0                GetDeviceOpTab
 .text          0x020215e0       0x50 c:/devkitpro/devkitarm/bin/../lib/gcc/arm-none-eabi/4.7.1/../../../../arm-none-eabi/lib/thumb\libsysbase.a(close.o)
                0x020215e0                _close_r
 .text          0x02021630       0x50 c:/devkitpro/devkitarm/bin/../lib/gcc/arm-none-eabi/4.7.1/../../../../arm-none-eabi/lib/thumb\libsysbase.a(fstat.o)
                0x02021630                _fstat_r
 .text          0x02021680        0x4 c:/devkitpro/devkitarm/bin/../lib/gcc/arm-none-eabi/4.7.1/../../../../arm-none-eabi/lib/thumb\libsysbase.a(isatty.o)
                0x02021680                _isatty_r
 .text          0x02021684       0x50 c:/devkitpro/devkitarm/bin/../lib/gcc/arm-none-eabi/4.7.1/../../../../arm-none-eabi/lib/thumb\libsysbase.a(lseek.o)
                0x02021684                _lseek_r
 .text          0x020216d4       0xa0 c:/devkitpro/devkitarm/bin/../lib/gcc/arm-none-eabi/4.7.1/../../../../arm-none-eabi/lib/thumb\libsysbase.a(open.o)
                0x020216d4                _open_r
 .text          0x02021774       0x50 c:/devkitpro/devkitarm/bin/../lib/gcc/arm-none-eabi/4.7.1/../../../../arm-none-eabi/lib/thumb\libsysbase.a(read.o)
                0x02021774                _read_r
 .text          0x020217c4       0x54 c:/devkitpro/devkitarm/bin/../lib/gcc/arm-none-eabi/4.7.1/../../../../arm-none-eabi/lib/thumb\libsysbase.a(sbrk.o)
                0x020217c4                _sbrk_r
 .text          0x02021818       0x44 c:/devkitpro/devkitarm/bin/../lib/gcc/arm-none-eabi/4.7.1/../../../../arm-none-eabi/lib/thumb\libsysbase.a(times.o)
                0x02021818                _times
                0x0202182c                _times_r
                0x02021834                _gettimeofday_r
 .text          0x0202185c       0x58 c:/devkitpro/devkitarm/bin/../lib/gcc/arm-none-eabi/4.7.1/../../../../arm-none-eabi/lib/thumb\libsysbase.a(write.o)
                0x0202185c                _write_r
 .text          0x020218b4        0x0 c:/devkitpro/devkitarm/bin/../lib/gcc/arm-none-eabi/4.7.1/../../../../arm-none-eabi/lib/thumb\libsysbase.a(malloc_vars.o)
 .text          0x020218b4      0x24c c:/devkitpro/devkitarm/bin/../lib/gcc/arm-none-eabi/4.7.1/../../../../arm-none-eabi/lib/thumb\libsysbase.a(chdir.o)
                0x020218b4                _concatenate_path
                0x020219d0                chdir
                0x02021ab0                getcwd
 .text          0x02021b00       0x4c c:/devkitpro/devkitarm/bin/../lib/gcc/arm-none-eabi/4.7.1/../../../../arm-none-eabi/lib/thumb\libsysbase.a(build_argv.o)
                0x02021b00                build_argv
 .text          0x02021b4c        0x0 c:/devkitpro/devkitarm/bin/../lib/gcc/arm-none-eabi/4.7.1/../../../../arm-none-eabi/lib/thumb\libsysbase.a(syscall_support.o)
 .text          0x02021b4c       0x84 c:/devkitpro/devkitarm/bin/../lib/gcc/arm-none-eabi/4.7.1/../../../../arm-none-eabi/lib/thumb\libsysbase.a(handle_manager.o)
                0x02021b4c                __release_handle
                0x02021b78                __alloc_handle
                0x02021bb0                __get_handle
 .text          0x02021bd0      0x41c c:/devkitpro/devkitarm/bin/../lib/gcc/arm-none-eabi/4.7.1/thumb\libgcc.a(_arm_addsubdf3.o)
                0x02021bd0                __aeabi_drsub
                0x02021bd8                __aeabi_dsub
                0x02021bd8                __subdf3
                0x02021bdc                __aeabi_dadd
                0x02021bdc                __adddf3
                0x02021eec                __floatunsidf
                0x02021eec                __aeabi_ui2d
                0x02021f10                __floatsidf
                0x02021f10                __aeabi_i2d
                0x02021f38                __aeabi_f2d
                0x02021f38                __extendsfdf2
                0x02021f78                __floatundidf
                0x02021f78                __aeabi_ul2d
                0x02021f8c                __floatdidf
                0x02021f8c                __aeabi_l2d
 .text          0x02021fec      0x49c c:/devkitpro/devkitarm/bin/../lib/gcc/arm-none-eabi/4.7.1/thumb\libgcc.a(_arm_muldivdf3.o)
                0x02021fec                __aeabi_dmul
                0x02021fec                __muldf3
                0x0202227c                __divdf3
                0x0202227c                __aeabi_ddiv
 .text          0x02022488      0x144 c:/devkitpro/devkitarm/bin/../lib/gcc/arm-none-eabi/4.7.1/thumb\libgcc.a(_arm_cmpdf2.o)
                0x02022488                __gtdf2
                0x02022488                __gedf2
                0x02022490                __ltdf2
                0x02022490                __ledf2
                0x02022498                __nedf2
                0x02022498                __eqdf2
                0x02022498                __cmpdf2
                0x02022520                __aeabi_cdrcmple
                0x0202253c                __aeabi_cdcmpeq
                0x0202253c                __aeabi_cdcmple
                0x02022554                __aeabi_dcmpeq
                0x0202256c                __aeabi_dcmplt
                0x02022584                __aeabi_dcmple
                0x0202259c                __aeabi_dcmpge
                0x020225b4                __aeabi_dcmpgt
 .text          0x020225cc       0x5c c:/devkitpro/devkitarm/bin/../lib/gcc/arm-none-eabi/4.7.1/thumb\libgcc.a(_arm_fixdfsi.o)
                0x020225cc                __aeabi_d2iz
                0x020225cc                __fixdfsi
 .text          0x02022628       0x3c c:/devkitpro/devkitarm/bin/../lib/gcc/arm-none-eabi/4.7.1/thumb\libgcc.a(_aeabi_uldivmod.o)
                0x02022628                __aeabi_uldivmod
 .text          0x02022664       0x7c c:/devkitpro/devkitarm/bin/../lib/gcc/arm-none-eabi/4.7.1/thumb\libgcc.a(bpabi.o)
                0x02022664                __gnu_ldivmod_helper
                0x020226a4                __gnu_uldivmod_helper
 .text          0x020226e0      0x3d4 c:/devkitpro/devkitarm/bin/../lib/gcc/arm-none-eabi/4.7.1/thumb\libgcc.a(_divdi3.o)
                0x020226e0                __divdi3
 .text          0x02022ab4      0x3a0 c:/devkitpro/devkitarm/bin/../lib/gcc/arm-none-eabi/4.7.1/thumb\libgcc.a(_udivdi3.o)
                0x02022ab4                __udivdi3
 .text          0x02022e54       0x48 c:/devkitpro/devkitarm/bin/../lib/gcc/arm-none-eabi/4.7.1/thumb\libgcc.a(_clzsi2.o)
                0x02022e54                __clzsi2
 .text          0x02022e9c        0xc c:/devkitpro/devkitarm/bin/../lib/gcc/arm-none-eabi/4.7.1/../../../../arm-none-eabi/lib/thumb\libg.a(lib_a-errno.o)
                0x02022e9c                __errno
 .text          0x02022ea8        0x0 c:/devkitpro/devkitarm/bin/../lib/gcc/arm-none-eabi/4.7.1/thumb/crtend.o
 .text          0x02022ea8        0x0 c:/devkitpro/devkitarm/bin/../lib/gcc/arm-none-eabi/4.7.1/thumb/crtn.o
 *(.text.*)
 .text.startup  0x02022ea8      0x1cc main.o
                0x02022ea8                main
 *fill*         0x02023074        0x4 ff
 .text.startup.stub
                0x02023078       0xd8 linker stubs
 *(.stub)
 *(.gnu.warning)
 *(.gnu.linkonce.t*)
 *(.glue_7)
 .glue_7        0x00000000        0x0 linker stubs
 *(.glue_7t)
 .glue_7t       0x00000000        0x0 linker stubs
                0x02023150                . = ALIGN (0x4)

.vfp11_veneer   0x02023160        0x0
 .vfp11_veneer  0x00000000        0x0 linker stubs

.v4_bx          0x02023160        0x0
 .v4_bx         0x00000000        0x0 linker stubs

.iplt           0x02023160        0x0
 .iplt          0x00000000        0x0 c:/devkitpro/devkitarm/bin/../lib/gcc/arm-none-eabi/4.7.1/../../../../arm-none-eabi/lib/thumb/ds_arm9_crt0.o

.fini           0x02023160        0xc
 *(.fini)
 .fini          0x02023160        0x4 c:/devkitpro/devkitarm/bin/../lib/gcc/arm-none-eabi/4.7.1/thumb/crti.o
                0x02023160                _fini
 .fini          0x02023164        0x8 c:/devkitpro/devkitarm/bin/../lib/gcc/arm-none-eabi/4.7.1/thumb/crtn.o
                0x0202316c                __text_end = .

.rodata         0x02023170     0x7b24
 *(.rodata)
 .rodata        0x02023170       0x50 c:/Users/Derrick/Desktop/nflib_20120804/nflib/examples/graphics/backbuffer2/nflib/lib\libnflib.a(nf_basic.o)
 .rodata        0x020231c0       0x64 c:/devkitPro/libnds/lib\libfat.a(libfat.o)
 .rodata        0x02023224        0xc c:/devkitPro/libnds/lib\libfat.a(partition.o)
 .rodata        0x02023230       0x54 c:/devkitPro/libnds/lib\libfat.a(directory.o)
 .rodata        0x02023284       0x18 c:/devkitPro/libnds/lib\libfat.a(disc.o)
                0x02023284                _FAT_disc_interfaces
 .rodata        0x0202329c      0x200 c:/devkitPro/libnds/lib\libnds9.a(console.o)
 .rodata        0x0202349c      0x308 c:/devkitPro/libnds/lib\libnds9.a(trig.o)
                0x0202349c                SIN_LUT
                0x020235a0                TAN_LUT
 .rodata        0x020237a4        0xc c:/devkitPro/libnds/lib\libnds9.a(dldi.o)
                0x020237a4                DLDI_MAGIC_STRING_BACKWARDS
                0x020237ac                DLDI_MAGIC_NUMBER
 .rodata        0x020237b0       0x20 c:/devkitPro/libnds/lib\libnds9.a(dsi_sd.o)
                0x020237b0                __io_dsisd
 .rodata        0x020237d0     0x2004 c:/devkitPro/libnds/lib\libnds9.a(default_font.bin.o)
                0x020237d0                default_font_bin
                0x020257d0                default_font_bin_size
                0x020257d0                default_font_bin_end
 .rodata        0x020257d4      0x104 c:/devkitpro/devkitarm/bin/../lib/gcc/arm-none-eabi/4.7.1/../../../../arm-none-eabi/lib/thumb\libg.a(lib_a-ctype_.o)
                0x020257d4                _ctype_
 .rodata        0x020258d8        0x4 c:/devkitpro/devkitarm/bin/../lib/gcc/arm-none-eabi/4.7.1/../../../../arm-none-eabi/lib/thumb\libg.a(lib_a-impure.o)
                0x020258d8                _global_impure_ptr
 .rodata        0x020258dc       0xf0 c:/devkitpro/devkitarm/bin/../lib/gcc/arm-none-eabi/4.7.1/../../../../arm-none-eabi/lib/thumb\libg.a(lib_a-locale.o)
 .rodata        0x020259cc       0xa8 c:/devkitpro/devkitarm/bin/../lib/gcc/arm-none-eabi/4.7.1/../../../../arm-none-eabi/lib/thumb\libg.a(lib_a-mbtowc_r.o)
 .rodata        0x02025a74       0x60 c:/devkitpro/devkitarm/bin/../lib/gcc/arm-none-eabi/4.7.1/../../../../arm-none-eabi/lib/thumb\libg.a(lib_a-mktime.o)
 .rodata        0x02025ad4       0x68 c:/devkitpro/devkitarm/bin/../lib/gcc/arm-none-eabi/4.7.1/../../../../arm-none-eabi/lib/thumb\libg.a(lib_a-mktm_r.o)
 .rodata        0x02025b3c      0x340 c:/devkitpro/devkitarm/bin/../lib/gcc/arm-none-eabi/4.7.1/../../../../arm-none-eabi/lib/thumb\libg.a(lib_a-svfiscanf.o)
 .rodata        0x02025e7c      0x184 c:/devkitpro/devkitarm/bin/../lib/gcc/arm-none-eabi/4.7.1/../../../../arm-none-eabi/lib/thumb\libg.a(lib_a-svfprintf.o)
 .rodata        0x02026000      0x580 c:/devkitpro/devkitarm/bin/../lib/gcc/arm-none-eabi/4.7.1/../../../../arm-none-eabi/lib/thumb\libg.a(lib_a-towlower.o)
 .rodata        0x02026580      0x3e4 c:/devkitpro/devkitarm/bin/../lib/gcc/arm-none-eabi/4.7.1/../../../../arm-none-eabi/lib/thumb\libg.a(lib_a-towupper.o)
 .rodata        0x02026964      0x184 c:/devkitpro/devkitarm/bin/../lib/gcc/arm-none-eabi/4.7.1/../../../../arm-none-eabi/lib/thumb\libg.a(lib_a-vfiprintf.o)
 .rodata        0x02026ae8     0x34f0 c:/devkitpro/devkitarm/bin/../lib/gcc/arm-none-eabi/4.7.1/../../../../arm-none-eabi/lib/thumb\libg.a(lib_a-jp2uc.o)
 .rodata        0x02029fd8      0x128 c:/devkitpro/devkitarm/bin/../lib/gcc/arm-none-eabi/4.7.1/../../../../arm-none-eabi/lib/thumb\libg.a(lib_a-mprec.o)
                0x02029fe8                __mprec_tens
                0x0202a0b0                __mprec_tinytens
                0x0202a0d8                __mprec_bigtens
 .rodata        0x0202a100      0x184 c:/devkitpro/devkitarm/bin/../lib/gcc/arm-none-eabi/4.7.1/../../../../arm-none-eabi/lib/thumb\libg.a(lib_a-svfiprintf.o)
 .rodata        0x0202a284       0x64 c:/devkitpro/devkitarm/bin/../lib/gcc/arm-none-eabi/4.7.1/../../../../arm-none-eabi/lib/thumb\libsysbase.a(iosupport.o)
                0x0202a284                dotab_stdnull
 .rodata        0x0202a2e8        0xc c:/devkitpro/devkitarm/bin/../lib/gcc/arm-none-eabi/4.7.1/../../../../arm-none-eabi/lib/thumb\libsysbase.a(chdir.o)
                0x0202a2e8                DIRECTORY_PARENT
                0x0202a2ec                DIRECTORY_THIS
                0x0202a2f0                DIRECTORY_SEPARATOR
 *all.rodata*(*)
 *(.roda)
 *(.rodata.*)
 .rodata.str1.4
                0x0202a2f4       0x61 main.o
                                 0x64 (size before relaxing)
 *fill*         0x0202a355        0x3 ff
 .rodata.str1.4
                0x0202a358       0x27 c:/Users/Derrick/Desktop/nflib_20120804/nflib/examples/graphics/backbuffer2/nflib/lib\libnflib.a(nf_2d.o)
                                 0x28 (size before relaxing)
 *fill*         0x0202a37f        0x1 ff
 .rodata.str1.4
                0x0202a380      0x613 c:/Users/Derrick/Desktop/nflib_20120804/nflib/examples/graphics/backbuffer2/nflib/lib\libnflib.a(nf_basic.o)
                                0x628 (size before relaxing)
 *fill*         0x0202a993        0x1 ff
 .rodata.str1.4
                0x0202a994       0x5e c:/Users/Derrick/Desktop/nflib_20120804/nflib/examples/graphics/backbuffer2/nflib/lib\libnflib.a(nf_bitmapbg.o)
                                 0x60 (size before relaxing)
 *fill*         0x0202a9f2        0x2 ff
 .rodata.str1.4
                0x0202a9f4       0x54 c:/Users/Derrick/Desktop/nflib_20120804/nflib/examples/graphics/backbuffer2/nflib/lib\libnflib.a(nf_sprite256.o)
                                 0x7c (size before relaxing)
 .rodata.str1.4
                0x0202aa48       0x4c c:/Users/Derrick/Desktop/nflib_20120804/nflib/examples/graphics/backbuffer2/nflib/lib\libnflib.a(nf_tiledbg.o)
                                 0x6c (size before relaxing)
 .rodata.str1.4
                0x0202aa94       0x17 c:/devkitPro/libnds/lib\libfilesystem.a(nitrofs.o)
                                 0x20 (size before relaxing)
 *fill*         0x0202aaab        0x1 ff
 .rodata.str1.4
                0x0202aaac       0x10 c:/devkitPro/libnds/lib\libfat.a(libfat.o)
                                 0x14 (size before relaxing)
 .rodata.str1.4
                0x00000000        0x8 c:/devkitPro/libnds/lib\libfat.a(directory.o)
 .rodata.str1.4
                0x00000000        0x8 c:/devkitPro/libnds/lib\libfat.a(disc.o)
 .rodata.str1.4
                0x0202aabc        0x5 c:/devkitPro/libnds/lib\libfat.a(fatdir.o)
                                  0x8 (size before relaxing)
 *fill*         0x0202aac1        0x3 ff
 .rodata.str1.4
                0x0202aac4       0x49 c:/devkitPro/libnds/lib\libnds9.a(console.o)
                                 0x4c (size before relaxing)
 *fill*         0x0202ab0d        0x3 ff
 .rodata.str1.4
                0x0202ab10        0x2 c:/devkitpro/devkitarm/bin/../lib/gcc/arm-none-eabi/4.7.1/../../../../arm-none-eabi/lib/thumb\libg.a(lib_a-impure.o)
                                  0x4 (size before relaxing)
 *fill*         0x0202ab12        0x2 ff
 .rodata.str1.4
                0x0202ab14      0x120 c:/devkitpro/devkitarm/bin/../lib/gcc/arm-none-eabi/4.7.1/../../../../arm-none-eabi/lib/thumb\libg.a(lib_a-locale.o)
                                0x130 (size before relaxing)
 .rodata.str1.4
                0x00000000        0x4 c:/devkitpro/devkitarm/bin/../lib/gcc/arm-none-eabi/4.7.1/../../../../arm-none-eabi/lib/thumb\libg.a(lib_a-mbrtowc.o)
 .rodata.str1.4
                0x0202ac34       0x42 c:/devkitpro/devkitarm/bin/../lib/gcc/arm-none-eabi/4.7.1/../../../../arm-none-eabi/lib/thumb\libg.a(lib_a-svfprintf.o)
                                 0x44 (size before relaxing)
 *fill*         0x0202ac76        0x2 ff
 .rodata.str1.4
                0x0202ac78        0x4 c:/devkitpro/devkitarm/bin/../lib/gcc/arm-none-eabi/4.7.1/../../../../arm-none-eabi/lib/thumb\libg.a(lib_a-tzvars.o)
 .rodata.str1.4
                0x00000000       0x30 c:/devkitpro/devkitarm/bin/../lib/gcc/arm-none-eabi/4.7.1/../../../../arm-none-eabi/lib/thumb\libg.a(lib_a-vfiprintf.o)
 .rodata.str1.4
                0x0202ac7c       0x10 c:/devkitpro/devkitarm/bin/../lib/gcc/arm-none-eabi/4.7.1/../../../../arm-none-eabi/lib/thumb\libg.a(lib_a-dtoa.o)
                                 0x14 (size before relaxing)
 .rodata.str1.4
                0x00000000       0x14 c:/devkitpro/devkitarm/bin/../lib/gcc/arm-none-eabi/4.7.1/../../../../arm-none-eabi/lib/thumb\libg.a(lib_a-jp2uc.o)
 .rodata.str1.4
                0x00000000       0x30 c:/devkitpro/devkitarm/bin/../lib/gcc/arm-none-eabi/4.7.1/../../../../arm-none-eabi/lib/thumb\libg.a(lib_a-svfiprintf.o)
 .rodata.str1.4
                0x0202ac8c        0x8 c:/devkitpro/devkitarm/bin/../lib/gcc/arm-none-eabi/4.7.1/../../../../arm-none-eabi/lib/thumb\libsysbase.a(iosupport.o)
 *(.gnu.linkonce.r*)
                0x0202ac94                . = ALIGN (0x4)

.rel.dyn        0x0202ac94        0x0
 .rel.iplt      0x00000000        0x0 c:/devkitpro/devkitarm/bin/../lib/gcc/arm-none-eabi/4.7.1/../../../../arm-none-eabi/lib/thumb/ds_arm9_crt0.o

.ARM.extab
 *(.ARM.extab* .gnu.linkonce.armextab.*)
                0x0202ac94                __exidx_start = .

ARM.exidx
 *(.ARM.exidx* .gnu.linkonce.armexidx.*)
                0x0202ac94                __exidx_end = .
                0x0202ac94                . = ALIGN (0x4)
                0x0202ac94                PROVIDE (__preinit_array_start, .)

.preinit_array
 *(.preinit_array)
                0x0202ac94                PROVIDE (__preinit_array_end, .)
                0x0202ac94                PROVIDE (__init_array_start, .)

.init_array     0x0202ac94        0x4
 *(SORT(.init_array.*))
 *(.init_array)
 .init_array    0x0202ac94        0x4 c:/devkitpro/devkitarm/bin/../lib/gcc/arm-none-eabi/4.7.1/thumb/crtbegin.o
                0x0202ac98                PROVIDE (__init_array_end, .)
                0x0202ac98                PROVIDE (__fini_array_start, .)

.fini_array     0x0202ac98        0x4
 *(.fini_array)
 .fini_array    0x0202ac98        0x4 c:/devkitpro/devkitarm/bin/../lib/gcc/arm-none-eabi/4.7.1/thumb/crtbegin.o
 *(SORT(.fini_array.*))
                0x0202ac9c                PROVIDE (__fini_array_end, .)

.ctors          0x0202ac9c        0x0
 *crtbegin.o(.ctors)
 *(EXCLUDE_FILE(*crtend.o) .ctors)
 *(SORT(.ctors.*))
 *(.ctors)
                0x0202ac9c                . = ALIGN (0x4)

.dtors          0x0202ac9c        0x0
 *crtbegin.o(.dtors)
 *(EXCLUDE_FILE(*crtend.o) .dtors)
 *(SORT(.dtors.*))
 *(.dtors)
                0x0202ac9c                . = ALIGN (0x4)

.eh_frame       0x0202ac9c        0x4
 *(.eh_frame)
 .eh_frame      0x0202ac9c        0x0 c:/devkitpro/devkitarm/bin/../lib/gcc/arm-none-eabi/4.7.1/thumb/crtbegin.o
 .eh_frame      0x0202ac9c        0x4 c:/devkitpro/devkitarm/bin/../lib/gcc/arm-none-eabi/4.7.1/thumb/crtend.o
                0x0202aca0                . = ALIGN (0x4)

.gcc_except_table
                0x0202aca0        0x0
 *(.gcc_except_table)
                0x0202aca0                . = ALIGN (0x4)

.jcr            0x0202aca0        0x4
 *(.jcr)
 .jcr           0x0202aca0        0x0 c:/devkitpro/devkitarm/bin/../lib/gcc/arm-none-eabi/4.7.1/thumb/crtbegin.o
 .jcr           0x0202aca0        0x4 c:/devkitpro/devkitarm/bin/../lib/gcc/arm-none-eabi/4.7.1/thumb/crtend.o

.got
 *(.got.plt)
 *(.got)
 *(.rel.got)

.ewram          0x0202aca4        0x0
                0x0202aca4                __ewram_start = ABSOLUTE (.)
 *(.ewram)
 *ewram.*(.text)
                0x0202aca4                . = ALIGN (0x4)

.data           0x0202aca4      0xfd8
                0x0202aca4                __data_start = ABSOLUTE (.)
 *(.data)
 .data          0x0202aca4        0x0 c:/devkitpro/devkitarm/bin/../lib/gcc/arm-none-eabi/4.7.1/../../../../arm-none-eabi/lib/thumb/ds_arm9_crt0.o
 .data          0x0202aca4        0x0 c:/devkitpro/devkitarm/bin/../lib/gcc/arm-none-eabi/4.7.1/thumb/crti.o
 .data          0x0202aca4        0x4 c:/devkitpro/devkitarm/bin/../lib/gcc/arm-none-eabi/4.7.1/thumb/crtbegin.o
                0x0202aca4                __dso_handle
 .data          0x0202aca8        0x0 main.o
 .data          0x0202aca8        0x0 c:/Users/Derrick/Desktop/nflib_20120804/nflib/examples/graphics/backbuffer2/nflib/lib\libnflib.a(nf_2d.o)
 .data          0x0202aca8        0x0 c:/Users/Derrick/Desktop/nflib_20120804/nflib/examples/graphics/backbuffer2/nflib/lib\libnflib.a(nf_basic.o)
 .data          0x0202aca8        0x0 c:/Users/Derrick/Desktop/nflib_20120804/nflib/examples/graphics/backbuffer2/nflib/lib\libnflib.a(nf_bitmapbg.o)
 .data          0x0202aca8        0x0 c:/Users/Derrick/Desktop/nflib_20120804/nflib/examples/graphics/backbuffer2/nflib/lib\libnflib.a(nf_sprite256.o)
 .data          0x0202aca8        0x0 c:/Users/Derrick/Desktop/nflib_20120804/nflib/examples/graphics/backbuffer2/nflib/lib\libnflib.a(nf_tiledbg.o)
 .data          0x0202aca8       0x70 c:/devkitPro/libnds/lib\libfilesystem.a(nitrofs.o)
                0x0202acac                syspaths
                0x0202acb4                nitroFSdevoptab
 .data          0x0202ad18        0x0 c:/devkitPro/libnds/lib\libfat.a(libfat.o)
 .data          0x0202ad18        0x0 c:/devkitPro/libnds/lib\libfat.a(partition.o)
 .data          0x0202ad18        0x0 c:/devkitPro/libnds/lib\libfat.a(cache.o)
 .data          0x0202ad18        0x0 c:/devkitPro/libnds/lib\libfat.a(directory.o)
 .data          0x0202ad18        0x0 c:/devkitPro/libnds/lib\libfat.a(disc.o)
 .data          0x0202ad18        0x0 c:/devkitPro/libnds/lib\libfat.a(fatdir.o)
 .data          0x0202ad18        0x0 c:/devkitPro/libnds/lib\libfat.a(fatfile.o)
 .data          0x0202ad18        0x0 c:/devkitPro/libnds/lib\libfat.a(file_allocation_table.o)
 .data          0x0202ad18        0x0 c:/devkitPro/libnds/lib\libfat.a(filetime.o)
 .data          0x0202ad18        0x0 c:/devkitPro/libnds/lib\libfat.a(lock.o)
 .data          0x0202ad18       0x64 c:/devkitPro/libnds/lib\libnds9.a(console.o)
                0x0202ad18                currentConsole
                0x0202ad1c                defaultConsole
 .data          0x0202ad7c        0x3 c:/devkitPro/libnds/lib\libnds9.a(keys.o)
 *fill*         0x0202ad7f        0x1 ff
 .data          0x0202ad80       0x30 c:/devkitPro/libnds/lib\libnds9.a(sprite.o)
                0x0202ad80                oamMain
                0x0202ad98                oamSub
 .data          0x0202adb0        0x0 c:/devkitPro/libnds/lib\libnds9.a(sprite_alloc.o)
 .data          0x0202adb0        0x0 c:/devkitPro/libnds/lib\libnds9.a(touch.o)
 .data          0x0202adb0        0x0 c:/devkitPro/libnds/lib\libnds9.a(trig.o)
 .data          0x0202adb0        0x0 c:/devkitPro/libnds/lib\libnds9.a(video.o)
 .data          0x0202adb0        0x4 c:/devkitPro/libnds/lib\libnds9.a(dldi.o)
                0x0202adb0                io_dldi_data
 .data          0x0202adb4        0x0 c:/devkitPro/libnds/lib\libnds9.a(dsi_sd.o)
 .data          0x0202adb4        0x0 c:/devkitPro/libnds/lib\libnds9.a(initSystem.o)
 .data          0x0202adb4        0x0 c:/devkitPro/libnds/lib\libnds9.a(card.o)
 .data          0x0202adb4       0x10 c:/devkitPro/libnds/lib\libnds9.a(fifosystem.o)
                0x0202adb4                fifo_buffer_free
                0x0202adb8                fifo_freewords
                0x0202adbc                fifo_send_queue
                0x0202adc0                fifo_receive_queue
 .data          0x0202adc4        0x0 c:/devkitPro/libnds/lib\libnds9.a(interrupts.o)
 .data          0x0202adc4        0x0 c:/devkitPro/libnds/lib\libnds9.a(libnds_exit.arm.o)
 .data          0x0202adc4        0x0 c:/devkitPro/libnds/lib\libnds9.a(dcache.o)
 .data          0x0202adc4        0x0 c:/devkitPro/libnds/lib\libnds9.a(dldi_stub.o)
 .data          0x0202adc4        0x0 c:/devkitPro/libnds/lib\libnds9.a(mpu_setup.o)
 .data          0x0202adc4        0x0 c:/devkitPro/libnds/lib\libnds9.a(biosCalls.o)
 .data          0x0202adc4        0x0 c:/devkitPro/libnds/lib\libnds9.a(debugprint.o)
 .data          0x0202adc4        0x0 c:/devkitPro/libnds/lib\libnds9.a(interruptDispatcher.o)
 .data          0x0202adc4        0x0 c:/devkitPro/libnds/lib\libnds9.a(swiSoftReset.o)
 .data          0x0202adc4        0x0 c:/devkitPro/libnds/lib\libnds9.a(default_font.bin.o)
 .data          0x0202adc4       0x60 c:/devkitPro/libnds/lib\libnds9.a(background.o)
                0x0202adc4                bgScrollTable
                0x0202ade4                bgTransform
                0x0202ae04                bgControl
 .data          0x0202ae24        0x0 c:/devkitPro/libnds/lib\libnds9.a(system.o)
 .data          0x0202ae24        0x0 c:/devkitpro/devkitarm/bin/../lib/gcc/arm-none-eabi/4.7.1/thumb\libgcc.a(_udivsi3.o)
 .data          0x0202ae24        0x0 c:/devkitpro/devkitarm/bin/../lib/gcc/arm-none-eabi/4.7.1/thumb\libgcc.a(_divsi3.o)
 .data          0x0202ae24        0x0 c:/devkitpro/devkitarm/bin/../lib/gcc/arm-none-eabi/4.7.1/thumb\libgcc.a(_dvmd_tls.o)
 .data          0x0202ae24        0x0 c:/devkitpro/devkitarm/bin/../lib/gcc/arm-none-eabi/4.7.1/thumb\libgcc.a(_muldi3.o)
 .data          0x0202ae24        0x0 c:/devkitpro/devkitarm/bin/../lib/gcc/arm-none-eabi/4.7.1/../../../../arm-none-eabi/lib/thumb\libg.a(lib_a-bsearch.o)
 .data          0x0202ae24        0x0 c:/devkitpro/devkitarm/bin/../lib/gcc/arm-none-eabi/4.7.1/../../../../arm-none-eabi/lib/thumb\libg.a(lib_a-calloc.o)
 .data          0x0202ae24        0x0 c:/devkitpro/devkitarm/bin/../lib/gcc/arm-none-eabi/4.7.1/../../../../arm-none-eabi/lib/thumb\libg.a(lib_a-callocr.o)
 .data          0x0202ae24        0x4 c:/devkitpro/devkitarm/bin/../lib/gcc/arm-none-eabi/4.7.1/../../../../arm-none-eabi/lib/thumb\libg.a(lib_a-ctype_.o)
                0x0202ae24                __ctype_ptr__
 .data          0x0202ae28        0x0 c:/devkitpro/devkitarm/bin/../lib/gcc/arm-none-eabi/4.7.1/../../../../arm-none-eabi/lib/thumb\libg.a(lib_a-fclose.o)
 .data          0x0202ae28        0x0 c:/devkitpro/devkitarm/bin/../lib/gcc/arm-none-eabi/4.7.1/../../../../arm-none-eabi/lib/thumb\libg.a(lib_a-fflush.o)
 .data          0x0202ae28        0x0 c:/devkitpro/devkitarm/bin/../lib/gcc/arm-none-eabi/4.7.1/../../../../arm-none-eabi/lib/thumb\libg.a(lib_a-findfp.o)
 .data          0x0202ae28        0x0 c:/devkitpro/devkitarm/bin/../lib/gcc/arm-none-eabi/4.7.1/../../../../arm-none-eabi/lib/thumb\libg.a(lib_a-fopen.o)
 .data          0x0202ae28        0x0 c:/devkitpro/devkitarm/bin/../lib/gcc/arm-none-eabi/4.7.1/../../../../arm-none-eabi/lib/thumb\libg.a(lib_a-fread.o)
 .data          0x0202ae28        0x0 c:/devkitpro/devkitarm/bin/../lib/gcc/arm-none-eabi/4.7.1/../../../../arm-none-eabi/lib/thumb\libg.a(lib_a-freer.o)
 .data          0x0202ae28        0x0 c:/devkitpro/devkitarm/bin/../lib/gcc/arm-none-eabi/4.7.1/../../../../arm-none-eabi/lib/thumb\libg.a(lib_a-fseek.o)
 .data          0x0202ae28        0x0 c:/devkitpro/devkitarm/bin/../lib/gcc/arm-none-eabi/4.7.1/../../../../arm-none-eabi/lib/thumb\libg.a(lib_a-ftell.o)
 .data          0x0202ae28        0x0 c:/devkitpro/devkitarm/bin/../lib/gcc/arm-none-eabi/4.7.1/../../../../arm-none-eabi/lib/thumb\libg.a(lib_a-fwalk.o)
 .data          0x0202ae28      0x430 c:/devkitpro/devkitarm/bin/../lib/gcc/arm-none-eabi/4.7.1/../../../../arm-none-eabi/lib/thumb\libg.a(lib_a-impure.o)
                0x0202ae28                _impure_ptr
 .data          0x0202b258        0x0 c:/devkitpro/devkitarm/bin/../lib/gcc/arm-none-eabi/4.7.1/../../../../arm-none-eabi/lib/thumb\libg.a(lib_a-init.o)
 .data          0x0202b258        0x0 c:/devkitpro/devkitarm/bin/../lib/gcc/arm-none-eabi/4.7.1/../../../../arm-none-eabi/lib/thumb\libg.a(lib_a-iprintf.o)
 .data          0x0202b258        0x0 c:/devkitpro/devkitarm/bin/../lib/gcc/arm-none-eabi/4.7.1/../../../../arm-none-eabi/lib/thumb\libg.a(lib_a-lcltime_r.o)
 .data          0x0202b258      0x17c c:/devkitpro/devkitarm/bin/../lib/gcc/arm-none-eabi/4.7.1/../../../../arm-none-eabi/lib/thumb\libg.a(lib_a-locale.o)
                0x0202b258                __default_locale
                0x0202b378                __mb_cur_max
 .data          0x0202b3d4        0x0 c:/devkitpro/devkitarm/bin/../lib/gcc/arm-none-eabi/4.7.1/../../../../arm-none-eabi/lib/thumb\libg.a(lib_a-makebuf.o)
 .data          0x0202b3d4        0x0 c:/devkitpro/devkitarm/bin/../lib/gcc/arm-none-eabi/4.7.1/../../../../arm-none-eabi/lib/thumb\libg.a(lib_a-malloc.o)
 .data          0x0202b3d4      0x410 c:/devkitpro/devkitarm/bin/../lib/gcc/arm-none-eabi/4.7.1/../../../../arm-none-eabi/lib/thumb\libg.a(lib_a-mallocr.o)
                0x0202b3d4                __malloc_av_
                0x0202b7dc                __malloc_sbrk_base
                0x0202b7e0                __malloc_trim_threshold
 .data          0x0202b7e4        0x0 c:/devkitpro/devkitarm/bin/../lib/gcc/arm-none-eabi/4.7.1/../../../../arm-none-eabi/lib/thumb\libg.a(lib_a-mbrtowc.o)
 .data          0x0202b7e4        0x0 c:/devkitpro/devkitarm/bin/../lib/gcc/arm-none-eabi/4.7.1/../../../../arm-none-eabi/lib/thumb\libg.a(lib_a-mbsrtowcs.o)
 .data          0x0202b7e4        0x4 c:/devkitpro/devkitarm/bin/../lib/gcc/arm-none-eabi/4.7.1/../../../../arm-none-eabi/lib/thumb\libg.a(lib_a-mbtowc_r.o)
                0x0202b7e4                __mbtowc
 .data          0x0202b7e8        0x0 c:/devkitpro/devkitarm/bin/../lib/gcc/arm-none-eabi/4.7.1/../../../../arm-none-eabi/lib/thumb\libg.a(lib_a-memcmp.o)
 .data          0x0202b7e8        0x0 c:/devkitpro/devkitarm/bin/../lib/gcc/arm-none-eabi/4.7.1/../../../../arm-none-eabi/lib/thumb\libg.a(lib_a-memcpy-stub.o)
 .data          0x0202b7e8        0x0 c:/devkitpro/devkitarm/bin/../lib/gcc/arm-none-eabi/4.7.1/../../../../arm-none-eabi/lib/thumb\libg.a(lib_a-memmove.o)
 .data          0x0202b7e8        0x0 c:/devkitpro/devkitarm/bin/../lib/gcc/arm-none-eabi/4.7.1/../../../../arm-none-eabi/lib/thumb\libg.a(lib_a-memset.o)
 .data          0x0202b7e8        0x0 c:/devkitpro/devkitarm/bin/../lib/gcc/arm-none-eabi/4.7.1/../../../../arm-none-eabi/lib/thumb\libg.a(lib_a-mktime.o)
 .data          0x0202b7e8        0x0 c:/devkitpro/devkitarm/bin/../lib/gcc/arm-none-eabi/4.7.1/../../../../arm-none-eabi/lib/thumb\libg.a(lib_a-mktm_r.o)
 .data          0x0202b7e8        0x0 c:/devkitpro/devkitarm/bin/../lib/gcc/arm-none-eabi/4.7.1/../../../../arm-none-eabi/lib/thumb\libg.a(lib_a-mlock.o)
 .data          0x0202b7e8        0x0 c:/devkitpro/devkitarm/bin/../lib/gcc/arm-none-eabi/4.7.1/../../../../arm-none-eabi/lib/thumb\libg.a(lib_a-realloc.o)
 .data          0x0202b7e8        0x0 c:/devkitpro/devkitarm/bin/../lib/gcc/arm-none-eabi/4.7.1/../../../../arm-none-eabi/lib/thumb\libg.a(lib_a-reallocr.o)
 .data          0x0202b7e8        0x0 c:/devkitpro/devkitarm/bin/../lib/gcc/arm-none-eabi/4.7.1/../../../../arm-none-eabi/lib/thumb\libg.a(lib_a-refill.o)
 .data          0x0202b7e8        0x0 c:/devkitpro/devkitarm/bin/../lib/gcc/arm-none-eabi/4.7.1/../../../../arm-none-eabi/lib/thumb\libg.a(lib_a-rewind.o)
 .data          0x0202b7e8        0x0 c:/devkitpro/devkitarm/bin/../lib/gcc/arm-none-eabi/4.7.1/../../../../arm-none-eabi/lib/thumb\libg.a(lib_a-setvbuf.o)
 .data          0x0202b7e8        0x0 c:/devkitpro/devkitarm/bin/../lib/gcc/arm-none-eabi/4.7.1/../../../../arm-none-eabi/lib/thumb\libg.a(lib_a-siscanf.o)
 .data          0x0202b7e8        0x0 c:/devkitpro/devkitarm/bin/../lib/gcc/arm-none-eabi/4.7.1/../../../../arm-none-eabi/lib/thumb\libg.a(lib_a-sprintf.o)
 .data          0x0202b7e8        0x0 c:/devkitpro/devkitarm/bin/../lib/gcc/arm-none-eabi/4.7.1/../../../../arm-none-eabi/lib/thumb\libg.a(lib_a-stdio.o)
 .data          0x0202b7e8        0x0 c:/devkitpro/devkitarm/bin/../lib/gcc/arm-none-eabi/4.7.1/../../../../arm-none-eabi/lib/thumb\libg.a(lib_a-stpcpy.o)
 .data          0x0202b7e8        0x0 c:/devkitpro/devkitarm/bin/../lib/gcc/arm-none-eabi/4.7.1/../../../../arm-none-eabi/lib/thumb\libg.a(lib_a-strcasecmp.o)
 .data          0x0202b7e8        0x0 c:/devkitpro/devkitarm/bin/../lib/gcc/arm-none-eabi/4.7.1/../../../../arm-none-eabi/lib/thumb\libg.a(lib_a-strcat.o)
 .data          0x0202b7e8        0x0 c:/devkitpro/devkitarm/bin/../lib/gcc/arm-none-eabi/4.7.1/../../../../arm-none-eabi/lib/thumb\libg.a(lib_a-strchr.o)
 .data          0x0202b7e8        0x0 c:/devkitpro/devkitarm/bin/../lib/gcc/arm-none-eabi/4.7.1/../../../../arm-none-eabi/lib/thumb\libg.a(lib_a-strcmp.o)
 .data          0x0202b7e8        0x0 c:/devkitpro/devkitarm/bin/../lib/gcc/arm-none-eabi/4.7.1/../../../../arm-none-eabi/lib/thumb\libg.a(lib_a-strcpy.o)
 .data          0x0202b7e8        0x0 c:/devkitpro/devkitarm/bin/../lib/gcc/arm-none-eabi/4.7.1/../../../../arm-none-eabi/lib/thumb\libg.a(lib_a-strlcpy.o)
 .data          0x0202b7e8        0x0 c:/devkitpro/devkitarm/bin/../lib/gcc/arm-none-eabi/4.7.1/../../../../arm-none-eabi/lib/thumb\libg.a(lib_a-strlen.o)
 .data          0x0202b7e8        0x0 c:/devkitpro/devkitarm/bin/../lib/gcc/arm-none-eabi/4.7.1/../../../../arm-none-eabi/lib/thumb\libg.a(lib_a-strncasecmp.o)
 .data          0x0202b7e8        0x0 c:/devkitpro/devkitarm/bin/../lib/gcc/arm-none-eabi/4.7.1/../../../../arm-none-eabi/lib/thumb\libg.a(lib_a-strncmp.o)
 .data          0x0202b7e8        0x0 c:/devkitpro/devkitarm/bin/../lib/gcc/arm-none-eabi/4.7.1/../../../../arm-none-eabi/lib/thumb\libg.a(lib_a-strncpy.o)
 .data          0x0202b7e8        0x0 c:/devkitpro/devkitarm/bin/../lib/gcc/arm-none-eabi/4.7.1/../../../../arm-none-eabi/lib/thumb\libg.a(lib_a-strnlen.o)
 .data          0x0202b7e8        0x0 c:/devkitpro/devkitarm/bin/../lib/gcc/arm-none-eabi/4.7.1/../../../../arm-none-eabi/lib/thumb\libg.a(lib_a-strpbrk.o)
 .data          0x0202b7e8        0x0 c:/devkitpro/devkitarm/bin/../lib/gcc/arm-none-eabi/4.7.1/../../../../arm-none-eabi/lib/thumb\libg.a(lib_a-strrchr.o)
 .data          0x0202b7e8        0x0 c:/devkitpro/devkitarm/bin/../lib/gcc/arm-none-eabi/4.7.1/../../../../arm-none-eabi/lib/thumb\libg.a(lib_a-strtol.o)
 .data          0x0202b7e8        0x0 c:/devkitpro/devkitarm/bin/../lib/gcc/arm-none-eabi/4.7.1/../../../../arm-none-eabi/lib/thumb\libg.a(lib_a-svfiscanf.o)
 .data          0x0202b7e8        0x0 c:/devkitpro/devkitarm/bin/../lib/gcc/arm-none-eabi/4.7.1/../../../../arm-none-eabi/lib/thumb\libg.a(lib_a-svfprintf.o)
 .data          0x0202b7e8        0x0 c:/devkitpro/devkitarm/bin/../lib/gcc/arm-none-eabi/4.7.1/../../../../arm-none-eabi/lib/thumb\libg.a(lib_a-sysclose.o)
 .data          0x0202b7e8        0x0 c:/devkitpro/devkitarm/bin/../lib/gcc/arm-none-eabi/4.7.1/../../../../arm-none-eabi/lib/thumb\libg.a(lib_a-syslseek.o)
 .data          0x0202b7e8        0x0 c:/devkitpro/devkitarm/bin/../lib/gcc/arm-none-eabi/4.7.1/../../../../arm-none-eabi/lib/thumb\libg.a(lib_a-sysopen.o)
 .data          0x0202b7e8        0x0 c:/devkitpro/devkitarm/bin/../lib/gcc/arm-none-eabi/4.7.1/../../../../arm-none-eabi/lib/thumb\libg.a(lib_a-sysread.o)
 .data          0x0202b7e8        0x0 c:/devkitpro/devkitarm/bin/../lib/gcc/arm-none-eabi/4.7.1/../../../../arm-none-eabi/lib/thumb\libg.a(lib_a-time.o)
 .data          0x0202b7e8        0x0 c:/devkitpro/devkitarm/bin/../lib/gcc/arm-none-eabi/4.7.1/../../../../arm-none-eabi/lib/thumb\libg.a(lib_a-towlower.o)
 .data          0x0202b7e8        0x0 c:/devkitpro/devkitarm/bin/../lib/gcc/arm-none-eabi/4.7.1/../../../../arm-none-eabi/lib/thumb\libg.a(lib_a-towupper.o)
 .data          0x0202b7e8        0x0 c:/devkitpro/devkitarm/bin/../lib/gcc/arm-none-eabi/4.7.1/../../../../arm-none-eabi/lib/thumb\libg.a(lib_a-tzlock.o)
 .data          0x0202b7e8        0x8 c:/devkitpro/devkitarm/bin/../lib/gcc/arm-none-eabi/4.7.1/../../../../arm-none-eabi/lib/thumb\libg.a(lib_a-tzvars.o)
                0x0202b7e8                _tzname
 .data          0x0202b7f0        0x0 c:/devkitpro/devkitarm/bin/../lib/gcc/arm-none-eabi/4.7.1/../../../../arm-none-eabi/lib/thumb\libg.a(lib_a-ungetc.o)
 .data          0x0202b7f0        0x0 c:/devkitpro/devkitarm/bin/../lib/gcc/arm-none-eabi/4.7.1/../../../../arm-none-eabi/lib/thumb\libg.a(lib_a-vfiprintf.o)
 .data          0x0202b7f0        0x0 c:/devkitpro/devkitarm/bin/../lib/gcc/arm-none-eabi/4.7.1/../../../../arm-none-eabi/lib/thumb\libg.a(lib_a-wcrtomb.o)
 .data          0x0202b7f0        0x0 c:/devkitpro/devkitarm/bin/../lib/gcc/arm-none-eabi/4.7.1/../../../../arm-none-eabi/lib/thumb\libg.a(lib_a-wcsrtombs.o)
 .data          0x0202b7f0        0x0 c:/devkitpro/devkitarm/bin/../lib/gcc/arm-none-eabi/4.7.1/../../../../arm-none-eabi/lib/thumb\libg.a(lib_a-wctob.o)
 .data          0x0202b7f0        0x4 c:/devkitpro/devkitarm/bin/../lib/gcc/arm-none-eabi/4.7.1/../../../../arm-none-eabi/lib/thumb\libg.a(lib_a-wctomb_r.o)
                0x0202b7f0                __wctomb
 .data          0x0202b7f4        0x0 c:/devkitpro/devkitarm/bin/../lib/gcc/arm-none-eabi/4.7.1/../../../../arm-none-eabi/lib/thumb\libg.a(lib_a-wsetup.o)
 .data          0x0202b7f4        0x0 c:/devkitpro/devkitarm/bin/../lib/gcc/arm-none-eabi/4.7.1/../../../../arm-none-eabi/lib/thumb\libg.a(lib_a-div.o)
 .data          0x0202b7f4        0x0 c:/devkitpro/devkitarm/bin/../lib/gcc/arm-none-eabi/4.7.1/../../../../arm-none-eabi/lib/thumb\libg.a(lib_a-dtoa.o)
 .data          0x0202b7f4        0x0 c:/devkitpro/devkitarm/bin/../lib/gcc/arm-none-eabi/4.7.1/../../../../arm-none-eabi/lib/thumb\libg.a(lib_a-flags.o)
 .data          0x0202b7f4        0x0 c:/devkitpro/devkitarm/bin/../lib/gcc/arm-none-eabi/4.7.1/../../../../arm-none-eabi/lib/thumb\libg.a(lib_a-fputwc.o)
 .data          0x0202b7f4        0x0 c:/devkitpro/devkitarm/bin/../lib/gcc/arm-none-eabi/4.7.1/../../../../arm-none-eabi/lib/thumb\libg.a(lib_a-fvwrite.o)
 .data          0x0202b7f4        0x0 c:/devkitpro/devkitarm/bin/../lib/gcc/arm-none-eabi/4.7.1/../../../../arm-none-eabi/lib/thumb\libg.a(lib_a-getenv_r.o)
 .data          0x0202b7f4       0x40 c:/devkitpro/devkitarm/bin/../lib/gcc/arm-none-eabi/4.7.1/../../../../arm-none-eabi/lib/thumb\libg.a(lib_a-gettzinfo.o)
 .data          0x0202b834        0x0 c:/devkitpro/devkitarm/bin/../lib/gcc/arm-none-eabi/4.7.1/../../../../arm-none-eabi/lib/thumb\libg.a(lib_a-iswspace.o)
 .data          0x0202b834        0x0 c:/devkitpro/devkitarm/bin/../lib/gcc/arm-none-eabi/4.7.1/../../../../arm-none-eabi/lib/thumb\libg.a(lib_a-jp2uc.o)
 .data          0x0202b834        0x0 c:/devkitpro/devkitarm/bin/../lib/gcc/arm-none-eabi/4.7.1/../../../../arm-none-eabi/lib/thumb\libg.a(lib_a-mbsnrtowcs.o)
 .data          0x0202b834        0x0 c:/devkitpro/devkitarm/bin/../lib/gcc/arm-none-eabi/4.7.1/../../../../arm-none-eabi/lib/thumb\libg.a(lib_a-memchr-stub.o)
 .data          0x0202b834        0x0 c:/devkitpro/devkitarm/bin/../lib/gcc/arm-none-eabi/4.7.1/../../../../arm-none-eabi/lib/thumb\libg.a(lib_a-mprec.o)
 .data          0x0202b834        0x0 c:/devkitpro/devkitarm/bin/../lib/gcc/arm-none-eabi/4.7.1/../../../../arm-none-eabi/lib/thumb\libg.a(lib_a-sccl.o)
 .data          0x0202b834        0x0 c:/devkitpro/devkitarm/bin/../lib/gcc/arm-none-eabi/4.7.1/../../../../arm-none-eabi/lib/thumb\libg.a(lib_a-s_fpclassify.o)
 .data          0x0202b834        0x0 c:/devkitpro/devkitarm/bin/../lib/gcc/arm-none-eabi/4.7.1/../../../../arm-none-eabi/lib/thumb\libg.a(lib_a-strtoll_r.o)
 .data          0x0202b834        0x0 c:/devkitpro/devkitarm/bin/../lib/gcc/arm-none-eabi/4.7.1/../../../../arm-none-eabi/lib/thumb\libg.a(lib_a-strtoull_r.o)
 .data          0x0202b834        0x0 c:/devkitpro/devkitarm/bin/../lib/gcc/arm-none-eabi/4.7.1/../../../../arm-none-eabi/lib/thumb\libg.a(lib_a-strtoul.o)
 .data          0x0202b834        0x0 c:/devkitpro/devkitarm/bin/../lib/gcc/arm-none-eabi/4.7.1/../../../../arm-none-eabi/lib/thumb\libg.a(lib_a-svfiprintf.o)
 .data          0x0202b834        0x0 c:/devkitpro/devkitarm/bin/../lib/gcc/arm-none-eabi/4.7.1/../../../../arm-none-eabi/lib/thumb\libg.a(lib_a-wbuf.o)
 .data          0x0202b834        0x0 c:/devkitpro/devkitarm/bin/../lib/gcc/arm-none-eabi/4.7.1/../../../../arm-none-eabi/lib/thumb\libg.a(lib_a-wcsnrtombs.o)
 .data          0x0202b834        0x4 c:/devkitpro/devkitarm/bin/../lib/gcc/arm-none-eabi/4.7.1/../../../../arm-none-eabi/lib/thumb\libg.a(lib_a-environ.o)
                0x0202b834                environ
 .data          0x0202b838        0x0 c:/devkitpro/devkitarm/bin/../lib/gcc/arm-none-eabi/4.7.1/../../../../arm-none-eabi/lib/thumb\libg.a(lib_a-envlock.o)
 .data          0x0202b838       0x44 c:/devkitpro/devkitarm/bin/../lib/gcc/arm-none-eabi/4.7.1/../../../../arm-none-eabi/lib/thumb\libsysbase.a(iosupport.o)
                0x0202b83c                devoptab_list
 .data          0x0202b87c        0x0 c:/devkitpro/devkitarm/bin/../lib/gcc/arm-none-eabi/4.7.1/../../../../arm-none-eabi/lib/thumb\libsysbase.a(close.o)
 .data          0x0202b87c        0x0 c:/devkitpro/devkitarm/bin/../lib/gcc/arm-none-eabi/4.7.1/../../../../arm-none-eabi/lib/thumb\libsysbase.a(fstat.o)
 .data          0x0202b87c        0x0 c:/devkitpro/devkitarm/bin/../lib/gcc/arm-none-eabi/4.7.1/../../../../arm-none-eabi/lib/thumb\libsysbase.a(isatty.o)
 .data          0x0202b87c        0x0 c:/devkitpro/devkitarm/bin/../lib/gcc/arm-none-eabi/4.7.1/../../../../arm-none-eabi/lib/thumb\libsysbase.a(lseek.o)
 .data          0x0202b87c        0x0 c:/devkitpro/devkitarm/bin/../lib/gcc/arm-none-eabi/4.7.1/../../../../arm-none-eabi/lib/thumb\libsysbase.a(open.o)
 .data          0x0202b87c        0x0 c:/devkitpro/devkitarm/bin/../lib/gcc/arm-none-eabi/4.7.1/../../../../arm-none-eabi/lib/thumb\libsysbase.a(read.o)
 .data          0x0202b87c        0x0 c:/devkitpro/devkitarm/bin/../lib/gcc/arm-none-eabi/4.7.1/../../../../arm-none-eabi/lib/thumb\libsysbase.a(sbrk.o)
 .data          0x0202b87c        0x0 c:/devkitpro/devkitarm/bin/../lib/gcc/arm-none-eabi/4.7.1/../../../../arm-none-eabi/lib/thumb\libsysbase.a(times.o)
 .data          0x0202b87c        0x0 c:/devkitpro/devkitarm/bin/../lib/gcc/arm-none-eabi/4.7.1/../../../../arm-none-eabi/lib/thumb\libsysbase.a(write.o)
 .data          0x0202b87c        0x0 c:/devkitpro/devkitarm/bin/../lib/gcc/arm-none-eabi/4.7.1/../../../../arm-none-eabi/lib/thumb\libsysbase.a(malloc_vars.o)
 .data          0x0202b87c      0x400 c:/devkitpro/devkitarm/bin/../lib/gcc/arm-none-eabi/4.7.1/../../../../arm-none-eabi/lib/thumb\libsysbase.a(chdir.o)
 .data          0x0202bc7c        0x0 c:/devkitpro/devkitarm/bin/../lib/gcc/arm-none-eabi/4.7.1/../../../../arm-none-eabi/lib/thumb\libsysbase.a(build_argv.o)
 .data          0x0202bc7c        0x0 c:/devkitpro/devkitarm/bin/../lib/gcc/arm-none-eabi/4.7.1/../../../../arm-none-eabi/lib/thumb\libsysbase.a(syscall_support.o)
 .data          0x0202bc7c        0x0 c:/devkitpro/devkitarm/bin/../lib/gcc/arm-none-eabi/4.7.1/../../../../arm-none-eabi/lib/thumb\libsysbase.a(handle_manager.o)
 .data          0x0202bc7c        0x0 c:/devkitpro/devkitarm/bin/../lib/gcc/arm-none-eabi/4.7.1/thumb\libgcc.a(_arm_addsubdf3.o)
 .data          0x0202bc7c        0x0 c:/devkitpro/devkitarm/bin/../lib/gcc/arm-none-eabi/4.7.1/thumb\libgcc.a(_arm_muldivdf3.o)
 .data          0x0202bc7c        0x0 c:/devkitpro/devkitarm/bin/../lib/gcc/arm-none-eabi/4.7.1/thumb\libgcc.a(_arm_cmpdf2.o)
 .data          0x0202bc7c        0x0 c:/devkitpro/devkitarm/bin/../lib/gcc/arm-none-eabi/4.7.1/thumb\libgcc.a(_arm_fixdfsi.o)
 .data          0x0202bc7c        0x0 c:/devkitpro/devkitarm/bin/../lib/gcc/arm-none-eabi/4.7.1/thumb\libgcc.a(_aeabi_uldivmod.o)
 .data          0x0202bc7c        0x0 c:/devkitpro/devkitarm/bin/../lib/gcc/arm-none-eabi/4.7.1/thumb\libgcc.a(bpabi.o)
 .data          0x0202bc7c        0x0 c:/devkitpro/devkitarm/bin/../lib/gcc/arm-none-eabi/4.7.1/thumb\libgcc.a(_divdi3.o)
 .data          0x0202bc7c        0x0 c:/devkitpro/devkitarm/bin/../lib/gcc/arm-none-eabi/4.7.1/thumb\libgcc.a(_udivdi3.o)
 .data          0x0202bc7c        0x0 c:/devkitpro/devkitarm/bin/../lib/gcc/arm-none-eabi/4.7.1/thumb\libgcc.a(_clzsi2.o)
 .data          0x0202bc7c        0x0 c:/devkitpro/devkitarm/bin/../lib/gcc/arm-none-eabi/4.7.1/../../../../arm-none-eabi/lib/thumb\libg.a(lib_a-errno.o)
 .data          0x0202bc7c        0x0 c:/devkitpro/devkitarm/bin/../lib/gcc/arm-none-eabi/4.7.1/thumb/crtend.o