Archive member included because of file (symbol)

c:/Users/Derrick/Desktop/nflib_20120804/nflib/examples/text/text16/nflib/lib\libnflib.a(nf_2d.o)
                              main.o (NF_Set2D)
c:/Users/Derrick/Desktop/nflib_20120804/nflib/examples/text/text16/nflib/lib\libnflib.a(nf_basic.o)
                              c:/Users/Derrick/Desktop/nflib_20120804/nflib/examples/text/text16/nflib/lib\libnflib.a(nf_2d.o) (NF_Error)
c:/Users/Derrick/Desktop/nflib_20120804/nflib/examples/text/text16/nflib/lib\libnflib.a(nf_sprite256.o)
                              c:/Users/Derrick/Desktop/nflib_20120804/nflib/examples/text/text16/nflib/lib\libnflib.a(nf_2d.o) (NF_BUFFER_SPR256GFX)
c:/Users/Derrick/Desktop/nflib_20120804/nflib/examples/text/text16/nflib/lib\libnflib.a(nf_text.o)
                              main.o (NF_InitTextSys)
c:/Users/Derrick/Desktop/nflib_20120804/nflib/examples/text/text16/nflib/lib\libnflib.a(nf_text16.o)
                              main.o (NF_LoadTextFont16)
c:/Users/Derrick/Desktop/nflib_20120804/nflib/examples/text/text16/nflib/lib\libnflib.a(nf_tiledbg.o)
                              main.o (NF_InitTiledBgBuffers)
c:/devkitPro/libnds/lib\libfilesystem.a(nitrofs.o)
                              c:/Users/Derrick/Desktop/nflib_20120804/nflib/examples/text/text16/nflib/lib\libnflib.a(nf_basic.o) (nitroFSInit)
c:/devkitPro/libnds/lib\libfat.a(libfat.o)
                              c:/Users/Derrick/Desktop/nflib_20120804/nflib/examples/text/text16/nflib/lib\libnflib.a(nf_basic.o) (fatInitDefault)
c:/devkitPro/libnds/lib\libfat.a(partition.o)
                              c:/devkitPro/libnds/lib\libfat.a(libfat.o) (_FAT_partition_constructor)
c:/devkitPro/libnds/lib\libfat.a(cache.o)
                              c:/devkitPro/libnds/lib\libfat.a(partition.o) (_FAT_cache_constructor)
c:/devkitPro/libnds/lib\libfat.a(directory.o)
                              c:/devkitPro/libnds/lib\libfat.a(libfat.o) (_FAT_directory_getVolumeLabel)
c:/devkitPro/libnds/lib\libfat.a(disc.o)
                              c:/devkitPro/libnds/lib\libfat.a(libfat.o) (_FAT_disc_interfaces)
c:/devkitPro/libnds/lib\libfat.a(fatdir.o)
                              c:/devkitPro/libnds/lib\libfat.a(libfat.o) (_FAT_stat_r)
c:/devkitPro/libnds/lib\libfat.a(fatfile.o)
                              c:/devkitPro/libnds/lib\libfat.a(libfat.o) (_FAT_open_r)
c:/devkitPro/libnds/lib\libfat.a(file_allocation_table.o)
                              c:/devkitPro/libnds/lib\libfat.a(directory.o) (_FAT_fat_nextCluster)
c:/devkitPro/libnds/lib\libfat.a(filetime.o)
                              c:/devkitPro/libnds/lib\libfat.a(fatdir.o) (_FAT_filetime_getTimeFromRTC)
c:/devkitPro/libnds/lib\libfat.a(lock.o)
                              c:/devkitPro/libnds/lib\libfat.a(partition.o) (_FAT_lock_init)
c:/devkitPro/libnds/lib\libnds9.a(console.o)
                              main.o (consoleDemoInit)
c:/devkitPro/libnds/lib\libnds9.a(sprite.o)
                              c:/Users/Derrick/Desktop/nflib_20120804/nflib/examples/text/text16/nflib/lib\libnflib.a(nf_sprite256.o) (oamInit)
c:/devkitPro/libnds/lib\libnds9.a(sprite_alloc.o)
                              c:/devkitPro/libnds/lib\libnds9.a(sprite.o) (oamAllocReset)
c:/devkitPro/libnds/lib\libnds9.a(trig.o)
                              c:/devkitPro/libnds/lib\libnds9.a(sprite.o) (sinLerp)
c:/devkitPro/libnds/lib\libnds9.a(video.o)
                              c:/Users/Derrick/Desktop/nflib_20120804/nflib/examples/text/text16/nflib/lib\libnflib.a(nf_basic.o) (setBrightness)
c:/devkitPro/libnds/lib\libnds9.a(dldi.o)
                              c:/devkitPro/libnds/lib\libfat.a(disc.o) (dldiGetInternal)
c:/devkitPro/libnds/lib\libnds9.a(dsi_sd.o)
                              c:/devkitPro/libnds/lib\libfat.a(disc.o) (__io_dsisd)
c:/devkitPro/libnds/lib\libnds9.a(initSystem.o)
                              c:/devkitpro/devkitarm/bin/../lib/gcc/arm-none-eabi/4.7.1/../../../../arm-none-eabi/lib/thumb/ds_arm9_crt0.o (initSystem)
c:/devkitPro/libnds/lib\libnds9.a(card.o)
                              c:/devkitPro/libnds/lib\libfilesystem.a(nitrofs.o) (cardParamCommand)
c:/devkitPro/libnds/lib\libnds9.a(fifosystem.o)
                              c:/devkitPro/libnds/lib\libnds9.a(dsi_sd.o) (fifoSendValue32)
c:/devkitPro/libnds/lib\libnds9.a(interrupts.o)
                              c:/devkitPro/libnds/lib\libnds9.a(fifosystem.o) (irqSet)
c:/devkitPro/libnds/lib\libnds9.a(libnds_exit.arm.o)
                              c:/devkitpro/devkitarm/bin/../lib/gcc/arm-none-eabi/4.7.1/../../../../arm-none-eabi/lib/thumb/ds_arm9_crt0.o (__libnds_exit)
c:/devkitPro/libnds/lib\libnds9.a(dcache.o)
                              c:/Users/Derrick/Desktop/nflib_20120804/nflib/examples/text/text16/nflib/lib\libnflib.a(nf_basic.o) (DC_FlushRange)
c:/devkitPro/libnds/lib\libnds9.a(dldi_stub.o)
[...]
Memory Configuration

Name             Origin             Length             Attributes
rom              0x08000000         0x02000000
ewram            0x02000000         0x003ff000
dtcm             0x0b000000         0x00004000
vectors          0x01000000         0x00000100
itcm             0x01000100         0x00007f00
*default*        0x00000000         0xffffffff

Linker script and memory map

                0x01000000                __vectors_start = ORIGIN (vectors)
                0x01000100                __itcm_start = ORIGIN (itcm)
                0x023ff000                __ewram_end = (ORIGIN (ewram) + 0x3ff000)
                0x023ff000                __eheap_end = (ORIGIN (ewram) + 0x3ff000)
                0x0b000000                __dtcm_start = ORIGIN (dtcm)
                0x0b004000                __dtcm_top = (ORIGIN (dtcm) + 0x4000)
                0x0b003ff8                __irq_flags = (__dtcm_top - 0x8)
                0x0b003ffc                __irq_vector = (__dtcm_top - 0x4)
                0x0b003f00                __sp_svc = (__dtcm_top - 0x100)
                0x0b003e00                __sp_irq = (__sp_svc - 0x100)
                0x0b003d00                __sp_usr = (__sp_irq - 0x100)

.init           0x02000000      0x23c
                0x02000000                __text_start = .
 *(.init)
 .init          0x02000000      0x230 c:/devkitpro/devkitarm/bin/../lib/gcc/arm-none-eabi/4.7.1/../../../../arm-none-eabi/lib/thumb/ds_arm9_crt0.o
                0x02000000                _start
 .init          0x02000230        0x4 c:/devkitpro/devkitarm/bin/../lib/gcc/arm-none-eabi/4.7.1/thumb/crti.o
                0x02000230                _init
 .init          0x02000234        0x8 c:/devkitpro/devkitarm/bin/../lib/gcc/arm-none-eabi/4.7.1/thumb/crtn.o
                0x0200023c                . = ALIGN (0x4)

.plt
 *(.plt)

.text           0x02000240    0x234f0
 *(EXCLUDE_FILE(*.itcm*) .text)
 .text          0x02000240        0x0 c:/devkitpro/devkitarm/bin/../lib/gcc/arm-none-eabi/4.7.1/../../../../arm-none-eabi/lib/thumb/ds_arm9_crt0.o
 .text          0x02000240        0x0 c:/devkitpro/devkitarm/bin/../lib/gcc/arm-none-eabi/4.7.1/thumb/crti.o
 .text          0x02000240       0xd0 c:/devkitpro/devkitarm/bin/../lib/gcc/arm-none-eabi/4.7.1/thumb/crtbegin.o
 .text          0x02000310        0x0 main.o
 .text          0x02000310      0x884 c:/Users/Derrick/Desktop/nflib_20120804/nflib/examples/text/text16/nflib/lib\libnflib.a(nf_2d.o)
                0x02000310                NF_Set2D
                0x02000374                NF_ShowBg
                0x020003f0                NF_HideBg
                0x02000494                NF_ScrollBg
                0x020007f8                NF_MoveSprite
                0x02000818                NF_SpriteLayer
                0x02000834                NF_ShowSprite
                0x02000854                NF_HflipSprite
                0x02000870                NF_GetSpriteHflip
                0x0200088c                NF_VflipSprite
                0x020008a8                NF_GetSpriteVflip
                0x020008c4                NF_SpriteFrame
                0x02000994                NF_EnableSpriteRotScale
                0x02000a28                NF_DisableSpriteRotScale
                0x02000a9c                NF_SpriteRotScale
 .text          0x02000b94      0x4a0 c:/Users/Derrick/Desktop/nflib_20120804/nflib/examples/text/text16/nflib/lib\libnflib.a(nf_basic.o)
                0x02000b94                NF_Error
                0x02000e40                NF_SetRootFolder
                0x02000f98                NF_DmaMemCopy
                0x02001024                NF_GetLanguage
 .text          0x02001034     0x143c c:/Users/Derrick/Desktop/nflib_20120804/nflib/examples/text/text16/nflib/lib\libnflib.a(nf_sprite256.o)
                0x02001034                NF_InitSpriteBuffers
                0x02001080                NF_ResetSpriteBuffers
                0x020010b4                NF_InitSpriteSys
                0x020012f0                NF_LoadSpriteGfx
                0x0200140c                NF_UnloadSpriteGfx
                0x0200147c                NF_LoadSpritePal
                0x0200157c                NF_UnloadSpritePal
                0x020015cc                NF_VramSpriteGfx
                0x02001924                NF_VramSpriteGfxDefrag
                0x02001b58                NF_FreeSpriteGfx
                0x02001c58                NF_VramSpritePal
                0x02001d2c                NF_CreateSprite
                0x020020d8                NF_DeleteSprite
                0x0200217c                NF_SpriteOamSet
                0x0200225c                NF_SpriteSetPalColor
                0x020022f4                NF_SpriteEditPalColor
                0x02002374                NF_SpriteUpdatePalette
                0x02002404                NF_SpriteGetPalColor
 .text          0x02002470      0x860 c:/Users/Derrick/Desktop/nflib_20120804/nflib/examples/text/text16/nflib/lib\libnflib.a(nf_text.o)
                0x02002470                NF_InitTextSys
                0x020024a4                NF_LoadTextFont
                0x02002710                NF_UnloadTextFont
                0x02002718                NF_CreateTextLayer
                0x020027ac                NF_DeleteTextLayer
                0x02002804                NF_WriteText
                0x02002b54                NF_UpdateTextLayers
                0x02002ba8                NF_ClearTextLayer
                0x02002c10                NF_DefineTextColor
                0x02002cb4                NF_SetTextColor
 .text          0x02002cd0      0x7c8 c:/Users/Derrick/Desktop/nflib_20120804/nflib/examples/text/text16/nflib/lib\libnflib.a(nf_text16.o)
                0x02002cd0                NF_LoadTextFont16
                0x02002f4c                NF_CreateTextLayer16
                0x02003010                NF_WriteText16
                0x020033fc                NF_ClearTextLayer16
 .text          0x02003498     0x1a68 c:/Users/Derrick/Desktop/nflib_20120804/nflib/examples/text/text16/nflib/lib\libnflib.a(nf_tiledbg.o)
                0x02003498                NF_InitTiledBgBuffers
                0x02003550                NF_ResetTiledBgBuffers
                0x020035a0                NF_InitTiledBgSys
                0x020036d4                NF_LoadTiledBg
                0x0200396c                NF_LoadTilesForBg
                0x02003bfc                NF_UnloadTiledBg
                0x02003cb8                NF_DeleteTiledBg
                0x02003e60                NF_CreateTiledBg
                0x020044c8                NF_GetTileMapAddress
                0x02004584                NF_GetTileOfMap
                0x020045c0                NF_SetTileOfMap
                0x02004604                NF_UpdateVramMap
                0x02004724                NF_BgSetPalColor
                0x020047d4                NF_BgEditPalColor
                0x0200487c                NF_BgUpdatePalette
                0x0200493c                NF_BgGetPalColor
                0x020049d4                NF_GetTilePal
                0x02004a08                NF_SetTilePal
                0x02004a4c                NF_LoadExBgPal
                0x02004b38                NF_UnloadExBgPal
                0x02004b88                NF_VramExBgPal
                0x02004c3c                NF_SetExBgPal
                0x02004cfc                NF_SetTileHflip
                0x02004d38                NF_SetTileVflip
                0x02004d74                NF_RotateTileGfx
 .text          0x02004f00      0xb34 c:/devkitPro/libnds/lib\libfilesystem.a(nitrofs.o)
                0x02005914                nitroFSInit
 .text          0x02005a34      0x340 c:/devkitPro/libnds/lib\libfat.a(libfat.o)
                0x02005a34                fatMount
                0x02005af0                fatMountSimple
                0x02005b04                fatUnmount
                0x02005b3c                fatInit
                0x02005c8c                fatInitDefault
                0x02005c98                fatGetVolumeLabel
 .text          0x02005d74      0x724 c:/devkitPro/libnds/lib\libfat.a(partition.o)
                0x02005d74                FindFirstValidPartition_buf
                0x02005efc                FindFirstValidPartition
                0x02005f24                _FAT_partition_getPartitionFromPath
                0x02005f38                _FAT_partition_createFSinfo
                0x02005ff8                _FAT_partition_readFSinfo
                0x020060b8                _FAT_partition_constructor_buf
                0x02006360                _FAT_partition_constructor
                0x020063a0                _FAT_partition_writeFSinfo
                0x02006458                _FAT_partition_destructor
 .text          0x02006498      0x4b4 c:/devkitPro/libnds/lib\libfat.a(cache.o)
                0x02006588                _FAT_cache_constructor
                0x02006620                _FAT_cache_readSectors
                0x02006684                _FAT_cache_readPartialSector
                0x020066c0                _FAT_cache_readLittleEndianValue
                0x0200672c                _FAT_cache_writePartialSector
                0x02006774                _FAT_cache_writeLittleEndianValue
                0x020067c4                _FAT_cache_eraseWritePartialSector
                0x0200681c                _FAT_cache_writeSectors
                0x02006888                _FAT_cache_flush
                0x020068e8                _FAT_cache_destructor
                0x0200691c                _FAT_cache_invalidate
 .text          0x0200694c     0x13b8 c:/devkitPro/libnds/lib\libfat.a(directory.o)
                0x02006bc8                _FAT_directory_entryGetCluster
                0x02006bf0                _FAT_directory_getNextEntry
                0x02006ddc                _FAT_directory_getFirstEntry
                0x02006e80                _FAT_directory_getRootEntry
                0x02006edc                _FAT_directory_getVolumeLabel
                0x02006f9c                _FAT_directory_entryFromPosition
                0x020070e4                _FAT_directory_entryFromPath
                0x020072e8                _FAT_directory_removeEntry
                0x020073c4                _FAT_directory_addEntry
                0x02007c00                _FAT_directory_chdir
                0x02007c3c                _FAT_directory_entryStat
 .text          0x02007d04        0x8 c:/devkitPro/libnds/lib\libfat.a(disc.o)
 .text          0x02007d0c      0x970 c:/devkitPro/libnds/lib\libfat.a(fatdir.o)
                0x02007d0c                _FAT_stat_r
                0x02007da8                _FAT_link_r
                0x02007db4                _FAT_unlink_r
                0x02007f28                _FAT_chdir_r
                0x02007f98                _FAT_rename_r
                0x02008164                _FAT_mkdir_r
                0x02008440                _FAT_statvfs_r
                0x020084c8                _FAT_diropen_r
                0x0200858c                _FAT_dirreset_r
                0x020085d8                _FAT_dirnext_r
                0x0200865c                _FAT_dirclose_r
 .text          0x0200867c     0x13b0 c:/devkitPro/libnds/lib\libfat.a(fatfile.o)
                0x020088f4                _FAT_findEntry
                0x02008930                FAT_getAttr
                0x02008958                FAT_setAttr
                0x020089f4                _FAT_open_r
                0x02008d3c                _FAT_syncToDisc
                0x02008e30                _FAT_close_r
                0x02008e9c                _FAT_read_r
                0x020091dc                _FAT_write_r
                0x02009678                _FAT_seek_r
                0x020097e8                _FAT_fstat_r
                0x02009884                _FAT_ftruncate_r
                0x020099ec                _FAT_fsync_r
 .text          0x02009a2c      0x4b4 c:/devkitPro/libnds/lib\libfat.a(file_allocation_table.o)
                0x02009b7c                _FAT_fat_nextCluster
                0x02009c94                _FAT_fat_linkFreeCluster
                0x02009d2c                _FAT_fat_linkFreeClusterCleared
                0x02009d9c                _FAT_fat_clearLinks
                0x02009df8                _FAT_fat_trimChain
                0x02009e80                _FAT_fat_lastCluster
                0x02009eb4                _FAT_fat_freeClusterCount
 .text          0x02009ee0       0xb8 c:/devkitPro/libnds/lib\libfat.a(filetime.o)
                0x02009ee0                _FAT_filetime_getTimeFromRTC
                0x02009f20                _FAT_filetime_getDateFromRTC
                0x02009f60                _FAT_filetime_to_time_t
 .text          0x02009f98       0x10 c:/devkitPro/libnds/lib\libfat.a(lock.o)
                0x02009f98                _FAT_lock_init
                0x02009f9c                _FAT_lock_deinit
                0x02009fa0                _FAT_lock
                0x02009fa4                _FAT_unlock
 .text          0x02009fa8      0xa4c c:/devkitPro/libnds/lib\libnds9.a(console.o)
                0x0200a048                nocash_write
                0x0200a058                consoleGetDefault
                0x0200a064                consoleSelect
                0x0200a074                consoleDebugInit
                0x0200a0c4                consolePrintChar
                0x0200a290                consoleLoadFont
                0x0200a518                consoleSetFont
                0x0200a538                consoleInit
                0x0200a6a0                consoleDemoInit
                0x0200a6e4                con_write
                0x0200a9c0                consoleClear
                0x0200a9d0                consoleSetWindow
 .text          0x0200a9f4      0x3f4 c:/devkitPro/libnds/lib\libnds9.a(sprite.o)
                0x0200a9f4                oamInit
                0x0200ab08                oamDisable
                0x0200ab38                oamEnable
                0x0200ab5c                oamGetGfxPtr
                0x0200ab90                oamClear
                0x0200abb8                oamGfxPtrToOffset
                0x0200abec                oamSet
                0x0200ad3c                oamUpdate
                0x0200ad9c                oamRotateScale
 .text          0x0200ade8      0x450 c:/devkitPro/libnds/lib\libnds9.a(sprite_alloc.o)
                0x0200ae18                oamAllocReset
                0x0200ae4c                oamAllocateGfx
                0x0200b050                oamFreeGfx
                0x0200b1ec                oamCountFragments
 .text          0x0200b238      0x244 c:/devkitPro/libnds/lib\libnds9.a(trig.o)
                0x0200b238                asinComp
                0x0200b260                sinLutLookup
                0x0200b29c                sinLerp
                0x0200b2d4                cosLerp
                0x0200b2e8                tanLutLookup
                0x0200b320                tanLerp
                0x0200b3c4                asinLerp
                0x0200b440                acosLerp
                0x0200b454                atanComp
 .text          0x0200b47c      0x1f8 c:/devkitPro/libnds/lib\libnds9.a(video.o)
                0x0200b47c                vramSetPrimaryBanks
                0x0200b4c0                vramSetMainBanks
                0x0200b504                vramSetBanks_EFG
                0x0200b53c                vramRestorePrimaryBanks
                0x0200b548                vramRestoreMainBanks
                0x0200b554                vramRestoreBanks_EFG
                0x0200b560                setBrightness
                0x0200b5a0                vramDefault
 .text          0x0200b674      0x238 c:/devkitPro/libnds/lib\libnds9.a(dldi.o)
                0x0200b674                dldiGetInternal
                0x0200b6ac                dldiIsValid
                0x0200b6e4                dldiFixDriverAddresses
                0x0200b7bc                dldiLoadFromFile
                0x0200b8a0                dldiFree
 .text          0x0200b8ac      0x148 c:/devkitPro/libnds/lib\libnds9.a(dsi_sd.o)
                0x0200b8ac                sdio_ClearStatus
                0x0200b8bc                sdio_Shutdown
                0x0200b8cc                sdio_WriteSectors
                0x0200b920                sdio_ReadSectors
                0x0200b974                sdio_IsInserted
                0x0200b9a8                sdio_Startup
 .text          0x0200b9f4      0x140 c:/devkitPro/libnds/lib\libnds9.a(initSystem.o)
                0x0200b9f4                initSystem
 .text          0x0200bb34      0x23c c:/devkitPro/libnds/lib\libnds9.a(card.o)
                0x0200bb34                cardWriteCommand
                0x0200bb58                cardPolledTransfer
                0x0200bba8                cardStartTransfer
                0x0200bc04                cardWriteAndRead
                0x0200bc48                cardParamCommand
                0x0200bc78                cardReadID
                0x0200bca0                cardReset
                0x0200bd14                cardReadHeader
 .text          0x0200bd70      0xc58 c:/devkitPro/libnds/lib\libnds9.a(fifosystem.o)
                0x0200bfc4                fifoSendAddress
                0x0200bff0                fifoSendValue32
                0x0200c030                fifoSendDatamsg
                0x0200c0a0                fifoGetAddress
                0x0200c118                fifoSetAddressHandler
                0x0200c18c                fifoGetValue32
                0x0200c200                fifoSetValue32Handler
                0x0200c274                fifoGetDatamsg
                0x0200c6f8                fifoSetDatamsgHandler
                0x0200c790                fifoCheckAddress
                0x0200c7b4                fifoCheckDatamsg
                0x0200c7d8                fifoCheckValue32
                0x0200c7fc                fifoInit
 .text          0x0200c9c8      0x1ec c:/devkitPro/libnds/lib\libnds9.a(interrupts.o)
                0x0200c9c8                irqDummy
                0x0200c9cc                irqSet
                0x0200ca38                irqInit
                0x0200ca84                irqInitHandler
                0x0200cab4                irqEnable
                0x0200cb18                irqDisable
                0x0200cb7c                irqClear
 .text          0x0200cbb4       0x58 c:/devkitPro/libnds/lib\libnds9.a(libnds_exit.arm.o)
                0x0200cbb4                systemErrorExit
                0x0200cbb8                __libnds_exit
 .text          0x0200cc0c       0x70 c:/devkitPro/libnds/lib\libnds9.a(dcache.o)
                0x0200cc0c                DC_FlushAll
                0x0200cc38                DC_FlushRange
                0x0200cc54                DC_InvalidateAll
                0x0200cc60                DC_InvalidateRange
 *fill*         0x0200cc7c        0x4 ff
 .text          0x0200cc80     0x8000 c:/devkitPro/libnds/lib\libnds9.a(dldi_stub.o)
                0x0200cc80                _io_dldi_stub
 .text          0x02014c80      0x1b4 c:/devkitPro/libnds/lib\libnds9.a(mpu_setup.o)
                0x02014c80                __libnds_mpu_setup
                0x02014dc0                memCached
                0x02014dd8                memUncached
 *fill*         0x02014e34        0xc ff
 .text          0x02014e40       0x70 c:/devkitPro/libnds/lib\libnds9.a(biosCalls.o)
                0x02014e40                swiDelay
                0x02014e44                swiIntrWait
                0x02014e48                swiWaitForVBlank
                0x02014e4c                swiSleep
                0x02014e50                swiChangeSoundBias
                0x02014e54                swiDivide
                0x02014e58                swiRemainder
                0x02014e5e                swiDivMod
                0x02014e6a                swiCopy
                0x02014e6e                swiFastCopy
                0x02014e72                swiSqrt
                0x02014e76                swiCRC16
                0x02014e7a                swiIsDebugger
                0x02014e7e                swiUnpackBits
                0x02014e82                swiDecompressLZSSWram
                0x02014e86                swiDecompressLZSSVramNTR
                0x02014e8a                swiDecompressLZSSVramTWL
                0x02014e8e                swiDecompressHuffman
                0x02014e92                swiDecompressRLEWram
                0x02014e96                swiDecompressRLEVram
                0x02014e9a                swiWaitForIRQ
                0x02014e9e                swiDecodeDelta8
                0x02014ea2                swiDecodeDelta16
                0x02014ea6                swiSetHaltCR
 .text          0x02014eb0       0xa4 c:/devkitPro/libnds/lib\libnds9.a(debugprint.o)
                0x02014eb0                nocashWrite
                0x02014eb2                nocashMessage
 .text          0x02014f54        0x0 c:/devkitPro/libnds/lib\libnds9.a(interruptDispatcher.o)
 *fill*         0x02014f54        0xc ff
 .text          0x02014f60       0x30 c:/devkitPro/libnds/lib\libnds9.a(swiSoftReset.o)
                0x02014f60                swiSoftReset
 .text          0x02014f90        0x0 c:/devkitPro/libnds/lib\libnds9.a(default_font.bin.o)
 .text          0x02014f90      0x2e8 c:/devkitPro/libnds/lib\libnds9.a(background.o)
                0x02014f90                bgIsText
                0x02014f9c                checkIfText
                0x02014ff4                bgUpdate
                0x020150e8                bgInit_call
                0x020151ac                bgInitSub_call
 .text          0x02015278      0x128 c:/devkitPro/libnds/lib\libnds9.a(system.o)
                0x02015278                setSDcallback
                0x02015284                systemMsgHandler
                0x020152c8                systemSleep
                0x020152e0                systemValueHandler
                0x0201531c                powerOn
                0x02015348                powerOff
                0x02015370                ledBlink
                0x02015380                getBatteryLevel
 .text          0x020153a0      0x11c c:/devkitpro/devkitarm/bin/../lib/gcc/arm-none-eabi/4.7.1/thumb\libgcc.a(_udivsi3.o)
                0x020153a0                __aeabi_uidiv
                0x020153a0                __udivsi3
                0x0201549c                __aeabi_uidivmod
 .text          0x020154bc      0x150 c:/devkitpro/devkitarm/bin/../lib/gcc/arm-none-eabi/4.7.1/thumb\libgcc.a(_divsi3.o)
                0x020154bc                __divsi3
                0x020154bc                __aeabi_idiv
                0x020155ec                __aeabi_idivmod
 .text          0x0201560c        0x4 c:/devkitpro/devkitarm/bin/../lib/gcc/arm-none-eabi/4.7.1/thumb\libgcc.a(_dvmd_tls.o)
                0x0201560c                __aeabi_idiv0
                0x0201560c                __aeabi_ldiv0
 .text          0x02015610       0x4c c:/devkitpro/devkitarm/bin/../lib/gcc/arm-none-eabi/4.7.1/thumb\libgcc.a(_muldi3.o)
                0x02015610                __muldi3
                0x02015610                __aeabi_lmul
 .text          0x0201565c       0x64 c:/devkitpro/devkitarm/bin/../lib/gcc/arm-none-eabi/4.7.1/../../../../arm-none-eabi/lib/thumb\libg.a(lib_a-bsearch.o)
                0x0201565c                bsearch
 .text          0x020156c0       0x1c c:/devkitpro/devkitarm/bin/../lib/gcc/arm-none-eabi/4.7.1/../../../../arm-none-eabi/lib/thumb\libg.a(lib_a-calloc.o)
                0x020156c0                calloc
 .text          0x020156dc       0x64 c:/devkitpro/devkitarm/bin/../lib/gcc/arm-none-eabi/4.7.1/../../../../arm-none-eabi/lib/thumb\libg.a(lib_a-callocr.o)
                0x020156dc                _calloc_r
 .text          0x02015740       0x10 c:/devkitpro/devkitarm/bin/../lib/gcc/arm-none-eabi/4.7.1/../../../../arm-none-eabi/lib/thumb\libg.a(lib_a-ctype_.o)
                0x02015740                __set_ctype
 .text          0x02015750       0xb0 c:/devkitpro/devkitarm/bin/../lib/gcc/arm-none-eabi/4.7.1/../../../../arm-none-eabi/lib/thumb\libg.a(lib_a-fclose.o)
                0x02015750                _fclose_r
                0x020157e4                fclose
 .text          0x02015800      0x1b8 c:/devkitpro/devkitarm/bin/../lib/gcc/arm-none-eabi/4.7.1/../../../../arm-none-eabi/lib/thumb\libg.a(lib_a-fflush.o)
                0x02015800                __sflush_r
                0x02015958                _fflush_r
                0x02015988                fflush
 .text          0x020159b8      0x1d8 c:/devkitpro/devkitarm/bin/../lib/gcc/arm-none-eabi/4.7.1/../../../../arm-none-eabi/lib/thumb\libg.a(lib_a-findfp.o)
                0x020159c0                _cleanup_r
                0x02015a20                __sfmoreglue
                0x02015a50                _cleanup
                0x02015a64                __sinit
                0x02015ab8                __sfp
                0x02015b48                __sfp_lock_acquire
                0x02015b4c                __sfp_lock_release
                0x02015b50                __sinit_lock_acquire
                0x02015b54                __sinit_lock_release
                0x02015b58                __fp_lock_all
                0x02015b74                __fp_unlock_all
 .text          0x02015b90       0xa8 c:/devkitpro/devkitarm/bin/../lib/gcc/arm-none-eabi/4.7.1/../../../../arm-none-eabi/lib/thumb\libg.a(lib_a-fopen.o)
                0x02015b90                _fopen_r
                0x02015c1c                fopen
 .text          0x02015c38      0x190 c:/devkitpro/devkitarm/bin/../lib/gcc/arm-none-eabi/4.7.1/../../../../arm-none-eabi/lib/thumb\libg.a(lib_a-fread.o)
                0x02015c38                _fread_r
                0x02015da0                fread
 .text          0x02015dc8      0x238 c:/devkitpro/devkitarm/bin/../lib/gcc/arm-none-eabi/4.7.1/../../../../arm-none-eabi/lib/thumb\libg.a(lib_a-freer.o)
                0x02015dc8                _malloc_trim_r
                0x02015e6c                _free_r
 .text          0x02016000      0x328 c:/devkitpro/devkitarm/bin/../lib/gcc/arm-none-eabi/4.7.1/../../../../arm-none-eabi/lib/thumb\libg.a(lib_a-fseek.o)
                0x02016000                _fseek_r
                0x02016304                fseek
 .text          0x02016328       0x9c c:/devkitpro/devkitarm/bin/../lib/gcc/arm-none-eabi/4.7.1/../../../../arm-none-eabi/lib/thumb\libg.a(lib_a-ftell.o)
                0x02016328                _ftell_r
                0x020163a8                ftell
 .text          0x020163c4       0xb4 c:/devkitpro/devkitarm/bin/../lib/gcc/arm-none-eabi/4.7.1/../../../../arm-none-eabi/lib/thumb\libg.a(lib_a-fwalk.o)
                0x020163c4                _fwalk
                0x02016418                _fwalk_reent
 .text          0x02016478        0x0 c:/devkitpro/devkitarm/bin/../lib/gcc/arm-none-eabi/4.7.1/../../../../arm-none-eabi/lib/thumb\libg.a(lib_a-impure.o)
 .text          0x02016478       0x54 c:/devkitpro/devkitarm/bin/../lib/gcc/arm-none-eabi/4.7.1/../../../../arm-none-eabi/lib/thumb\libg.a(lib_a-init.o)
                0x02016478                __libc_init_array
 .text          0x020164cc       0x40 c:/devkitpro/devkitarm/bin/../lib/gcc/arm-none-eabi/4.7.1/../../../../arm-none-eabi/lib/thumb\libg.a(lib_a-iprintf.o)
                0x020164cc                iprintf
                0x020164f0                _iprintf_r
 .text          0x0201650c       0x10 c:/devkitpro/devkitarm/bin/../lib/gcc/arm-none-eabi/4.7.1/../../../../arm-none-eabi/lib/thumb\libg.a(lib_a-lcltime_r.o)
                0x0201650c                localtime_r
 .text          0x0201651c      0x950 c:/devkitpro/devkitarm/bin/../lib/gcc/arm-none-eabi/4.7.1/../../../../arm-none-eabi/lib/thumb\libg.a(lib_a-locale.o)
                0x02016c10                _setlocale_r
                0x02016e0c                __locale_charset
                0x02016e14                __locale_mb_cur_max
                0x02016e20                __locale_msgcharset
                0x02016e2c                __locale_cjk_lang
                0x02016e38                _localeconv_r
                0x02016e44                setlocale
                0x02016e60                localeconv
 .text          0x02016e6c       0xe0 c:/devkitpro/devkitarm/bin/../lib/gcc/arm-none-eabi/4.7.1/../../../../arm-none-eabi/lib/thumb\libg.a(lib_a-makebuf.o)
                0x02016e6c                __smakebuf_r
 .text          0x02016f4c       0x30 c:/devkitpro/devkitarm/bin/../lib/gcc/arm-none-eabi/4.7.1/../../../../arm-none-eabi/lib/thumb\libg.a(lib_a-malloc.o)
                0x02016f4c                malloc
                0x02016f64                free
 .text          0x02016f7c      0x51c c:/devkitpro/devkitarm/bin/../lib/gcc/arm-none-eabi/4.7.1/../../../../arm-none-eabi/lib/thumb\libg.a(lib_a-mallocr.o)
                0x02016f7c                _malloc_r
 .text          0x02017498      0x104 c:/devkitpro/devkitarm/bin/../lib/gcc/arm-none-eabi/4.7.1/../../../../arm-none-eabi/lib/thumb\libg.a(lib_a-mbrtowc.o)
                0x02017498                _mbrtowc_r
                0x02017510                mbrtowc
 .text          0x0201759c       0x40 c:/devkitpro/devkitarm/bin/../lib/gcc/arm-none-eabi/4.7.1/../../../../arm-none-eabi/lib/thumb\libg.a(lib_a-mbsrtowcs.o)
                0x0201759c                _mbsrtowcs_r
                0x020175b4                mbsrtowcs
 .text          0x020175dc      0x584 c:/devkitpro/devkitarm/bin/../lib/gcc/arm-none-eabi/4.7.1/../../../../arm-none-eabi/lib/thumb\libg.a(lib_a-mbtowc_r.o)
                0x020175dc                __utf8_mbtowc
                0x0201783c                _mbtowc_r
                0x02017878                __ascii_mbtowc
                0x020178a8                __sjis_mbtowc
                0x02017968                __eucjp_mbtowc
                0x02017a30                __jis_mbtowc
 .text          0x02017b60       0x60 c:/devkitpro/devkitarm/bin/../lib/gcc/arm-none-eabi/4.7.1/../../../../arm-none-eabi/lib/thumb\libg.a(lib_a-memcmp.o)
                0x02017b60                memcmp
 .text          0x02017bc0       0x90 c:/devkitpro/devkitarm/bin/../lib/gcc/arm-none-eabi/4.7.1/../../../../arm-none-eabi/lib/thumb\libg.a(lib_a-memcpy-stub.o)
                0x02017bc0                memcpy
 .text          0x02017c50       0xb0 c:/devkitpro/devkitarm/bin/../lib/gcc/arm-none-eabi/4.7.1/../../../../arm-none-eabi/lib/thumb\libg.a(lib_a-memmove.o)
                0x02017c50                memmove
 .text          0x02017d00       0x98 c:/devkitpro/devkitarm/bin/../lib/gcc/arm-none-eabi/4.7.1/../../../../arm-none-eabi/lib/thumb\libg.a(lib_a-memset.o)
                0x02017d00                memset
 .text          0x02017d98      0x508 c:/devkitpro/devkitarm/bin/../lib/gcc/arm-none-eabi/4.7.1/../../../../arm-none-eabi/lib/thumb\libg.a(lib_a-mktime.o)
                0x02017f6c                mktime
 .text          0x020182a0      0x498 c:/devkitpro/devkitarm/bin/../lib/gcc/arm-none-eabi/4.7.1/../../../../arm-none-eabi/lib/thumb\libg.a(lib_a-mktm_r.o)
                0x020182a0                __tzcalc_limits
                0x0201843c                _mktm_r
 .text          0x02018738        0x8 c:/devkitpro/devkitarm/bin/../lib/gcc/arm-none-eabi/4.7.1/../../../../arm-none-eabi/lib/thumb\libg.a(lib_a-mlock.o)
                0x02018738                __malloc_lock
                0x0201873c                __malloc_unlock
 .text          0x02018740       0x50 c:/devkitpro/devkitarm/bin/../lib/gcc/arm-none-eabi/4.7.1/../../../../arm-none-eabi/lib/thumb\libg.a(lib_a-rand.o)
                0x02018740                srand
                0x02018754                rand
 .text          0x02018790       0x1c c:/devkitpro/devkitarm/bin/../lib/gcc/arm-none-eabi/4.7.1/../../../../arm-none-eabi/lib/thumb\libg.a(lib_a-realloc.o)
                0x02018790                realloc
 .text          0x020187ac      0x3e8 c:/devkitpro/devkitarm/bin/../lib/gcc/arm-none-eabi/4.7.1/../../../../arm-none-eabi/lib/thumb\libg.a(lib_a-reallocr.o)
                0x020187ac                _realloc_r
 .text          0x02018b94      0x144 c:/devkitpro/devkitarm/bin/../lib/gcc/arm-none-eabi/4.7.1/../../../../arm-none-eabi/lib/thumb\libg.a(lib_a-refill.o)
                0x02018bb4                __srefill_r
 .text          0x02018cd8       0x34 c:/devkitpro/devkitarm/bin/../lib/gcc/arm-none-eabi/4.7.1/../../../../arm-none-eabi/lib/thumb\libg.a(lib_a-rewind.o)
                0x02018cd8                _rewind_r
                0x02018cf4                rewind
 .text          0x02018d0c      0x120 c:/devkitpro/devkitarm/bin/../lib/gcc/arm-none-eabi/4.7.1/../../../../arm-none-eabi/lib/thumb\libg.a(lib_a-setvbuf.o)
                0x02018d0c                setvbuf
 .text          0x02018e2c       0xa0 c:/devkitpro/devkitarm/bin/../lib/gcc/arm-none-eabi/4.7.1/../../../../arm-none-eabi/lib/thumb\libg.a(lib_a-siscanf.o)
                0x02018e2c                siscanf
                0x02018e7c                _siscanf_r
 .text          0x02018ecc       0x84 c:/devkitpro/devkitarm/bin/../lib/gcc/arm-none-eabi/4.7.1/../../../../arm-none-eabi/lib/thumb\libg.a(lib_a-sprintf.o)
                0x02018ecc                _sprintf_r
                0x02018f0c                sprintf
 .text          0x02018f50       0xac c:/devkitpro/devkitarm/bin/../lib/gcc/arm-none-eabi/4.7.1/../../../../arm-none-eabi/lib/thumb\libg.a(lib_a-stdio.o)
                0x02018f50                __sread
                0x02018f7c                __seofread
                0x02018f80                __swrite
                0x02018fbc                __sseek
                0x02018fec                __sclose
 .text          0x02018ffc       0x48 c:/devkitpro/devkitarm/bin/../lib/gcc/arm-none-eabi/4.7.1/../../../../arm-none-eabi/lib/thumb\libg.a(lib_a-stpcpy.o)
                0x02018ffc                stpcpy
 .text          0x02019044       0x50 c:/devkitpro/devkitarm/bin/../lib/gcc/arm-none-eabi/4.7.1/../../../../arm-none-eabi/lib/thumb\libg.a(lib_a-strcasecmp.o)
                0x02019044                strcasecmp
 .text          0x02019094       0x50 c:/devkitpro/devkitarm/bin/../lib/gcc/arm-none-eabi/4.7.1/../../../../arm-none-eabi/lib/thumb\libg.a(lib_a-strcat.o)
                0x02019094                strcat
 .text          0x020190e4       0xd4 c:/devkitpro/devkitarm/bin/../lib/gcc/arm-none-eabi/4.7.1/../../../../arm-none-eabi/lib/thumb\libg.a(lib_a-strchr.o)
                0x020190e4                strchr
 .text          0x020191b8       0x14 c:/devkitpro/devkitarm/bin/../lib/gcc/arm-none-eabi/4.7.1/../../../../arm-none-eabi/lib/thumb\libg.a(lib_a-strcmp.o)
                0x020191b8                strcmp
 .text          0x020191cc       0x10 c:/devkitpro/devkitarm/bin/../lib/gcc/arm-none-eabi/4.7.1/../../../../arm-none-eabi/lib/thumb\libg.a(lib_a-strcpy.o)
                0x020191cc                strcpy
 .text          0x020191dc       0x48 c:/devkitpro/devkitarm/bin/../lib/gcc/arm-none-eabi/4.7.1/../../../../arm-none-eabi/lib/thumb\libg.a(lib_a-strlcpy.o)
                0x020191dc                strlcpy
 .text          0x02019224       0x10 c:/devkitpro/devkitarm/bin/../lib/gcc/arm-none-eabi/4.7.1/../../../../arm-none-eabi/lib/thumb\libg.a(lib_a-strlen.o)
                0x02019224                strlen
 .text          0x02019234       0x60 c:/devkitpro/devkitarm/bin/../lib/gcc/arm-none-eabi/4.7.1/../../../../arm-none-eabi/lib/thumb\libg.a(lib_a-strncasecmp.o)
                0x02019234                strncasecmp
 .text          0x02019294       0xbc c:/devkitpro/devkitarm/bin/../lib/gcc/arm-none-eabi/4.7.1/../../../../arm-none-eabi/lib/thumb\libg.a(lib_a-strncmp.o)
                0x02019294                strncmp
 .text          0x02019350       0x60 c:/devkitpro/devkitarm/bin/../lib/gcc/arm-none-eabi/4.7.1/../../../../arm-none-eabi/lib/thumb\libg.a(lib_a-strncpy.o)
                0x02019350                strncpy
 .text          0x020193b0       0x34 c:/devkitpro/devkitarm/bin/../lib/gcc/arm-none-eabi/4.7.1/../../../../arm-none-eabi/lib/thumb\libg.a(lib_a-strnlen.o)
                0x020193b0                strnlen
 .text          0x020193e4       0x50 c:/devkitpro/devkitarm/bin/../lib/gcc/arm-none-eabi/4.7.1/../../../../arm-none-eabi/lib/thumb\libg.a(lib_a-strpbrk.o)
                0x020193e4                strpbrk
 .text          0x02019434       0x2c c:/devkitpro/devkitarm/bin/../lib/gcc/arm-none-eabi/4.7.1/../../../../arm-none-eabi/lib/thumb\libg.a(lib_a-strrchr.o)
                0x02019434                strrchr
 .text          0x02019460      0x190 c:/devkitpro/devkitarm/bin/../lib/gcc/arm-none-eabi/4.7.1/../../../../arm-none-eabi/lib/thumb\libg.a(lib_a-strtol.o)
                0x02019460                _strtol_r
                0x020195d0                strtol
 .text          0x020195f0      0xa98 c:/devkitpro/devkitarm/bin/../lib/gcc/arm-none-eabi/4.7.1/../../../../arm-none-eabi/lib/thumb\libg.a(lib_a-svfiscanf.o)
                0x020195f0                _sungetc_r
                0x02019678                __ssrefill_r
                0x020196bc                _sfread_r
                0x02019748                __ssvfiscanf_r
 .text          0x0201a088     0x1728 c:/devkitpro/devkitarm/bin/../lib/gcc/arm-none-eabi/4.7.1/../../../../arm-none-eabi/lib/thumb\libg.a(lib_a-svfprintf.o)
                0x0201a088                _svfprintf_r
 .text          0x0201b7b0       0x18 c:/devkitpro/devkitarm/bin/../lib/gcc/arm-none-eabi/4.7.1/../../../../arm-none-eabi/lib/thumb\libg.a(lib_a-sysclose.o)
                0x0201b7b0                close
 .text          0x0201b7c8       0x20 c:/devkitpro/devkitarm/bin/../lib/gcc/arm-none-eabi/4.7.1/../../../../arm-none-eabi/lib/thumb\libg.a(lib_a-syslseek.o)
                0x0201b7c8                lseek
 .text          0x0201b7e8       0x24 c:/devkitpro/devkitarm/bin/../lib/gcc/arm-none-eabi/4.7.1/../../../../arm-none-eabi/lib/thumb\libg.a(lib_a-sysopen.o)
                0x0201b7e8                open
 .text          0x0201b80c       0x20 c:/devkitpro/devkitarm/bin/../lib/gcc/arm-none-eabi/4.7.1/../../../../arm-none-eabi/lib/thumb\libg.a(lib_a-sysread.o)
                0x0201b80c                read
 .text          0x0201b82c       0x30 c:/devkitpro/devkitarm/bin/../lib/gcc/arm-none-eabi/4.7.1/../../../../arm-none-eabi/lib/thumb\libg.a(lib_a-time.o)
                0x0201b82c                time
 .text          0x0201b85c      0x730 c:/devkitpro/devkitarm/bin/../lib/gcc/arm-none-eabi/4.7.1/../../../../arm-none-eabi/lib/thumb\libg.a(lib_a-towlower.o)
                0x0201b85c                towlower
 .text          0x0201bf8c      0x9dc c:/devkitpro/devkitarm/bin/../lib/gcc/arm-none-eabi/4.7.1/../../../../arm-none-eabi/lib/thumb\libg.a(lib_a-towupper.o)
                0x0201bf8c                towupper
 .text          0x0201c968        0x8 c:/devkitpro/devkitarm/bin/../lib/gcc/arm-none-eabi/4.7.1/../../../../arm-none-eabi/lib/thumb\libg.a(lib_a-tzlock.o)
                0x0201c968                __tz_lock
                0x0201c96c                __tz_unlock
 .text          0x0201c970        0x0 c:/devkitpro/devkitarm/bin/../lib/gcc/arm-none-eabi/4.7.1/../../../../arm-none-eabi/lib/thumb\libg.a(lib_a-tzvars.o)
 .text          0x0201c970      0x188 c:/devkitpro/devkitarm/bin/../lib/gcc/arm-none-eabi/4.7.1/../../../../arm-none-eabi/lib/thumb\libg.a(lib_a-ungetc.o)
                0x0201c970                __submore
                0x0201c9f8                _ungetc_r
                0x0201cadc                ungetc
 .text          0x0201caf8      0xed4 c:/devkitpro/devkitarm/bin/../lib/gcc/arm-none-eabi/4.7.1/../../../../arm-none-eabi/lib/thumb\libg.a(lib_a-vfiprintf.o)
                0x0201caf8                __sprint_r
                0x0201cb7c                _vfiprintf_r
                0x0201d9a8                vfiprintf
 .text          0x0201d9cc       0xe8 c:/devkitpro/devkitarm/bin/../lib/gcc/arm-none-eabi/4.7.1/../../../../arm-none-eabi/lib/thumb\libg.a(lib_a-wcrtomb.o)
                0x0201d9cc                _wcrtomb_r
                0x0201da34                wcrtomb
 .text          0x0201dab4       0x40 c:/devkitpro/devkitarm/bin/../lib/gcc/arm-none-eabi/4.7.1/../../../../arm-none-eabi/lib/thumb\libg.a(lib_a-wcsrtombs.o)
                0x0201dab4                _wcsrtombs_r
                0x0201dacc                wcsrtombs
 .text          0x0201daf4       0x54 c:/devkitpro/devkitarm/bin/../lib/gcc/arm-none-eabi/4.7.1/../../../../arm-none-eabi/lib/thumb\libg.a(lib_a-wctob.o)
                0x0201daf4                wctob
 .text          0x0201db48      0x2a4 c:/devkitpro/devkitarm/bin/../lib/gcc/arm-none-eabi/4.7.1/../../../../arm-none-eabi/lib/thumb\libg.a(lib_a-wctomb_r.o)
                0x0201db48                __utf8_wctomb
                0x0201dbfc                _wctomb_r
                0x0201dc34                __ascii_wctomb
                0x0201dc54                __sjis_wctomb
                0x0201dcd0                __eucjp_wctomb
                0x0201dd6c                __jis_wctomb
 .text          0x0201ddec       0xd0 c:/devkitpro/devkitarm/bin/../lib/gcc/arm-none-eabi/4.7.1/../../../../arm-none-eabi/lib/thumb\libg.a(lib_a-wsetup.o)
                0x0201ddec                __swsetup_r
 .text          0x0201debc       0x40 c:/devkitpro/devkitarm/bin/../lib/gcc/arm-none-eabi/4.7.1/../../../../arm-none-eabi/lib/thumb\libg.a(lib_a-div.o)
                0x0201debc                div
 *fill*         0x0201defc        0x4 ff
 .text          0x0201df00     0x10a0 c:/devkitpro/devkitarm/bin/../lib/gcc/arm-none-eabi/4.7.1/../../../../arm-none-eabi/lib/thumb\libg.a(lib_a-dtoa.o)
                0x0201e058                _dtoa_r
 .text          0x0201efa0       0x70 c:/devkitpro/devkitarm/bin/../lib/gcc/arm-none-eabi/4.7.1/../../../../arm-none-eabi/lib/thumb\libg.a(lib_a-flags.o)
                0x0201efa0                __sflags
 .text          0x0201f010      0x104 c:/devkitpro/devkitarm/bin/../lib/gcc/arm-none-eabi/4.7.1/../../../../arm-none-eabi/lib/thumb\libg.a(lib_a-fputwc.o)
                0x0201f010                _fputwc_r
                0x0201f0e8                fputwc
 .text          0x0201f114      0x2fc c:/devkitpro/devkitarm/bin/../lib/gcc/arm-none-eabi/4.7.1/../../../../arm-none-eabi/lib/thumb\libg.a(lib_a-fvwrite.o)
                0x0201f114                __sfvwrite_r
 .text          0x0201f410       0xa8 c:/devkitpro/devkitarm/bin/../lib/gcc/arm-none-eabi/4.7.1/../../../../arm-none-eabi/lib/thumb\libg.a(lib_a-getenv_r.o)
                0x0201f410                _findenv_r
                0x0201f4a8                _getenv_r
 .text          0x0201f4b8        0x8 c:/devkitpro/devkitarm/bin/../lib/gcc/arm-none-eabi/4.7.1/../../../../arm-none-eabi/lib/thumb\libg.a(lib_a-gettzinfo.o)
                0x0201f4b8                __gettzinfo
 .text          0x0201f4c0       0x78 c:/devkitpro/devkitarm/bin/../lib/gcc/arm-none-eabi/4.7.1/../../../../arm-none-eabi/lib/thumb\libg.a(lib_a-iswspace.o)
                0x0201f4c0                iswspace
 .text          0x0201f538      0x1f0 c:/devkitpro/devkitarm/bin/../lib/gcc/arm-none-eabi/4.7.1/../../../../arm-none-eabi/lib/thumb\libg.a(lib_a-jp2uc.o)
                0x0201f6c4                _jp2uc
 .text          0x0201f728       0xe8 c:/devkitpro/devkitarm/bin/../lib/gcc/arm-none-eabi/4.7.1/../../../../arm-none-eabi/lib/thumb\libg.a(lib_a-mbsnrtowcs.o)
                0x0201f728                _mbsnrtowcs_r
                0x0201f7e4                mbsnrtowcs
 .text          0x0201f810       0x98 c:/devkitpro/devkitarm/bin/../lib/gcc/arm-none-eabi/4.7.1/../../../../arm-none-eabi/lib/thumb\libg.a(lib_a-memchr-stub.o)
                0x0201f810                memchr
 .text          0x0201f8a8      0x978 c:/devkitpro/devkitarm/bin/../lib/gcc/arm-none-eabi/4.7.1/../../../../arm-none-eabi/lib/thumb\libg.a(lib_a-mprec.o)
                0x0201f8a8                _Balloc
                0x0201f8fc                _Bfree
                0x0201f914                __multadd
                0x0201f9c0                __s2b
                0x0201fa5c                __hi0bits
                0x0201fa94                __lo0bits
                0x0201faf4                __i2b
                0x0201fb0c                __multiply
                0x0201fc70                __pow5mult
                0x0201fd20                __lshift
                0x0201fdf0                __mcmp
                0x0201fe2c                __mdiff
                0x0201ff1c                __ulp
                0x0201ff64                __b2d
                0x02020008                __d2b
                0x020200c0                __ratio
                0x0202013c                _mprec_log10
                0x0202017c                __copybits
                0x020201c4                __any_on
 .text          0x02020220       0x7c c:/devkitpro/devkitarm/bin/../lib/gcc/arm-none-eabi/4.7.1/../../../../arm-none-eabi/lib/thumb\libg.a(lib_a-sccl.o)
                0x02020220                __sccl
 .text          0x0202029c       0x5c c:/devkitpro/devkitarm/bin/../lib/gcc/arm-none-eabi/4.7.1/../../../../arm-none-eabi/lib/thumb\libg.a(lib_a-s_fpclassify.o)
                0x0202029c                __fpclassifyd
 .text          0x020202f8      0x208 c:/devkitpro/devkitarm/bin/../lib/gcc/arm-none-eabi/4.7.1/../../../../arm-none-eabi/lib/thumb\libg.a(lib_a-strtoll_r.o)
                0x020202f8                _strtoll_r
 .text          0x02020500      0x238 c:/devkitpro/devkitarm/bin/../lib/gcc/arm-none-eabi/4.7.1/../../../../arm-none-eabi/lib/thumb\libg.a(lib_a-strtoull_r.o)
                0x02020500                _strtoull_r
 .text          0x02020738      0x198 c:/devkitpro/devkitarm/bin/../lib/gcc/arm-none-eabi/4.7.1/../../../../arm-none-eabi/lib/thumb\libg.a(lib_a-strtoul.o)
                0x02020738                _strtoul_r
                0x020208b0                strtoul
 .text          0x020208d0      0xeb4 c:/devkitpro/devkitarm/bin/../lib/gcc/arm-none-eabi/4.7.1/../../../../arm-none-eabi/lib/thumb\libg.a(lib_a-svfiprintf.o)
                0x020208d0                __ssprint_r
                0x02020a00                _svfiprintf_r
 .text          0x02021784       0xd0 c:/devkitpro/devkitarm/bin/../lib/gcc/arm-none-eabi/4.7.1/../../../../arm-none-eabi/lib/thumb\libg.a(lib_a-wbuf.o)
                0x02021784                __swbuf_r
                0x02021838                __swbuf
 .text          0x02021854      0x150 c:/devkitpro/devkitarm/bin/../lib/gcc/arm-none-eabi/4.7.1/../../../../arm-none-eabi/lib/thumb\libg.a(lib_a-wcsnrtombs.o)
                0x02021854                _wcsnrtombs_r
                0x02021974                wcsnrtombs
 .text          0x020219a4        0x0 c:/devkitpro/devkitarm/bin/../lib/gcc/arm-none-eabi/4.7.1/../../../../arm-none-eabi/lib/thumb\libg.a(lib_a-environ.o)
 .text          0x020219a4        0x8 c:/devkitpro/devkitarm/bin/../lib/gcc/arm-none-eabi/4.7.1/../../../../arm-none-eabi/lib/thumb\libg.a(lib_a-envlock.o)
                0x020219a4                __env_lock
                0x020219a8                __env_unlock
 .text          0x020219ac      0x144 c:/devkitpro/devkitarm/bin/../lib/gcc/arm-none-eabi/4.7.1/../../../../arm-none-eabi/lib/thumb\libsysbase.a(iosupport.o)
                0x020219ac                setDefaultDevice
                0x020219c0                FindDevice
                0x02021a30                RemoveDevice
                0x02021a54                AddDevice
                0x02021ad0                GetDeviceOpTab
 .text          0x02021af0       0x50 c:/devkitpro/devkitarm/bin/../lib/gcc/arm-none-eabi/4.7.1/../../../../arm-none-eabi/lib/thumb\libsysbase.a(close.o)
                0x02021af0                _close_r
 .text          0x02021b40       0x50 c:/devkitpro/devkitarm/bin/../lib/gcc/arm-none-eabi/4.7.1/../../../../arm-none-eabi/lib/thumb\libsysbase.a(fstat.o)
                0x02021b40                _fstat_r
 .text          0x02021b90        0x4 c:/devkitpro/devkitarm/bin/../lib/gcc/arm-none-eabi/4.7.1/../../../../arm-none-eabi/lib/thumb\libsysbase.a(isatty.o)
                0x02021b90                _isatty_r
 .text          0x02021b94       0x50 c:/devkitpro/devkitarm/bin/../lib/gcc/arm-none-eabi/4.7.1/../../../../arm-none-eabi/lib/thumb\libsysbase.a(lseek.o)
                0x02021b94                _lseek_r
 .text          0x02021be4       0xa0 c:/devkitpro/devkitarm/bin/../lib/gcc/arm-none-eabi/4.7.1/../../../../arm-none-eabi/lib/thumb\libsysbase.a(open.o)
                0x02021be4                _open_r
 .text          0x02021c84       0x50 c:/devkitpro/devkitarm/bin/../lib/gcc/arm-none-eabi/4.7.1/../../../../arm-none-eabi/lib/thumb\libsysbase.a(read.o)
                0x02021c84                _read_r
 .text          0x02021cd4       0x54 c:/devkitpro/devkitarm/bin/../lib/gcc/arm-none-eabi/4.7.1/../../../../arm-none-eabi/lib/thumb\libsysbase.a(sbrk.o)
                0x02021cd4                _sbrk_r
 .text          0x02021d28       0x44 c:/devkitpro/devkitarm/bin/../lib/gcc/arm-none-eabi/4.7.1/../../../../arm-none-eabi/lib/thumb\libsysbase.a(times.o)
                0x02021d28                _times
                0x02021d3c                _times_r
                0x02021d44                _gettimeofday_r
 .text          0x02021d6c       0x58 c:/devkitpro/devkitarm/bin/../lib/gcc/arm-none-eabi/4.7.1/../../../../arm-none-eabi/lib/thumb\libsysbase.a(write.o)
                0x02021d6c                _write_r
 .text          0x02021dc4        0x0 c:/devkitpro/devkitarm/bin/../lib/gcc/arm-none-eabi/4.7.1/../../../../arm-none-eabi/lib/thumb\libsysbase.a(malloc_vars.o)
 .text          0x02021dc4      0x24c c:/devkitpro/devkitarm/bin/../lib/gcc/arm-none-eabi/4.7.1/../../../../arm-none-eabi/lib/thumb\libsysbase.a(chdir.o)
                0x02021dc4                _concatenate_path
                0x02021ee0                chdir
                0x02021fc0                getcwd
 .text          0x02022010       0x4c c:/devkitpro/devkitarm/bin/../lib/gcc/arm-none-eabi/4.7.1/../../../../arm-none-eabi/lib/thumb\libsysbase.a(build_argv.o)
                0x02022010                build_argv
 .text          0x0202205c        0x0 c:/devkitpro/devkitarm/bin/../lib/gcc/arm-none-eabi/4.7.1/../../../../arm-none-eabi/lib/thumb\libsysbase.a(syscall_support.o)
 .text          0x0202205c       0x84 c:/devkitpro/devkitarm/bin/../lib/gcc/arm-none-eabi/4.7.1/../../../../arm-none-eabi/lib/thumb\libsysbase.a(handle_manager.o)
                0x0202205c                __release_handle
                0x02022088                __alloc_handle
                0x020220c0                __get_handle
 .text          0x020220e0      0x41c c:/devkitpro/devkitarm/bin/../lib/gcc/arm-none-eabi/4.7.1/thumb\libgcc.a(_arm_addsubdf3.o)
                0x020220e0                __aeabi_drsub
                0x020220e8                __aeabi_dsub
                0x020220e8                __subdf3
                0x020220ec                __aeabi_dadd
                0x020220ec                __adddf3
                0x020223fc                __floatunsidf
                0x020223fc                __aeabi_ui2d
                0x02022420                __floatsidf
                0x02022420                __aeabi_i2d
                0x02022448                __aeabi_f2d
                0x02022448                __extendsfdf2
                0x02022488                __floatundidf
                0x02022488                __aeabi_ul2d
                0x0202249c                __floatdidf
                0x0202249c                __aeabi_l2d
 .text          0x020224fc      0x49c c:/devkitpro/devkitarm/bin/../lib/gcc/arm-none-eabi/4.7.1/thumb\libgcc.a(_arm_muldivdf3.o)
                0x020224fc                __aeabi_dmul
                0x020224fc                __muldf3
                0x0202278c                __divdf3
                0x0202278c                __aeabi_ddiv
 .text          0x02022998      0x144 c:/devkitpro/devkitarm/bin/../lib/gcc/arm-none-eabi/4.7.1/thumb\libgcc.a(_arm_cmpdf2.o)
                0x02022998                __gtdf2
                0x02022998                __gedf2
                0x020229a0                __ltdf2
                0x020229a0                __ledf2
                0x020229a8                __nedf2
                0x020229a8                __eqdf2
                0x020229a8                __cmpdf2
                0x02022a30                __aeabi_cdrcmple
                0x02022a4c                __aeabi_cdcmpeq
                0x02022a4c                __aeabi_cdcmple
                0x02022a64                __aeabi_dcmpeq
                0x02022a7c                __aeabi_dcmplt
                0x02022a94                __aeabi_dcmple
                0x02022aac                __aeabi_dcmpge
                0x02022ac4                __aeabi_dcmpgt
 .text          0x02022adc       0x5c c:/devkitpro/devkitarm/bin/../lib/gcc/arm-none-eabi/4.7.1/thumb\libgcc.a(_arm_fixdfsi.o)
                0x02022adc                __aeabi_d2iz
                0x02022adc                __fixdfsi
 .text          0x02022b38       0x3c c:/devkitpro/devkitarm/bin/../lib/gcc/arm-none-eabi/4.7.1/thumb\libgcc.a(_aeabi_uldivmod.o)
                0x02022b38                __aeabi_uldivmod
 .text          0x02022b74       0x7c c:/devkitpro/devkitarm/bin/../lib/gcc/arm-none-eabi/4.7.1/thumb\libgcc.a(bpabi.o)
                0x02022b74                __gnu_ldivmod_helper
                0x02022bb4                __gnu_uldivmod_helper
 .text          0x02022bf0      0x3d4 c:/devkitpro/devkitarm/bin/../lib/gcc/arm-none-eabi/4.7.1/thumb\libgcc.a(_divdi3.o)
                0x02022bf0                __divdi3
 .text          0x02022fc4      0x3a0 c:/devkitpro/devkitarm/bin/../lib/gcc/arm-none-eabi/4.7.1/thumb\libgcc.a(_udivdi3.o)
                0x02022fc4                __udivdi3
 .text          0x02023364       0x48 c:/devkitpro/devkitarm/bin/../lib/gcc/arm-none-eabi/4.7.1/thumb\libgcc.a(_clzsi2.o)
                0x02023364                __clzsi2
 .text          0x020233ac        0xc c:/devkitpro/devkitarm/bin/../lib/gcc/arm-none-eabi/4.7.1/../../../../arm-none-eabi/lib/thumb\libg.a(lib_a-errno.o)
                0x020233ac                __errno
 .text          0x020233b8        0x0 c:/devkitpro/devkitarm/bin/../lib/gcc/arm-none-eabi/4.7.1/thumb/crtend.o
 .text          0x020233b8        0x0 c:/devkitpro/devkitarm/bin/../lib/gcc/arm-none-eabi/4.7.1/thumb/crtn.o
 *(.text.*)
 .text.startup  0x020233b8      0x28c main.o
                0x020233b8                main
 *fill*         0x02023644        0x4 ff
 .text.startup.stub
                0x02023648       0xd8 linker stubs
 *(.stub)
 *(.gnu.warning)
 *(.gnu.linkonce.t*)
 *(.glue_7)
 .glue_7        0x00000000        0x0 linker stubs
 *(.glue_7t)
 .glue_7t       0x00000000        0x0 linker stubs
                0x02023720                . = ALIGN (0x4)

.vfp11_veneer   0x02023730        0x0
 .vfp11_veneer  0x00000000        0x0 linker stubs

.v4_bx          0x02023730        0x0
 .v4_bx         0x00000000        0x0 linker stubs

.iplt           0x02023730        0x0
 .iplt          0x00000000        0x0 c:/devkitpro/devkitarm/bin/../lib/gcc/arm-none-eabi/4.7.1/../../../../arm-none-eabi/lib/thumb/ds_arm9_crt0.o

.fini           0x02023730        0xc
 *(.fini)
 .fini          0x02023730        0x4 c:/devkitpro/devkitarm/bin/../lib/gcc/arm-none-eabi/4.7.1/thumb/crti.o
                0x02023730                _fini
 .fini          0x02023734        0x8 c:/devkitpro/devkitarm/bin/../lib/gcc/arm-none-eabi/4.7.1/thumb/crtn.o
                0x0202373c                __text_end = .

.rodata         0x02023740     0x7b54
 *(.rodata)
 .rodata        0x02023740       0x50 c:/Users/Derrick/Desktop/nflib_20120804/nflib/examples/text/text16/nflib/lib\libnflib.a(nf_basic.o)
 .rodata        0x02023790       0x64 c:/devkitPro/libnds/lib\libfat.a(libfat.o)
 .rodata        0x020237f4        0xc c:/devkitPro/libnds/lib\libfat.a(partition.o)
 .rodata        0x02023800       0x54 c:/devkitPro/libnds/lib\libfat.a(directory.o)
 .rodata        0x02023854       0x18 c:/devkitPro/libnds/lib\libfat.a(disc.o)
                0x02023854                _FAT_disc_interfaces
 .rodata        0x0202386c      0x200 c:/devkitPro/libnds/lib\libnds9.a(console.o)
 .rodata        0x02023a6c      0x308 c:/devkitPro/libnds/lib\libnds9.a(trig.o)
                0x02023a6c                SIN_LUT
                0x02023b70                TAN_LUT
 .rodata        0x02023d74        0xc c:/devkitPro/libnds/lib\libnds9.a(dldi.o)
                0x02023d74                DLDI_MAGIC_STRING_BACKWARDS
                0x02023d7c                DLDI_MAGIC_NUMBER
 .rodata        0x02023d80       0x20 c:/devkitPro/libnds/lib\libnds9.a(dsi_sd.o)
                0x02023d80                __io_dsisd
 .rodata        0x02023da0     0x2004 c:/devkitPro/libnds/lib\libnds9.a(default_font.bin.o)
                0x02023da0                default_font_bin
                0x02025da0                default_font_bin_size
                0x02025da0                default_font_bin_end
 .rodata        0x02025da4      0x104 c:/devkitpro/devkitarm/bin/../lib/gcc/arm-none-eabi/4.7.1/../../../../arm-none-eabi/lib/thumb\libg.a(lib_a-ctype_.o)
                0x02025da4                _ctype_
 .rodata        0x02025ea8        0x4 c:/devkitpro/devkitarm/bin/../lib/gcc/arm-none-eabi/4.7.1/../../../../arm-none-eabi/lib/thumb\libg.a(lib_a-impure.o)
                0x02025ea8                _global_impure_ptr
 .rodata        0x02025eac       0xf0 c:/devkitpro/devkitarm/bin/../lib/gcc/arm-none-eabi/4.7.1/../../../../arm-none-eabi/lib/thumb\libg.a(lib_a-locale.o)
 .rodata        0x02025f9c       0xa8 c:/devkitpro/devkitarm/bin/../lib/gcc/arm-none-eabi/4.7.1/../../../../arm-none-eabi/lib/thumb\libg.a(lib_a-mbtowc_r.o)
 .rodata        0x02026044       0x60 c:/devkitpro/devkitarm/bin/../lib/gcc/arm-none-eabi/4.7.1/../../../../arm-none-eabi/lib/thumb\libg.a(lib_a-mktime.o)
 .rodata        0x020260a4       0x68 c:/devkitpro/devkitarm/bin/../lib/gcc/arm-none-eabi/4.7.1/../../../../arm-none-eabi/lib/thumb\libg.a(lib_a-mktm_r.o)
 .rodata        0x0202610c      0x340 c:/devkitpro/devkitarm/bin/../lib/gcc/arm-none-eabi/4.7.1/../../../../arm-none-eabi/lib/thumb\libg.a(lib_a-svfiscanf.o)
 .rodata        0x0202644c      0x184 c:/devkitpro/devkitarm/bin/../lib/gcc/arm-none-eabi/4.7.1/../../../../arm-none-eabi/lib/thumb\libg.a(lib_a-svfprintf.o)
 .rodata        0x020265d0      0x580 c:/devkitpro/devkitarm/bin/../lib/gcc/arm-none-eabi/4.7.1/../../../../arm-none-eabi/lib/thumb\libg.a(lib_a-towlower.o)
 .rodata        0x02026b50      0x3e4 c:/devkitpro/devkitarm/bin/../lib/gcc/arm-none-eabi/4.7.1/../../../../arm-none-eabi/lib/thumb\libg.a(lib_a-towupper.o)
 .rodata        0x02026f34      0x184 c:/devkitpro/devkitarm/bin/../lib/gcc/arm-none-eabi/4.7.1/../../../../arm-none-eabi/lib/thumb\libg.a(lib_a-vfiprintf.o)
 .rodata        0x020270b8     0x34f0 c:/devkitpro/devkitarm/bin/../lib/gcc/arm-none-eabi/4.7.1/../../../../arm-none-eabi/lib/thumb\libg.a(lib_a-jp2uc.o)
 .rodata        0x0202a5a8      0x128 c:/devkitpro/devkitarm/bin/../lib/gcc/arm-none-eabi/4.7.1/../../../../arm-none-eabi/lib/thumb\libg.a(lib_a-mprec.o)
                0x0202a5b8                __mprec_tens
                0x0202a680                __mprec_tinytens
                0x0202a6a8                __mprec_bigtens
 .rodata        0x0202a6d0      0x184 c:/devkitpro/devkitarm/bin/../lib/gcc/arm-none-eabi/4.7.1/../../../../arm-none-eabi/lib/thumb\libg.a(lib_a-svfiprintf.o)
 .rodata        0x0202a854       0x64 c:/devkitpro/devkitarm/bin/../lib/gcc/arm-none-eabi/4.7.1/../../../../arm-none-eabi/lib/thumb\libsysbase.a(iosupport.o)
                0x0202a854                dotab_stdnull
 .rodata        0x0202a8b8        0xc c:/devkitpro/devkitarm/bin/../lib/gcc/arm-none-eabi/4.7.1/../../../../arm-none-eabi/lib/thumb\libsysbase.a(chdir.o)
                0x0202a8b8                DIRECTORY_PARENT
                0x0202a8bc                DIRECTORY_THIS
                0x0202a8c0                DIRECTORY_SEPARATOR
 *all.rodata*(*)
 *(.roda)
 *(.rodata.*)
 .rodata.str1.4
                0x0202a8c4       0xcb main.o
                                 0xcc (size before relaxing)
 *fill*         0x0202a98f        0x1 ff
 .rodata.str1.4
                0x0202a990       0x27 c:/Users/Derrick/Desktop/nflib_20120804/nflib/examples/text/text16/nflib/lib\libnflib.a(nf_2d.o)
                                 0x28 (size before relaxing)
 *fill*         0x0202a9b7        0x1 ff
 .rodata.str1.4
                0x0202a9b8      0x613 c:/Users/Derrick/Desktop/nflib_20120804/nflib/examples/text/text16/nflib/lib\libnflib.a(nf_basic.o)
                                0x628 (size before relaxing)
 *fill*         0x0202afcb        0x1 ff
 .rodata.str1.4
                0x0202afcc       0x70 c:/Users/Derrick/Desktop/nflib_20120804/nflib/examples/text/text16/nflib/lib\libnflib.a(nf_sprite256.o)
                                 0x7c (size before relaxing)
 .rodata.str1.4
                0x0202b03c       0x15 c:/Users/Derrick/Desktop/nflib_20120804/nflib/examples/text/text16/nflib/lib\libnflib.a(nf_text.o)
                                 0x28 (size before relaxing)
 .rodata.str1.4
                0x00000000       0x28 c:/Users/Derrick/Desktop/nflib_20120804/nflib/examples/text/text16/nflib/lib\libnflib.a(nf_text16.o)
 *fill*         0x0202b051        0x3 ff
 .rodata.str1.4
                0x0202b054       0x40 c:/Users/Derrick/Desktop/nflib_20120804/nflib/examples/text/text16/nflib/lib\libnflib.a(nf_tiledbg.o)
                                 0x6c (size before relaxing)
 .rodata.str1.4
                0x0202b094       0x17 c:/devkitPro/libnds/lib\libfilesystem.a(nitrofs.o)
                                 0x20 (size before relaxing)
 *fill*         0x0202b0ab        0x1 ff
 .rodata.str1.4
                0x0202b0ac       0x10 c:/devkitPro/libnds/lib\libfat.a(libfat.o)
                                 0x14 (size before relaxing)
 .rodata.str1.4
                0x00000000        0x8 c:/devkitPro/libnds/lib\libfat.a(directory.o)
 .rodata.str1.4
                0x00000000        0x8 c:/devkitPro/libnds/lib\libfat.a(disc.o)
 .rodata.str1.4
                0x0202b0bc        0x5 c:/devkitPro/libnds/lib\libfat.a(fatdir.o)
                                  0x8 (size before relaxing)
 *fill*         0x0202b0c1        0x3 ff
 .rodata.str1.4
                0x0202b0c4       0x49 c:/devkitPro/libnds/lib\libnds9.a(console.o)
                                 0x4c (size before relaxing)
 *fill*         0x0202b10d        0x3 ff
 .rodata.str1.4
                0x0202b110        0x2 c:/devkitpro/devkitarm/bin/../lib/gcc/arm-none-eabi/4.7.1/../../../../arm-none-eabi/lib/thumb\libg.a(lib_a-impure.o)
                                  0x4 (size before relaxing)
 *fill*         0x0202b112        0x2 ff
 .rodata.str1.4
                0x0202b114      0x120 c:/devkitpro/devkitarm/bin/../lib/gcc/arm-none-eabi/4.7.1/../../../../arm-none-eabi/lib/thumb\libg.a(lib_a-locale.o)
                                0x130 (size before relaxing)
 .rodata.str1.4
                0x00000000        0x4 c:/devkitpro/devkitarm/bin/../lib/gcc/arm-none-eabi/4.7.1/../../../../arm-none-eabi/lib/thumb\libg.a(lib_a-mbrtowc.o)
 .rodata.str1.4
                0x0202b234       0x42 c:/devkitpro/devkitarm/bin/../lib/gcc/arm-none-eabi/4.7.1/../../../../arm-none-eabi/lib/thumb\libg.a(lib_a-svfprintf.o)
                                 0x44 (size before relaxing)
 *fill*         0x0202b276        0x2 ff
 .rodata.str1.4
                0x0202b278        0x4 c:/devkitpro/devkitarm/bin/../lib/gcc/arm-none-eabi/4.7.1/../../../../arm-none-eabi/lib/thumb\libg.a(lib_a-tzvars.o)
 .rodata.str1.4
                0x00000000       0x30 c:/devkitpro/devkitarm/bin/../lib/gcc/arm-none-eabi/4.7.1/../../../../arm-none-eabi/lib/thumb\libg.a(lib_a-vfiprintf.o)
 .rodata.str1.4
                0x0202b27c       0x10 c:/devkitpro/devkitarm/bin/../lib/gcc/arm-none-eabi/4.7.1/../../../../arm-none-eabi/lib/thumb\libg.a(lib_a-dtoa.o)
                                 0x14 (size before relaxing)
 .rodata.str1.4
                0x00000000       0x14 c:/devkitpro/devkitarm/bin/../lib/gcc/arm-none-eabi/4.7.1/../../../../arm-none-eabi/lib/thumb\libg.a(lib_a-jp2uc.o)
 .rodata.str1.4
                0x00000000       0x30 c:/devkitpro/devkitarm/bin/../lib/gcc/arm-none-eabi/4.7.1/../../../../arm-none-eabi/lib/thumb\libg.a(lib_a-svfiprintf.o)
 .rodata.str1.4
                0x0202b28c        0x8 c:/devkitpro/devkitarm/bin/../lib/gcc/arm-none-eabi/4.7.1/../../../../arm-none-eabi/lib/thumb\libsysbase.a(iosupport.o)
 *(.gnu.linkonce.r*)
                0x0202b294                . = ALIGN (0x4)

.rel.dyn        0x0202b294        0x0
 .rel.iplt      0x00000000        0x0 c:/devkitpro/devkitarm/bin/../lib/gcc/arm-none-eabi/4.7.1/../../../../arm-none-eabi/lib/thumb/ds_arm9_crt0.o

.ARM.extab
 *(.ARM.extab* .gnu.linkonce.armextab.*)
                0x0202b294                __exidx_start = .

ARM.exidx
 *(.ARM.exidx* .gnu.linkonce.armexidx.*)
                0x0202b294                __exidx_end = .
                0x0202b294                . = ALIGN (0x4)
                0x0202b294                PROVIDE (__preinit_array_start, .)

.preinit_array
 *(.preinit_array)
                0x0202b294                PROVIDE (__preinit_array_end, .)
                0x0202b294                PROVIDE (__init_array_start, .)

.init_array     0x0202b294        0x4
 *(SORT(.init_array.*))
 *(.init_array)
 .init_array    0x0202b294        0x4 c:/devkitpro/devkitarm/bin/../lib/gcc/arm-none-eabi/4.7.1/thumb/crtbegin.o
                0x0202b298                PROVIDE (__init_array_end, .)
                0x0202b298                PROVIDE (__fini_array_start, .)

.fini_array     0x0202b298        0x4
 *(.fini_array)
 .fini_array    0x0202b298        0x4 c:/devkitpro/devkitarm/bin/../lib/gcc/arm-none-eabi/4.7.1/thumb/crtbegin.o
 *(SORT(.fini_array.*))
                0x0202b29c                PROVIDE (__fini_array_end, .)

.ctors          0x0202b29c        0x0
 *crtbegin.o(.ctors)
 *(EXCLUDE_FILE(*crtend.o) .ctors)
 *(SORT(.ctors.*))
 *(.ctors)
                0x0202b29c                . = ALIGN (0x4)

.dtors          0x0202b29c        0x0
 *crtbegin.o(.dtors)
 *(EXCLUDE_FILE(*crtend.o) .dtors)
 *(SORT(.dtors.*))
 *(.dtors)
                0x0202b29c                . = ALIGN (0x4)

.eh_frame       0x0202b29c        0x4
 *(.eh_frame)
 .eh_frame      0x0202b29c        0x0 c:/devkitpro/devkitarm/bin/../lib/gcc/arm-none-eabi/4.7.1/thumb/crtbegin.o
 .eh_frame      0x0202b29c        0x4 c:/devkitpro/devkitarm/bin/../lib/gcc/arm-none-eabi/4.7.1/thumb/crtend.o
                0x0202b2a0                . = ALIGN (0x4)

.gcc_except_table
                0x0202b2a0        0x0
 *(.gcc_except_table)
                0x0202b2a0                . = ALIGN (0x4)

.jcr            0x0202b2a0        0x4
 *(.jcr)
 .jcr           0x0202b2a0        0x0 c:/devkitpro/devkitarm/bin/../lib/gcc/arm-none-eabi/4.7.1/thumb/crtbegin.o
 .jcr           0x0202b2a0        0x4 c:/devkitpro/devkitarm/bin/../lib/gcc/arm-none-eabi/4.7.1/thumb/crtend.o

.got
 *(.got.plt)
 *(.got)
 *(.rel.got)

.ewram          0x0202b2a4        0x0
                0x0202b2a4                __ewram_start = ABSOLUTE (.)
 *(.ewram)
 *ewram.*(.text)
                0x0202b2a4                . = ALIGN (0x4)

.data           0x0202b2a4      0xfd8
                0x0202b2a4                __data_start = ABSOLUTE (.)
 *(.data)
 .data          0x0202b2a4        0x0 c:/devkitpro/devkitarm/bin/../lib/gcc/arm-none-eabi/4.7.1/../../../../arm-none-eabi/lib/thumb/ds_arm9_crt0.o
 .data          0x0202b2a4        0x0 c:/devkitpro/devkitarm/bin/../lib/gcc/arm-none-eabi/4.7.1/thumb/crti.o
 .data          0x0202b2a4        0x4 c:/devkitpro/devkitarm/bin/../lib/gcc/arm-none-eabi/4.7.1/thumb/crtbegin.o
                0x0202b2a4                __dso_handle
 .data          0x0202b2a8        0x0 main.o
 .data          0x0202b2a8        0x0 c:/Users/Derrick/Desktop/nflib_20120804/nflib/examples/text/text16/nflib/lib\libnflib.a(nf_2d.o)
 .data          0x0202b2a8        0x0 c:/Users/Derrick/Desktop/nflib_20120804/nflib/examples/text/text16/nflib/lib\libnflib.a(nf_basic.o)
 .data          0x0202b2a8        0x0 c:/Users/Derrick/Desktop/nflib_20120804/nflib/examples/text/text16/nflib/lib\libnflib.a(nf_sprite256.o)
 .data          0x0202b2a8        0x0 c:/Users/Derrick/Desktop/nflib_20120804/nflib/examples/text/text16/nflib/lib\libnflib.a(nf_text.o)
 .data          0x0202b2a8        0x0 c:/Users/Derrick/Desktop/nflib_20120804/nflib/examples/text/text16/nflib/lib\libnflib.a(nf_text16.o)
 .data          0x0202b2a8        0x0 c:/Users/Derrick/Desktop/nflib_20120804/nflib/examples/text/text16/nflib/lib\libnflib.a(nf_tiledbg.o)
 .data          0x0202b2a8       0x70 c:/devkitPro/libnds/lib\libfilesystem.a(nitrofs.o)
                0x0202b2ac                syspaths
                0x0202b2b4                nitroFSdevoptab
 .data          0x0202b318        0x0 c:/devkitPro/libnds/lib\libfat.a(libfat.o)
 .data          0x0202b318        0x0 c:/devkitPro/libnds/lib\libfat.a(partition.o)
 .data          0x0202b318        0x0 c:/devkitPro/libnds/lib\libfat.a(cache.o)
 .data          0x0202b318        0x0 c:/devkitPro/libnds/lib\libfat.a(directory.o)
 .data          0x0202b318        0x0 c:/devkitPro/libnds/lib\libfat.a(disc.o)
 .data          0x0202b318        0x0 c:/devkitPro/libnds/lib\libfat.a(fatdir.o)
 .data          0x0202b318        0x0 c:/devkitPro/libnds/lib\libfat.a(fatfile.o)
 .data          0x0202b318        0x0 c:/devkitPro/libnds/lib\libfat.a(file_allocation_table.o)
 .data          0x0202b318        0x0 c:/devkitPro/libnds/lib\libfat.a(filetime.o)
 .data          0x0202b318        0x0 c:/devkitPro/libnds/lib\libfat.a(lock.o)
 .data          0x0202b318       0x64 c:/devkitPro/libnds/lib\libnds9.a(console.o)
                0x0202b318                currentConsole
                0x0202b31c                defaultConsole
 .data          0x0202b37c       0x30 c:/devkitPro/libnds/lib\libnds9.a(sprite.o)
                0x0202b37c                oamMain
                0x0202b394                oamSub
 .data          0x0202b3ac        0x0 c:/devkitPro/libnds/lib\libnds9.a(sprite_alloc.o)
 .data          0x0202b3ac        0x0 c:/devkitPro/libnds/lib\libnds9.a(trig.o)
 .data          0x0202b3ac        0x0 c:/devkitPro/libnds/lib\libnds9.a(video.o)
 .data          0x0202b3ac        0x4 c:/devkitPro/libnds/lib\libnds9.a(dldi.o)
                0x0202b3ac                io_dldi_data
 .data          0x0202b3b0        0x0 c:/devkitPro/libnds/lib\libnds9.a(dsi_sd.o)
 .data          0x0202b3b0        0x0 c:/devkitPro/libnds/lib\libnds9.a(initSystem.o)
 .data          0x0202b3b0        0x0 c:/devkitPro/libnds/lib\libnds9.a(card.o)
 .data          0x0202b3b0       0x10 c:/devkitPro/libnds/lib\libnds9.a(fifosystem.o)
                0x0202b3b0                fifo_buffer_free
                0x0202b3b4                fifo_freewords
                0x0202b3b8                fifo_send_queue
                0x0202b3bc                fifo_receive_queue
 .data          0x0202b3c0        0x0 c:/devkitPro/libnds/lib\libnds9.a(interrupts.o)
 .data          0x0202b3c0        0x0 c:/devkitPro/libnds/lib\libnds9.a(libnds_exit.arm.o)
 .data          0x0202b3c0        0x0 c:/devkitPro/libnds/lib\libnds9.a(dcache.o)
 .data          0x0202b3c0        0x0 c:/devkitPro/libnds/lib\libnds9.a(dldi_stub.o)
 .data          0x0202b3c0        0x0 c:/devkitPro/libnds/lib\libnds9.a(mpu_setup.o)
 .data          0x0202b3c0        0x0 c:/devkitPro/libnds/lib\libnds9.a(biosCalls.o)
 .data          0x0202b3c0        0x0 c:/devkitPro/libnds/lib\libnds9.a(debugprint.o)
 .data          0x0202b3c0        0x0 c:/devkitPro/libnds/lib\libnds9.a(interruptDispatcher.o)
 .data          0x0202b3c0        0x0 c:/devkitPro/libnds/lib\libnds9.a(swiSoftReset.o)
 .data          0x0202b3c0        0x0 c:/devkitPro/libnds/lib\libnds9.a(default_font.bin.o)
 .data          0x0202b3c0       0x60 c:/devkitPro/libnds/lib\libnds9.a(background.o)
                0x0202b3c0                bgScrollTable
                0x0202b3e0                bgTransform
                0x0202b400                bgControl
 .data          0x0202b420        0x0 c:/devkitPro/libnds/lib\libnds9.a(system.o)
 .data          0x0202b420        0x0 c:/devkitpro/devkitarm/bin/../lib/gcc/arm-none-eabi/4.7.1/thumb\libgcc.a(_udivsi3.o)
 .data          0x0202b420        0x0 c:/devkitpro/devkitarm/bin/../lib/gcc/arm-none-eabi/4.7.1/thumb\libgcc.a(_divsi3.o)
 .data          0x0202b420        0x0 c:/devkitpro/devkitarm/bin/../lib/gcc/arm-none-eabi/4.7.1/thumb\libgcc.a(_dvmd_tls.o)
 .data          0x0202b420        0x0 c:/devkitpro/devkitarm/bin/../lib/gcc/arm-none-eabi/4.7.1/thumb\libgcc.a(_muldi3.o)
 .data          0x0202b420        0x0 c:/devkitpro/devkitarm/bin/../lib/gcc/arm-none-eabi/4.7.1/../../../../arm-none-eabi/lib/thumb\libg.a(lib_a-bsearch.o)
 .data          0x0202b420        0x0 c:/devkitpro/devkitarm/bin/../lib/gcc/arm-none-eabi/4.7.1/../../../../arm-none-eabi/lib/thumb\libg.a(lib_a-calloc.o)
 .data          0x0202b420        0x0 c:/devkitpro/devkitarm/bin/../lib/gcc/arm-none-eabi/4.7.1/../../../../arm-none-eabi/lib/thumb\libg.a(lib_a-callocr.o)
 .data          0x0202b420        0x4 c:/devkitpro/devkitarm/bin/../lib/gcc/arm-none-eabi/4.7.1/../../../../arm-none-eabi/lib/thumb\libg.a(lib_a-ctype_.o)
                0x0202b420                __ctype_ptr__
 .data          0x0202b424        0x0 c:/devkitpro/devkitarm/bin/../lib/gcc/arm-none-eabi/4.7.1/../../../../arm-none-eabi/lib/thumb\libg.a(lib_a-fclose.o)
 .data          0x0202b424        0x0 c:/devkitpro/devkitarm/bin/../lib/gcc/arm-none-eabi/4.7.1/../../../../arm-none-eabi/lib/thumb\libg.a(lib_a-fflush.o)
 .data          0x0202b424        0x0 c:/devkitpro/devkitarm/bin/../lib/gcc/arm-none-eabi/4.7.1/../../../../arm-none-eabi/lib/thumb\libg.a(lib_a-findfp.o)
 .data          0x0202b424        0x0 c:/devkitpro/devkitarm/bin/../lib/gcc/arm-none-eabi/4.7.1/../../../../arm-none-eabi/lib/thumb\libg.a(lib_a-fopen.o)
 .data          0x0202b424        0x0 c:/devkitpro/devkitarm/bin/../lib/gcc/arm-none-eabi/4.7.1/../../../../arm-none-eabi/lib/thumb\libg.a(lib_a-fread.o)
 .data          0x0202b424        0x0 c:/devkitpro/devkitarm/bin/../lib/gcc/arm-none-eabi/4.7.1/../../../../arm-none-eabi/lib/thumb\libg.a(lib_a-freer.o)
 .data          0x0202b424        0x0 c:/devkitpro/devkitarm/bin/../lib/gcc/arm-none-eabi/4.7.1/../../../../arm-none-eabi/lib/thumb\libg.a(lib_a-fseek.o)
 .data          0x0202b424        0x0 c:/devkitpro/devkitarm/bin/../lib/gcc/arm-none-eabi/4.7.1/../../../../arm-none-eabi/lib/thumb\libg.a(lib_a-ftell.o)
 .data          0x0202b424        0x0 c:/devkitpro/devkitarm/bin/../lib/gcc/arm-none-eabi/4.7.1/../../../../arm-none-eabi/lib/thumb\libg.a(lib_a-fwalk.o)
 *fill*         0x0202b424        0x4 ff
 .data          0x0202b428      0x430 c:/devkitpro/devkitarm/bin/../lib/gcc/arm-none-eabi/4.7.1/../../../../arm-none-eabi/lib/thumb\libg.a(lib_a-impure.o)
                0x0202b428                _impure_ptr
 .data          0x0202b858        0x0 c:/devkitpro/devkitarm/bin/../lib/gcc/arm-none-eabi/4.7.1/../../../../arm-none-eabi/lib/thumb\libg.a(lib_a-init.o)
 .data          0x0202b858        0x0 c:/devkitpro/devkitarm/bin/../lib/gcc/arm-none-eabi/4.7.1/../../../../arm-none-eabi/lib/thumb\libg.a(lib_a-iprintf.o)
 .data          0x0202b858        0x0 c:/devkitpro/devkitarm/bin/../lib/gcc/arm-none-eabi/4.7.1/../../../../arm-none-eabi/lib/thumb\libg.a(lib_a-lcltime_r.o)
 .data          0x0202b858      0x17c c:/devkitpro/devkitarm/bin/../lib/gcc/arm-none-eabi/4.7.1/../../../../arm-none-eabi/lib/thumb\libg.a(lib_a-locale.o)
                0x0202b858                __default_locale
                0x0202b978                __mb_cur_max
 .data          0x0202b9d4        0x0 c:/devkitpro/devkitarm/bin/../lib/gcc/arm-none-eabi/4.7.1/../../../../arm-none-eabi/lib/thumb\libg.a(lib_a-makebuf.o)
 .data          0x0202b9d4        0x0 c:/devkitpro/devkitarm/bin/../lib/gcc/arm-none-eabi/4.7.1/../../../../arm-none-eabi/lib/thumb\libg.a(lib_a-malloc.o)
 .data          0x0202b9d4      0x410 c:/devkitpro/devkitarm/bin/../lib/gcc/arm-none-eabi/4.7.1/../../../../arm-none-eabi/lib/thumb\libg.a(lib_a-mallocr.o)
                0x0202b9d4                __malloc_av_
                0x0202bddc                __malloc_sbrk_base
                0x0202bde0                __malloc_trim_threshold
 .data          0x0202bde4        0x0 c:/devkitpro/devkitarm/bin/../lib/gcc/arm-none-eabi/4.7.1/../../../../arm-none-eabi/lib/thumb\libg.a(lib_a-mbrtowc.o)
 .data          0x0202bde4        0x0 c:/devkitpro/devkitarm/bin/../lib/gcc/arm-none-eabi/4.7.1/../../../../arm-none-eabi/lib/thumb\libg.a(lib_a-mbsrtowcs.o)
 .data          0x0202bde4        0x4 c:/devkitpro/devkitarm/bin/../lib/gcc/arm-none-eabi/4.7.1/../../../../arm-none-eabi/lib/thumb\libg.a(lib_a-mbtowc_r.o)
                0x0202bde4                __mbtowc
 .data          0x0202bde8        0x0 c:/devkitpro/devkitarm/bin/../lib/gcc/arm-none-eabi/4.7.1/../../../../arm-none-eabi/lib/thumb\libg.a(lib_a-memcmp.o)
 .data          0x0202bde8        0x0 c:/devkitpro/devkitarm/bin/../lib/gcc/arm-none-eabi/4.7.1/../../../../arm-none-eabi/lib/thumb\libg.a(lib_a-memcpy-stub.o)
 .data          0x0202bde8        0x0 c:/devkitpro/devkitarm/bin/../lib/gcc/arm-none-eabi/4.7.1/../../../../arm-none-eabi/lib/thumb\libg.a(lib_a-memmove.o)
 .data          0x0202bde8        0x0 c:/devkitpro/devkitarm/bin/../lib/gcc/arm-none-eabi/4.7.1/../../../../arm-none-eabi/lib/thumb\libg.a(lib_a-memset.o)
 .data          0x0202bde8        0x0 c:/devkitpro/devkitarm/bin/../lib/gcc/arm-none-eabi/4.7.1/../../../../arm-none-eabi/lib/thumb\libg.a(lib_a-mktime.o)
 .data          0x0202bde8        0x0 c:/devkitpro/devkitarm/bin/../lib/gcc/arm-none-eabi/4.7.1/../../../../arm-none-eabi/lib/thumb\libg.a(lib_a-mktm_r.o)
 .data          0x0202bde8        0x0 c:/devkitpro/devkitarm/bin/../lib/gcc/arm-none-eabi/4.7.1/../../../../arm-none-eabi/lib/thumb\libg.a(lib_a-mlock.o)
 .data          0x0202bde8        0x0 c:/devkitpro/devkitarm/bin/../lib/gcc/arm-none-eabi/4.7.1/../../../../arm-none-eabi/lib/thumb\libg.a(lib_a-rand.o)
 .data          0x0202bde8        0x0 c:/devkitpro/devkitarm/bin/../lib/gcc/arm-none-eabi/4.7.1/../../../../arm-none-eabi/lib/thumb\libg.a(lib_a-realloc.o)
 .data          0x0202bde8        0x0 c:/devkitpro/devkitarm/bin/../lib/gcc/arm-none-eabi/4.7.1/../../../../arm-none-eabi/lib/thumb\libg.a(lib_a-reallocr.o)
 .data          0x0202bde8        0x0 c:/devkitpro/devkitarm/bin/../lib/gcc/arm-none-eabi/4.7.1/../../../../arm-none-eabi/lib/thumb\libg.a(lib_a-refill.o)
 .data          0x0202bde8        0x0 c:/devkitpro/devkitarm/bin/../lib/gcc/arm-none-eabi/4.7.1/../../../../arm-none-eabi/lib/thumb\libg.a(lib_a-rewind.o)
 .data          0x0202bde8        0x0 c:/devkitpro/devkitarm/bin/../lib/gcc/arm-none-eabi/4.7.1/../../../../arm-none-eabi/lib/thumb\libg.a(lib_a-setvbuf.o)
 .data          0x0202bde8        0x0 c:/devkitpro/devkitarm/bin/../lib/gcc/arm-none-eabi/4.7.1/../../../../arm-none-eabi/lib/thumb\libg.a(lib_a-siscanf.o)
 .data          0x0202bde8        0x0 c:/devkitpro/devkitarm/bin/../lib/gcc/arm-none-eabi/4.7.1/../../../../arm-none-eabi/lib/thumb\libg.a(lib_a-sprintf.o)
 .data          0x0202bde8        0x0 c:/devkitpro/devkitarm/bin/../lib/gcc/arm-none-eabi/4.7.1/../../../../arm-none-eabi/lib/thumb\libg.a(lib_a-stdio.o)
 .data          0x0202bde8        0x0 c:/devkitpro/devkitarm/bin/../lib/gcc/arm-none-eabi/4.7.1/../../../../arm-none-eabi/lib/thumb\libg.a(lib_a-stpcpy.o)
 .data          0x0202bde8        0x0 c:/devkitpro/devkitarm/bin/../lib/gcc/arm-none-eabi/4.7.1/../../../../arm-none-eabi/lib/thumb\libg.a(lib_a-strcasecmp.o)
 .data          0x0202bde8        0x0 c:/devkitpro/devkitarm/bin/../lib/gcc/arm-none-eabi/4.7.1/../../../../arm-none-eabi/lib/thumb\libg.a(lib_a-strcat.o)
 .data          0x0202bde8        0x0 c:/devkitpro/devkitarm/bin/../lib/gcc/arm-none-eabi/4.7.1/../../../../arm-none-eabi/lib/thumb\libg.a(lib_a-strchr.o)
 .data          0x0202bde8        0x0 c:/devkitpro/devkitarm/bin/../lib/gcc/arm-none-eabi/4.7.1/../../../../arm-none-eabi/lib/thumb\libg.a(lib_a-strcmp.o)
 .data          0x0202bde8        0x0 c:/devkitpro/devkitarm/bin/../lib/gcc/arm-none-eabi/4.7.1/../../../../arm-none-eabi/lib/thumb\libg.a(lib_a-strcpy.o)
 .data          0x0202bde8        0x0 c:/devkitpro/devkitarm/bin/../lib/gcc/arm-none-eabi/4.7.1/../../../../arm-none-eabi/lib/thumb\libg.a(lib_a-strlcpy.o)
 .data          0x0202bde8        0x0 c:/devkitpro/devkitarm/bin/../lib/gcc/arm-none-eabi/4.7.1/../../../../arm-none-eabi/lib/thumb\libg.a(lib_a-strlen.o)
 .data          0x0202bde8        0x0 c:/devkitpro/devkitarm/bin/../lib/gcc/arm-none-eabi/4.7.1/../../../../arm-none-eabi/lib/thumb\libg.a(lib_a-strncasecmp.o)
 .data          0x0202bde8        0x0 c:/devkitpro/devkitarm/bin/../lib/gcc/arm-none-eabi/4.7.1/../../../../arm-none-eabi/lib/thumb\libg.a(lib_a-strncmp.o)
 .data          0x0202bde8        0x0 c:/devkitpro/devkitarm/bin/../lib/gcc/arm-none-eabi/4.7.1/../../../../arm-none-eabi/lib/thumb\libg.a(lib_a-strncpy.o)
 .data          0x0202bde8        0x0 c:/devkitpro/devkitarm/bin/../lib/gcc/arm-none-eabi/4.7.1/../../../../arm-none-eabi/lib/thumb\libg.a(lib_a-strnlen.o)
 .data          0x0202bde8        0x0 c:/devkitpro/devkitarm/bin/../lib/gcc/arm-none-eabi/4.7.1/../../../../arm-none-eabi/lib/thumb\libg.a(lib_a-strpbrk.o)
 .data          0x0202bde8        0x0 c:/devkitpro/devkitarm/bin/../lib/gcc/arm-none-eabi/4.7.1/../../../../arm-none-eabi/lib/thumb\libg.a(lib_a-strrchr.o)
 .data          0x0202bde8        0x0 c:/devkitpro/devkitarm/bin/../lib/gcc/arm-none-eabi/4.7.1/../../../../arm-none-eabi/lib/thumb\libg.a(lib_a-strtol.o)
 .data          0x0202bde8        0x0 c:/devkitpro/devkitarm/bin/../lib/gcc/arm-none-eabi/4.7.1/../../../../arm-none-eabi/lib/thumb\libg.a(lib_a-svfiscanf.o)
 .data          0x0202bde8        0x0 c:/devkitpro/devkitarm/bin/../lib/gcc/arm-none-eabi/4.7.1/../../../../arm-none-eabi/lib/thumb\libg.a(lib_a-svfprintf.o)
 .data          0x0202bde8        0x0 c:/devkitpro/devkitarm/bin/../lib/gcc/arm-none-eabi/4.7.1/../../../../arm-none-eabi/lib/thumb\libg.a(lib_a-sysclose.o)
 .data          0x0202bde8        0x0 c:/devkitpro/devkitarm/bin/../lib/gcc/arm-none-eabi/4.7.1/../../../../arm-none-eabi/lib/thumb\libg.a(lib_a-syslseek.o)
 .data          0x0202bde8        0x0 c:/devkitpro/devkitarm/bin/../lib/gcc/arm-none-eabi/4.7.1/../../../../arm-none-eabi/lib/thumb\libg.a(lib_a-sysopen.o)
 .data          0x0202bde8        0x0 c:/devkitpro/devkitarm/bin/../lib/gcc/arm-none-eabi/4.7.1/../../../../arm-none-eabi/lib/thumb\libg.a(lib_a-sysread.o)
 .data          0x0202bde8        0x0 c:/devkitpro/devkitarm/bin/../lib/gcc/arm-none-eabi/4.7.1/../../../../arm-none-eabi/lib/thumb\libg.a(lib_a-time.o)
 .data          0x0202bde8        0x0 c:/devkitpro/devkitarm/bin/../lib/gcc/arm-none-eabi/4.7.1/../../../../arm-none-eabi/lib/thumb\libg.a(lib_a-towlower.o)
 .data          0x0202bde8        0x0 c:/devkitpro/devkitarm/bin/../lib/gcc/arm-none-eabi/4.7.1/../../../../arm-none-eabi/lib/thumb\libg.a(lib_a-towupper.o)
 .data          0x0202bde8        0x0 c:/devkitpro/devkitarm/bin/../lib/gcc/arm-none-eabi/4.7.1/../../../../arm-none-eabi/lib/thumb\libg.a(lib_a-tzlock.o)
 .data          0x0202bde8        0x8 c:/devkitpro/devkitarm/bin/../lib/gcc/arm-none-eabi/4.7.1/../../../../arm-none-eabi/lib/thumb\libg.a(lib_a-tzvars.o)
                0x0202bde8                _tzname
 .data          0x0202bdf0        0x0 c:/devkitpro/devkitarm/bin/../lib/gcc/arm-none-eabi/4.7.1/../../../../arm-none-eabi/lib/thumb\libg.a(lib_a-ungetc.o)
 .data          0x0202bdf0        0x0 c:/devkitpro/devkitarm/bin/../lib/gcc/arm-none-eabi/4.7.1/../../../../arm-none-eabi/lib/thumb\libg.a(lib_a-vfiprintf.o)
 .data          0x0202bdf0        0x0 c:/devkitpro/devkitarm/bin/../lib/gcc/arm-none-eabi/4.7.1/../../../../arm-none-eabi/lib/thumb\libg.a(lib_a-wcrtomb.o)
 .data          0x0202bdf0        0x0 c:/devkitpro/devkitarm/bin/../lib/gcc/arm-none-eabi/4.7.1/../../../../arm-none-eabi/lib/thumb\libg.a(lib_a-wcsrtombs.o)
 .data          0x0202bdf0        0x0 c:/devkitpro/devkitarm/bin/../lib/gcc/arm-none-eabi/4.7.1/../../../../arm-none-eabi/lib/thumb\libg.a(lib_a-wctob.o)
 .data          0x0202bdf0        0x4 c:/devkitpro/devkitarm/bin/../lib/gcc/arm-none-eabi/4.7.1/../../../../arm-none-eabi/lib/thumb\libg.a(lib_a-wctomb_r.o)
                0x0202bdf0                __wctomb
 .data          0x0202bdf4        0x0 c:/devkitpro/devkitarm/bin/../lib/gcc/arm-none-eabi/4.7.1/../../../../arm-none-eabi/lib/thumb\libg.a(lib_a-wsetup.o)
 .data          0x0202bdf4        0x0 c:/devkitpro/devkitarm/bin/../lib/gcc/arm-none-eabi/4.7.1/../../../../arm-none-eabi/lib/thumb\libg.a(lib_a-div.o)
 .data          0x0202bdf4        0x0 c:/devkitpro/devkitarm/bin/../lib/gcc/arm-none-eabi/4.7.1/../../../../arm-none-eabi/lib/thumb\libg.a(lib_a-dtoa.o)
 .data          0x0202bdf4        0x0 c:/devkitpro/devkitarm/bin/../lib/gcc/arm-none-eabi/4.7.1/../../../../arm-none-eabi/lib/thumb\libg.a(lib_a-flags.o)
 .data          0x0202bdf4        0x0 c:/devkitpro/devkitarm/bin/../lib/gcc/arm-none-eabi/4.7.1/../../../../arm-none-eabi/lib/thumb\libg.a(lib_a-fputwc.o)
 .data          0x0202bdf4        0x0 c:/devkitpro/devkitarm/bin/../lib/gcc/arm-none-eabi/4.7.1/../../../../arm-none-eabi/lib/thumb\libg.a(lib_a-fvwrite.o)
 .data          0x0202bdf4        0x0 c:/devkitpro/devkitarm/bin/../lib/gcc/arm-none-eabi/4.7.1/../../../../arm-none-eabi/lib/thumb\libg.a(lib_a-getenv_r.o)
 .data          0x0202bdf4       0x40 c:/devkitpro/devkitarm/bin/../lib/gcc/arm-none-eabi/4.7.1/../../../../arm-none-eabi/lib/thumb\libg.a(lib_a-gettzinfo.o)
 .data          0x0202be34        0x0 c:/devkitpro/devkitarm/bin/../lib/gcc/arm-none-eabi/4.7.1/../../../../arm-none-eabi/lib/thumb\libg.a(lib_a-iswspace.o)
 .data          0x0202be34        0x0 c:/devkitpro/devkitarm/bin/../lib/gcc/arm-none-eabi/4.7.1/../../../../arm-none-eabi/lib/thumb\libg.a(lib_a-jp2uc.o)
 .data          0x0202be34        0x0 c:/devkitpro/devkitarm/bin/../lib/gcc/arm-none-eabi/4.7.1/../../../../arm-none-eabi/lib/thumb\libg.a(lib_a-mbsnrtowcs.o)
 .data          0x0202be34        0x0 c:/devkitpro/devkitarm/bin/../lib/gcc/arm-none-eabi/4.7.1/../../../../arm-none-eabi/lib/thumb\libg.a(lib_a-memchr-stub.o)
 .data          0x0202be34        0x0 c:/devkitpro/devkitarm/bin/../lib/gcc/arm-none-eabi/4.7.1/../../../../arm-none-eabi/lib/thumb\libg.a(lib_a-mprec.o)
 .data          0x0202be34        0x0 c:/devkitpro/devkitarm/bin/../lib/gcc/arm-none-eabi/4.7.1/../../../../arm-none-eabi/lib/thumb\libg.a(lib_a-sccl.o)
 .data          0x0202be34        0x0 c:/devkitpro/devkitarm/bin/../lib/gcc/arm-none-eabi/4.7.1/../../../../arm-none-eabi/lib/thumb\libg.a(lib_a-s_fpclassify.o)
 .data          0x0202be34        0x0 c:/devkitpro/devkitarm/bin/../lib/gcc/arm-none-eabi/4.7.1/../../../../arm-none-eabi/lib/thumb\libg.a(lib_a-strtoll_r.o)
 .data          0x0202be34        0x0 c:/devkitpro/devkitarm/bin/../lib/gcc/arm-none-eabi/4.7.1/../../../../arm-none-eabi/lib/thumb\libg.a(lib_a-strtoull_r.o)
 .data          0x0202be34        0x0 c:/devkitpro/devkitarm/bin/../lib/gcc/arm-none-eabi/4.7.1/../../../../arm-none-eabi/lib/thumb\libg.a(lib_a-strtoul.o)
 .data          0x0202be34        0x0 c:/devkitpro/devkitarm/bin/../lib/gcc/arm-none-eabi/4.7.1/../../../../arm-none-eabi/lib/thumb\libg.a(lib_a-svfiprintf.o)
 .data          0x0202be34        0x0 c:/devkitpro/devkitarm/bin/../lib/gcc/arm-none-eabi/4.7.1/../../../../arm-none-eabi/lib/thumb\libg.a(lib_a-wbuf.o)
 .data          0x0202be34        0x0 c:/devkitpro/devkitarm/bin/../lib/gcc/arm-none-eabi/4.7.1/../../../../arm-none-eabi/lib/thumb\libg.a(lib_a-wcsnrtombs.o)
 .data          0x0202be34        0x4 c:/devkitpro/devkitarm/bin/../lib/gcc/arm-none-eabi/4.7.1/../../../../arm-none-eabi/lib/thumb\libg.a(lib_a-environ.o)
                0x0202be34                environ
 .data          0x0202be38        0x0 c:/devkitpro/devkitarm/bin/../lib/gcc/arm-none-eabi/4.7.1/../../../../arm-none-eabi/lib/thumb\libg.a(lib_a-envlock.o)
 .data          0x0202be38       0x44 c:/devkitpro/devkitarm/bin/../lib/gcc/arm-none-eabi/4.7.1/../../../../arm-none-eabi/lib/thumb\libsysbase.a(iosupport.o)
                0x0202be3c                devoptab_list
 .data          0x0202be7c        0x0 c:/devkitpro/devkitarm/bin/../lib/gcc/arm-none-eabi/4.7.1/../../../../arm-none-eabi/lib/thumb\libsysbase.a(close.o)
 .data          0x0202be7c        0x0 c:/devkitpro/devkitarm/bin/../lib/gcc/arm-none-eabi/4.7.1/../../../../arm-none-eabi/lib/thumb\libsysbase.a(fstat.o)
 .data          0x0202be7c        0x0 c:/devkitpro/devkitarm/bin/../lib/gcc/arm-none-eabi/4.7.1/../../../../arm-none-eabi/lib/thumb\libsysbase.a(isatty.o)
 .data          0x0202be7c        0x0 c:/devkitpro/devkitarm/bin/../lib/gcc/arm-none-eabi/4.7.1/../../../../arm-none-eabi/lib/thumb\libsysbase.a(lseek.o)
 .data          0x0202be7c        0x0 c:/devkitpro/devkitarm/bin/../lib/gcc/arm-none-eabi/4.7.1/../../../../arm-none-eabi/lib/thumb\libsysbase.a(open.o)
 .data          0x0202be7c        0x0 c:/devkitpro/devkitarm/bin/../lib/gcc/arm-none-eabi/4.7.1/../../../../arm-none-eabi/lib/thumb\libsysbase.a(read.o)
 .data          0x0202be7c        0x0 c:/devkitpro/devkitarm/bin/../lib/gcc/arm-none-eabi/4.7.1/../../../../arm-none-eabi/lib/thumb\libsysbase.a(sbrk.o)
 .data          0x0202be7c        0x0 c:/devkitpro/devkitarm/bin/../lib/gcc/arm-none-eabi/4.7.1/../../../../arm-none-eabi/lib/thumb\libsysbase.a(times.o)
 .data          0x0202be7c        0x0 c:/devkitpro/devkitarm/bin/../lib/gcc/arm-none-eabi/4.7.1/../../../../arm-none-eabi/lib/thumb\libsysbase.a(write.o)
 .data          0x0202be7c        0x0 c:/devkitpro/devkitarm/bin/../lib/gcc/arm-none-eabi/4.7.1/../../../../arm-none-eabi/lib/thumb\libsysbase.a(malloc_vars.o)
 .data          0x0202be7c      0x400 c:/devkitpro/devkitarm/bin/../lib/gcc/arm-none-eabi/4.7.1/../../../../arm-none-eabi/lib/thumb\libsysbase.a(chdir.o)
 .data          0x0202c27c        0x0 c:/devkitpro/devkitarm/bin/../lib/gcc/arm-none-eabi/4.7.1/../../../../arm-none-eabi/lib/thumb\libsysbase.a(build_argv.o)
 .data          0x0202c27c        0x0 c:/devkitpro/devkitarm/bin/../lib/gcc/arm-none-eabi/4.7.1/../../../../arm-none-eabi/lib/thumb\libsysbase.a(syscall_support.o)
 .data          0x0202c27c        0x0 c:/devkitpro/devkitarm/bin/../lib/gcc/arm-none-eabi/4.7.1/../../../../arm-none-eabi/lib/thumb\libsysbase.a(handle_manager.o)
 .data          0x0202c27c        0x0 c:/devkitpro/devkitarm/bin/../lib/gcc/arm-none-eabi/4.7.1/thumb\libgcc.a(_arm_addsubdf3.o)
 .data          0x0202c27c        0x0 c:/devkitpro/devkitarm/bin/../lib/gcc/arm-none-eabi/4.7.1/thumb\libgcc.a(_arm_muldivdf3.o)
 .data          0x0202c27c        0x0 c:/devkitpro/devkitarm/bin/../lib/gcc/arm-none-eabi/4.7.1/thumb\libgcc.a(_arm_cmpdf2.o)
 .data          0x0202c27c        0x0 c:/devkitpro/devkitarm/bin/../lib/gcc/arm-none-eabi/4.7.1/thumb\libgcc.a(_arm_fixdfsi.o)
 .data          0x0202c27c        0x0 c:/devkitpro/devkitarm/bin/../lib/gcc/arm-none-eabi/4.7.1/thumb\libgcc.a(_aeabi_uldivmod.o)
 .data          0x0202c27c        0x0 c:/devkitpro/devkitarm/bin/../lib/gcc/arm-none-eabi/4.7.1/thumb\libgcc.a(bpabi.o)
 .data          0x0202c27c        0x0 c:/devkitpro/devkitarm/bin/../lib/gcc/arm-none-eabi/4.7.1/thumb\libgcc.a(_divdi3.o)
 .data          0x0202c27c        0x0 c:/devkitpro/devkitarm/bin/../lib/gcc/arm-none-eabi/4.7.1/thumb\libgcc.a(_udivdi3.o)
 .data          0x0202c27c        0x0 c:/devkitpro/devkitarm/bin/../lib/gcc/arm-none-eabi/4.7.1/thumb\libgcc.a(_clzsi2.o)
 .data          0x0202c27c        0x0 c:/devkitpro/devkitarm/bin/../lib/gcc/arm-none-eabi/4.7.1/../../../../arm-none-eabi/lib/thumb\libg.a(lib_a-errno.o)
 .data          0x0202c27c        0x0 c:/devkitpro/devkitarm/bin/../lib/gcc/arm-none-eabi/4.7.1/thumb/crtend.o
 .data          0x0202c27c        0x0 c:/devkitpro/devkitarm/bin/../lib/gcc/arm-none-eabi/4.7.1/thumb/crtn.o
 *(.data.*)
 *(.gnu.linkonce.d*)
                0x0202c27c                . = ALIGN (0x4)
                0x0202c27c                __data_end = ABSOLUTE (.)
                0x0202c27c                __dtcm_lma = .
                0x0202c27c                __bss_vma = .

.igot.plt       0x0202c27c        0x0
 .igot.plt      0x00000000        0x0 c:/devkitpro/devkitarm/bin/../lib/gcc/arm-none-eabi/4.7.1/../../../../arm-none-eabi/lib/thumb/ds_arm9_crt0.o

.tm_clone_table
                0x0202c27c        0x0
 .tm_clone_table
                0x0202c27c        0x0 c:/devkitpro/devkitarm/bin/../lib/gcc/arm-none-eabi/4.7.1/thumb/crtbegin.o