Archive member included because of file (symbol)

c:/Users/Derrick/Desktop/nflib_20120804/nflib/examples/graphics/backbuffer/nflib/lib\libnflib.a(nf_2d.o)
                              main.o (NF_Set2D)
c:/Users/Derrick/Desktop/nflib_20120804/nflib/examples/graphics/backbuffer/nflib/lib\libnflib.a(nf_basic.o)
                              c:/Users/Derrick/Desktop/nflib_20120804/nflib/examples/graphics/backbuffer/nflib/lib\libnflib.a(nf_2d.o) (NF_Error)
c:/Users/Derrick/Desktop/nflib_20120804/nflib/examples/graphics/backbuffer/nflib/lib\libnflib.a(nf_bitmapbg.o)
                              main.o (NF_Init16bitsBackBuffer)
c:/Users/Derrick/Desktop/nflib_20120804/nflib/examples/graphics/backbuffer/nflib/lib\libnflib.a(nf_sprite256.o)
                              c:/Users/Derrick/Desktop/nflib_20120804/nflib/examples/graphics/backbuffer/nflib/lib\libnflib.a(nf_2d.o) (NF_BUFFER_SPR256GFX)
c:/Users/Derrick/Desktop/nflib_20120804/nflib/examples/graphics/backbuffer/nflib/lib\libnflib.a(nf_tiledbg.o)
                              c:/Users/Derrick/Desktop/nflib_20120804/nflib/examples/graphics/backbuffer/nflib/lib\libnflib.a(nf_2d.o) (NF_BUFFER_BGMAP)
c:/devkitPro/libnds/lib\libfilesystem.a(nitrofs.o)
                              c:/Users/Derrick/Desktop/nflib_20120804/nflib/examples/graphics/backbuffer/nflib/lib\libnflib.a(nf_basic.o) (nitroFSInit)
c:/devkitPro/libnds/lib\libfat.a(libfat.o)
                              c:/Users/Derrick/Desktop/nflib_20120804/nflib/examples/graphics/backbuffer/nflib/lib\libnflib.a(nf_basic.o) (fatInitDefault)
c:/devkitPro/libnds/lib\libfat.a(partition.o)
                              c:/devkitPro/libnds/lib\libfat.a(libfat.o) (_FAT_partition_constructor)
c:/devkitPro/libnds/lib\libfat.a(cache.o)
                              c:/devkitPro/libnds/lib\libfat.a(partition.o) (_FAT_cache_constructor)
c:/devkitPro/libnds/lib\libfat.a(directory.o)
                              c:/devkitPro/libnds/lib\libfat.a(libfat.o) (_FAT_directory_getVolumeLabel)
c:/devkitPro/libnds/lib\libfat.a(disc.o)
                              c:/devkitPro/libnds/lib\libfat.a(libfat.o) (_FAT_disc_interfaces)
c:/devkitPro/libnds/lib\libfat.a(fatdir.o)
                              c:/devkitPro/libnds/lib\libfat.a(libfat.o) (_FAT_stat_r)
c:/devkitPro/libnds/lib\libfat.a(fatfile.o)
                              c:/devkitPro/libnds/lib\libfat.a(libfat.o) (_FAT_open_r)
c:/devkitPro/libnds/lib\libfat.a(file_allocation_table.o)
                              c:/devkitPro/libnds/lib\libfat.a(directory.o) (_FAT_fat_nextCluster)
c:/devkitPro/libnds/lib\libfat.a(filetime.o)
                              c:/devkitPro/libnds/lib\libfat.a(fatdir.o) (_FAT_filetime_getTimeFromRTC)
c:/devkitPro/libnds/lib\libfat.a(lock.o)
                              c:/devkitPro/libnds/lib\libfat.a(partition.o) (_FAT_lock_init)
c:/devkitPro/libnds/lib\libnds9.a(console.o)
                              c:/Users/Derrick/Desktop/nflib_20120804/nflib/examples/graphics/backbuffer/nflib/lib\libnflib.a(nf_basic.o) (consoleDemoInit)
c:/devkitPro/libnds/lib\libnds9.a(sprite.o)
                              c:/Users/Derrick/Desktop/nflib_20120804/nflib/examples/graphics/backbuffer/nflib/lib\libnflib.a(nf_sprite256.o) (oamInit)
c:/devkitPro/libnds/lib\libnds9.a(sprite_alloc.o)
                              c:/devkitPro/libnds/lib\libnds9.a(sprite.o) (oamAllocReset)
c:/devkitPro/libnds/lib\libnds9.a(trig.o)
                              c:/devkitPro/libnds/lib\libnds9.a(sprite.o) (sinLerp)
c:/devkitPro/libnds/lib\libnds9.a(video.o)
                              c:/Users/Derrick/Desktop/nflib_20120804/nflib/examples/graphics/backbuffer/nflib/lib\libnflib.a(nf_basic.o) (setBrightness)
c:/devkitPro/libnds/lib\libnds9.a(dldi.o)
                              c:/devkitPro/libnds/lib\libfat.a(disc.o) (dldiGetInternal)
c:/devkitPro/libnds/lib\libnds9.a(dsi_sd.o)
                              c:/devkitPro/libnds/lib\libfat.a(disc.o) (__io_dsisd)
c:/devkitPro/libnds/lib\libnds9.a(initSystem.o)
                              c:/devkitpro/devkitarm/bin/../lib/gcc/arm-none-eabi/4.7.1/../../../../arm-none-eabi/lib/thumb/ds_arm9_crt0.o (initSystem)
c:/devkitPro/libnds/lib\libnds9.a(card.o)
                              c:/devkitPro/libnds/lib\libfilesystem.a(nitrofs.o) (cardParamCommand)
c:/devkitPro/libnds/lib\libnds9.a(fifosystem.o)
                              c:/devkitPro/libnds/lib\libnds9.a(dsi_sd.o) (fifoSendValue32)
c:/devkitPro/libnds/lib\libnds9.a(interrupts.o)
                              c:/devkitPro/libnds/lib\libnds9.a(fifosystem.o) (irqSet)
c:/devkitPro/libnds/lib\libnds9.a(libnds_exit.arm.o)
                              c:/devkitpro/devkitarm/bin/../lib/gcc/arm-none-eabi/4.7.1/../../../../arm-none-eabi/lib/thumb/ds_arm9_crt0.o (__libnds_exit)
c:/devkitPro/libnds/lib\libnds9.a(dcache.o)
[...]
Memory Configuration

Name             Origin             Length             Attributes
rom              0x08000000         0x02000000
ewram            0x02000000         0x003ff000
dtcm             0x0b000000         0x00004000
vectors          0x01000000         0x00000100
itcm             0x01000100         0x00007f00
*default*        0x00000000         0xffffffff

Linker script and memory map

                0x01000000                __vectors_start = ORIGIN (vectors)
                0x01000100                __itcm_start = ORIGIN (itcm)
                0x023ff000                __ewram_end = (ORIGIN (ewram) + 0x3ff000)
                0x023ff000                __eheap_end = (ORIGIN (ewram) + 0x3ff000)
                0x0b000000                __dtcm_start = ORIGIN (dtcm)
                0x0b004000                __dtcm_top = (ORIGIN (dtcm) + 0x4000)
                0x0b003ff8                __irq_flags = (__dtcm_top - 0x8)
                0x0b003ffc                __irq_vector = (__dtcm_top - 0x4)
                0x0b003f00                __sp_svc = (__dtcm_top - 0x100)
                0x0b003e00                __sp_irq = (__sp_svc - 0x100)
                0x0b003d00                __sp_usr = (__sp_irq - 0x100)

.init           0x02000000      0x23c
                0x02000000                __text_start = .
 *(.init)
 .init          0x02000000      0x230 c:/devkitpro/devkitarm/bin/../lib/gcc/arm-none-eabi/4.7.1/../../../../arm-none-eabi/lib/thumb/ds_arm9_crt0.o
                0x02000000                _start
 .init          0x02000230        0x4 c:/devkitpro/devkitarm/bin/../lib/gcc/arm-none-eabi/4.7.1/thumb/crti.o
                0x02000230                _init
 .init          0x02000234        0x8 c:/devkitpro/devkitarm/bin/../lib/gcc/arm-none-eabi/4.7.1/thumb/crtn.o
                0x0200023c                . = ALIGN (0x4)

.plt
 *(.plt)

.text           0x02000240    0x22d08
 *(EXCLUDE_FILE(*.itcm*) .text)
 .text          0x02000240        0x0 c:/devkitpro/devkitarm/bin/../lib/gcc/arm-none-eabi/4.7.1/../../../../arm-none-eabi/lib/thumb/ds_arm9_crt0.o
 .text          0x02000240        0x0 c:/devkitpro/devkitarm/bin/../lib/gcc/arm-none-eabi/4.7.1/thumb/crti.o
 .text          0x02000240       0xd0 c:/devkitpro/devkitarm/bin/../lib/gcc/arm-none-eabi/4.7.1/thumb/crtbegin.o
 .text          0x02000310        0x0 main.o
 .text          0x02000310      0x884 c:/Users/Derrick/Desktop/nflib_20120804/nflib/examples/graphics/backbuffer/nflib/lib\libnflib.a(nf_2d.o)
                0x02000310                NF_Set2D
                0x02000374                NF_ShowBg
                0x020003f0                NF_HideBg
                0x02000494                NF_ScrollBg
                0x020007f8                NF_MoveSprite
                0x02000818                NF_SpriteLayer
                0x02000834                NF_ShowSprite
                0x02000854                NF_HflipSprite
                0x02000870                NF_GetSpriteHflip
                0x0200088c                NF_VflipSprite
                0x020008a8                NF_GetSpriteVflip
                0x020008c4                NF_SpriteFrame
                0x02000994                NF_EnableSpriteRotScale
                0x02000a28                NF_DisableSpriteRotScale
                0x02000a9c                NF_SpriteRotScale
 .text          0x02000b94      0x4a0 c:/Users/Derrick/Desktop/nflib_20120804/nflib/examples/graphics/backbuffer/nflib/lib\libnflib.a(nf_basic.o)
                0x02000b94                NF_Error
                0x02000e40                NF_SetRootFolder
                0x02000f98                NF_DmaMemCopy
                0x02001024                NF_GetLanguage
 .text          0x02001034      0xa10 c:/Users/Derrick/Desktop/nflib_20120804/nflib/examples/graphics/backbuffer/nflib/lib\libnflib.a(nf_bitmapbg.o)
                0x02001034                NF_Init16bitsBgBuffers
                0x02001060                NF_Reset16bitsBgBuffers
                0x020010a4                NF_Init16bitsBackBuffer
                0x020010c0                NF_Enable16bitsBackBuffer
                0x020010fc                NF_Disble16bitsBackBuffer
                0x0200111c                NF_Flip16bitsBackBuffer
                0x02001148                NF_InitBitmapBgSys
                0x02001328                NF_Load16bImgData
                0x02001444                NF_Load16bitsImage
                0x02001454                NF_Load16bitsBg
                0x0200146c                NF_Unload16bitsBg
                0x020014a0                NF_Copy16bitsBuffer
                0x0200150c                NF_Draw16bitsImage
                0x0200163c                NF_Init8bitsBgBuffers
                0x02001664                NF_Reset8bitsBgBuffers
                0x020016a4                NF_Load8bitsBg
                0x0200183c                NF_Unload8bitsBg
                0x02001884                NF_Copy8bitsBuffer
                0x02001940                NF_Init8bitsBackBuffer
                0x02001960                NF_Enable8bitsBackBuffer
                0x020019c8                NF_Disble8bitsBackBuffer
                0x020019f4                NF_Flip8bitsBackBuffer
 .text          0x02001a44     0x143c c:/Users/Derrick/Desktop/nflib_20120804/nflib/examples/graphics/backbuffer/nflib/lib\libnflib.a(nf_sprite256.o)
                0x02001a44                NF_InitSpriteBuffers
                0x02001a90                NF_ResetSpriteBuffers
                0x02001ac4                NF_InitSpriteSys
                0x02001d00                NF_LoadSpriteGfx
                0x02001e1c                NF_UnloadSpriteGfx
                0x02001e8c                NF_LoadSpritePal
                0x02001f8c                NF_UnloadSpritePal
                0x02001fdc                NF_VramSpriteGfx
                0x02002334                NF_VramSpriteGfxDefrag
                0x02002568                NF_FreeSpriteGfx
                0x02002668                NF_VramSpritePal
                0x0200273c                NF_CreateSprite
                0x02002ae8                NF_DeleteSprite
                0x02002b8c                NF_SpriteOamSet
                0x02002c6c                NF_SpriteSetPalColor
                0x02002d04                NF_SpriteEditPalColor
                0x02002d84                NF_SpriteUpdatePalette
                0x02002e14                NF_SpriteGetPalColor
 .text          0x02002e80     0x1a68 c:/Users/Derrick/Desktop/nflib_20120804/nflib/examples/graphics/backbuffer/nflib/lib\libnflib.a(nf_tiledbg.o)
                0x02002e80                NF_InitTiledBgBuffers
                0x02002f38                NF_ResetTiledBgBuffers
                0x02002f88                NF_InitTiledBgSys
                0x020030bc                NF_LoadTiledBg
                0x02003354                NF_LoadTilesForBg
                0x020035e4                NF_UnloadTiledBg
                0x020036a0                NF_DeleteTiledBg
                0x02003848                NF_CreateTiledBg
                0x02003eb0                NF_GetTileMapAddress
                0x02003f6c                NF_GetTileOfMap
                0x02003fa8                NF_SetTileOfMap
                0x02003fec                NF_UpdateVramMap
                0x0200410c                NF_BgSetPalColor
                0x020041bc                NF_BgEditPalColor
                0x02004264                NF_BgUpdatePalette
                0x02004324                NF_BgGetPalColor
                0x020043bc                NF_GetTilePal
                0x020043f0                NF_SetTilePal
                0x02004434                NF_LoadExBgPal
                0x02004520                NF_UnloadExBgPal
                0x02004570                NF_VramExBgPal
                0x02004624                NF_SetExBgPal
                0x020046e4                NF_SetTileHflip
                0x02004720                NF_SetTileVflip
                0x0200475c                NF_RotateTileGfx
 .text          0x020048e8      0xb34 c:/devkitPro/libnds/lib\libfilesystem.a(nitrofs.o)
                0x020052fc                nitroFSInit
 .text          0x0200541c      0x340 c:/devkitPro/libnds/lib\libfat.a(libfat.o)
                0x0200541c                fatMount
                0x020054d8                fatMountSimple
                0x020054ec                fatUnmount
                0x02005524                fatInit
                0x02005674                fatInitDefault
                0x02005680                fatGetVolumeLabel
 .text          0x0200575c      0x724 c:/devkitPro/libnds/lib\libfat.a(partition.o)
                0x0200575c                FindFirstValidPartition_buf
                0x020058e4                FindFirstValidPartition
                0x0200590c                _FAT_partition_getPartitionFromPath
                0x02005920                _FAT_partition_createFSinfo
                0x020059e0                _FAT_partition_readFSinfo
                0x02005aa0                _FAT_partition_constructor_buf
                0x02005d48                _FAT_partition_constructor
                0x02005d88                _FAT_partition_writeFSinfo
                0x02005e40                _FAT_partition_destructor
 .text          0x02005e80      0x4b4 c:/devkitPro/libnds/lib\libfat.a(cache.o)
                0x02005f70                _FAT_cache_constructor
                0x02006008                _FAT_cache_readSectors
                0x0200606c                _FAT_cache_readPartialSector
                0x020060a8                _FAT_cache_readLittleEndianValue
                0x02006114                _FAT_cache_writePartialSector
                0x0200615c                _FAT_cache_writeLittleEndianValue
                0x020061ac                _FAT_cache_eraseWritePartialSector
                0x02006204                _FAT_cache_writeSectors
                0x02006270                _FAT_cache_flush
                0x020062d0                _FAT_cache_destructor
                0x02006304                _FAT_cache_invalidate
 .text          0x02006334     0x13b8 c:/devkitPro/libnds/lib\libfat.a(directory.o)
                0x020065b0                _FAT_directory_entryGetCluster
                0x020065d8                _FAT_directory_getNextEntry
                0x020067c4                _FAT_directory_getFirstEntry
                0x02006868                _FAT_directory_getRootEntry
                0x020068c4                _FAT_directory_getVolumeLabel
                0x02006984                _FAT_directory_entryFromPosition
                0x02006acc                _FAT_directory_entryFromPath
                0x02006cd0                _FAT_directory_removeEntry
                0x02006dac                _FAT_directory_addEntry
                0x020075e8                _FAT_directory_chdir
                0x02007624                _FAT_directory_entryStat
 .text          0x020076ec        0x8 c:/devkitPro/libnds/lib\libfat.a(disc.o)
 .text          0x020076f4      0x970 c:/devkitPro/libnds/lib\libfat.a(fatdir.o)
                0x020076f4                _FAT_stat_r
                0x02007790                _FAT_link_r
                0x0200779c                _FAT_unlink_r
                0x02007910                _FAT_chdir_r
                0x02007980                _FAT_rename_r
                0x02007b4c                _FAT_mkdir_r
                0x02007e28                _FAT_statvfs_r
                0x02007eb0                _FAT_diropen_r
                0x02007f74                _FAT_dirreset_r
                0x02007fc0                _FAT_dirnext_r
                0x02008044                _FAT_dirclose_r
 .text          0x02008064     0x13b0 c:/devkitPro/libnds/lib\libfat.a(fatfile.o)
                0x020082dc                _FAT_findEntry
                0x02008318                FAT_getAttr
                0x02008340                FAT_setAttr
                0x020083dc                _FAT_open_r
                0x02008724                _FAT_syncToDisc
                0x02008818                _FAT_close_r
                0x02008884                _FAT_read_r
                0x02008bc4                _FAT_write_r
                0x02009060                _FAT_seek_r
                0x020091d0                _FAT_fstat_r
                0x0200926c                _FAT_ftruncate_r
                0x020093d4                _FAT_fsync_r
 .text          0x02009414      0x4b4 c:/devkitPro/libnds/lib\libfat.a(file_allocation_table.o)
                0x02009564                _FAT_fat_nextCluster
                0x0200967c                _FAT_fat_linkFreeCluster
                0x02009714                _FAT_fat_linkFreeClusterCleared
                0x02009784                _FAT_fat_clearLinks
                0x020097e0                _FAT_fat_trimChain
                0x02009868                _FAT_fat_lastCluster
                0x0200989c                _FAT_fat_freeClusterCount
 .text          0x020098c8       0xb8 c:/devkitPro/libnds/lib\libfat.a(filetime.o)
                0x020098c8                _FAT_filetime_getTimeFromRTC
                0x02009908                _FAT_filetime_getDateFromRTC
                0x02009948                _FAT_filetime_to_time_t
 .text          0x02009980       0x10 c:/devkitPro/libnds/lib\libfat.a(lock.o)
                0x02009980                _FAT_lock_init
                0x02009984                _FAT_lock_deinit
                0x02009988                _FAT_lock
                0x0200998c                _FAT_unlock
 .text          0x02009990      0xa4c c:/devkitPro/libnds/lib\libnds9.a(console.o)
                0x02009a30                nocash_write
                0x02009a40                consoleGetDefault
                0x02009a4c                consoleSelect
                0x02009a5c                consoleDebugInit
                0x02009aac                consolePrintChar
                0x02009c78                consoleLoadFont
                0x02009f00                consoleSetFont
                0x02009f20                consoleInit
                0x0200a088                consoleDemoInit
                0x0200a0cc                con_write
                0x0200a3a8                consoleClear
                0x0200a3b8                consoleSetWindow
 .text          0x0200a3dc      0x3f4 c:/devkitPro/libnds/lib\libnds9.a(sprite.o)
                0x0200a3dc                oamInit
                0x0200a4f0                oamDisable
                0x0200a520                oamEnable
                0x0200a544                oamGetGfxPtr
                0x0200a578                oamClear
                0x0200a5a0                oamGfxPtrToOffset
                0x0200a5d4                oamSet
                0x0200a724                oamUpdate
                0x0200a784                oamRotateScale
 .text          0x0200a7d0      0x450 c:/devkitPro/libnds/lib\libnds9.a(sprite_alloc.o)
                0x0200a800                oamAllocReset
                0x0200a834                oamAllocateGfx
                0x0200aa38                oamFreeGfx
                0x0200abd4                oamCountFragments
 .text          0x0200ac20      0x244 c:/devkitPro/libnds/lib\libnds9.a(trig.o)
                0x0200ac20                asinComp
                0x0200ac48                sinLutLookup
                0x0200ac84                sinLerp
                0x0200acbc                cosLerp
                0x0200acd0                tanLutLookup
                0x0200ad08                tanLerp
                0x0200adac                asinLerp
                0x0200ae28                acosLerp
                0x0200ae3c                atanComp
 .text          0x0200ae64      0x1f8 c:/devkitPro/libnds/lib\libnds9.a(video.o)
                0x0200ae64                vramSetPrimaryBanks
                0x0200aea8                vramSetMainBanks
                0x0200aeec                vramSetBanks_EFG
                0x0200af24                vramRestorePrimaryBanks
                0x0200af30                vramRestoreMainBanks
                0x0200af3c                vramRestoreBanks_EFG
                0x0200af48                setBrightness
                0x0200af88                vramDefault
 .text          0x0200b05c      0x238 c:/devkitPro/libnds/lib\libnds9.a(dldi.o)
                0x0200b05c                dldiGetInternal
                0x0200b094                dldiIsValid
                0x0200b0cc                dldiFixDriverAddresses
                0x0200b1a4                dldiLoadFromFile
                0x0200b288                dldiFree
 .text          0x0200b294      0x148 c:/devkitPro/libnds/lib\libnds9.a(dsi_sd.o)
                0x0200b294                sdio_ClearStatus
                0x0200b2a4                sdio_Shutdown
                0x0200b2b4                sdio_WriteSectors
                0x0200b308                sdio_ReadSectors
                0x0200b35c                sdio_IsInserted
                0x0200b390                sdio_Startup
 .text          0x0200b3dc      0x140 c:/devkitPro/libnds/lib\libnds9.a(initSystem.o)
                0x0200b3dc                initSystem
 .text          0x0200b51c      0x23c c:/devkitPro/libnds/lib\libnds9.a(card.o)
                0x0200b51c                cardWriteCommand
                0x0200b540                cardPolledTransfer
                0x0200b590                cardStartTransfer
                0x0200b5ec                cardWriteAndRead
                0x0200b630                cardParamCommand
                0x0200b660                cardReadID
                0x0200b688                cardReset
                0x0200b6fc                cardReadHeader
 .text          0x0200b758      0xc58 c:/devkitPro/libnds/lib\libnds9.a(fifosystem.o)
                0x0200b9ac                fifoSendAddress
                0x0200b9d8                fifoSendValue32
                0x0200ba18                fifoSendDatamsg
                0x0200ba88                fifoGetAddress
                0x0200bb00                fifoSetAddressHandler
                0x0200bb74                fifoGetValue32
                0x0200bbe8                fifoSetValue32Handler
                0x0200bc5c                fifoGetDatamsg
                0x0200c0e0                fifoSetDatamsgHandler
                0x0200c178                fifoCheckAddress
                0x0200c19c                fifoCheckDatamsg
                0x0200c1c0                fifoCheckValue32
                0x0200c1e4                fifoInit
 .text          0x0200c3b0      0x1ec c:/devkitPro/libnds/lib\libnds9.a(interrupts.o)
                0x0200c3b0                irqDummy
                0x0200c3b4                irqSet
                0x0200c420                irqInit
                0x0200c46c                irqInitHandler
                0x0200c49c                irqEnable
                0x0200c500                irqDisable
                0x0200c564                irqClear
 .text          0x0200c59c       0x58 c:/devkitPro/libnds/lib\libnds9.a(libnds_exit.arm.o)
                0x0200c59c                systemErrorExit
                0x0200c5a0                __libnds_exit
 .text          0x0200c5f4       0x70 c:/devkitPro/libnds/lib\libnds9.a(dcache.o)
                0x0200c5f4                DC_FlushAll
                0x0200c620                DC_FlushRange
                0x0200c63c                DC_InvalidateAll
                0x0200c648                DC_InvalidateRange
 *fill*         0x0200c664       0x1c ff
 .text          0x0200c680     0x8000 c:/devkitPro/libnds/lib\libnds9.a(dldi_stub.o)
                0x0200c680                _io_dldi_stub
 .text          0x02014680      0x1b4 c:/devkitPro/libnds/lib\libnds9.a(mpu_setup.o)
                0x02014680                __libnds_mpu_setup
                0x020147c0                memCached
                0x020147d8                memUncached
 *fill*         0x02014834        0xc ff
 .text          0x02014840       0x70 c:/devkitPro/libnds/lib\libnds9.a(biosCalls.o)
                0x02014840                swiDelay
                0x02014844                swiIntrWait
                0x02014848                swiWaitForVBlank
                0x0201484c                swiSleep
                0x02014850                swiChangeSoundBias
                0x02014854                swiDivide
                0x02014858                swiRemainder
                0x0201485e                swiDivMod
                0x0201486a                swiCopy
                0x0201486e                swiFastCopy
                0x02014872                swiSqrt
                0x02014876                swiCRC16
                0x0201487a                swiIsDebugger
                0x0201487e                swiUnpackBits
                0x02014882                swiDecompressLZSSWram
                0x02014886                swiDecompressLZSSVramNTR
                0x0201488a                swiDecompressLZSSVramTWL
                0x0201488e                swiDecompressHuffman
                0x02014892                swiDecompressRLEWram
                0x02014896                swiDecompressRLEVram
                0x0201489a                swiWaitForIRQ
                0x0201489e                swiDecodeDelta8
                0x020148a2                swiDecodeDelta16
                0x020148a6                swiSetHaltCR
 .text          0x020148b0       0xa4 c:/devkitPro/libnds/lib\libnds9.a(debugprint.o)
                0x020148b0                nocashWrite
                0x020148b2                nocashMessage
 .text          0x02014954        0x0 c:/devkitPro/libnds/lib\libnds9.a(interruptDispatcher.o)
 *fill*         0x02014954        0xc ff
 .text          0x02014960       0x30 c:/devkitPro/libnds/lib\libnds9.a(swiSoftReset.o)
                0x02014960                swiSoftReset
 .text          0x02014990        0x0 c:/devkitPro/libnds/lib\libnds9.a(default_font.bin.o)
 .text          0x02014990      0x2e8 c:/devkitPro/libnds/lib\libnds9.a(background.o)
                0x02014990                bgIsText
                0x0201499c                checkIfText
                0x020149f4                bgUpdate
                0x02014ae8                bgInit_call
                0x02014bac                bgInitSub_call
 .text          0x02014c78      0x128 c:/devkitPro/libnds/lib\libnds9.a(system.o)
                0x02014c78                setSDcallback
                0x02014c84                systemMsgHandler
                0x02014cc8                systemSleep
                0x02014ce0                systemValueHandler
                0x02014d1c                powerOn
                0x02014d48                powerOff
                0x02014d70                ledBlink
                0x02014d80                getBatteryLevel
 .text          0x02014da0      0x11c c:/devkitpro/devkitarm/bin/../lib/gcc/arm-none-eabi/4.7.1/thumb\libgcc.a(_udivsi3.o)
                0x02014da0                __aeabi_uidiv
                0x02014da0                __udivsi3
                0x02014e9c                __aeabi_uidivmod
 .text          0x02014ebc      0x150 c:/devkitpro/devkitarm/bin/../lib/gcc/arm-none-eabi/4.7.1/thumb\libgcc.a(_divsi3.o)
                0x02014ebc                __divsi3
                0x02014ebc                __aeabi_idiv
                0x02014fec                __aeabi_idivmod
 .text          0x0201500c        0x4 c:/devkitpro/devkitarm/bin/../lib/gcc/arm-none-eabi/4.7.1/thumb\libgcc.a(_dvmd_tls.o)
                0x0201500c                __aeabi_idiv0
                0x0201500c                __aeabi_ldiv0
 .text          0x02015010       0x4c c:/devkitpro/devkitarm/bin/../lib/gcc/arm-none-eabi/4.7.1/thumb\libgcc.a(_muldi3.o)
                0x02015010                __muldi3
                0x02015010                __aeabi_lmul
 .text          0x0201505c       0x64 c:/devkitpro/devkitarm/bin/../lib/gcc/arm-none-eabi/4.7.1/../../../../arm-none-eabi/lib/thumb\libg.a(lib_a-bsearch.o)
                0x0201505c                bsearch
 .text          0x020150c0       0x1c c:/devkitpro/devkitarm/bin/../lib/gcc/arm-none-eabi/4.7.1/../../../../arm-none-eabi/lib/thumb\libg.a(lib_a-calloc.o)
                0x020150c0                calloc
 .text          0x020150dc       0x64 c:/devkitpro/devkitarm/bin/../lib/gcc/arm-none-eabi/4.7.1/../../../../arm-none-eabi/lib/thumb\libg.a(lib_a-callocr.o)
                0x020150dc                _calloc_r
 .text          0x02015140       0x10 c:/devkitpro/devkitarm/bin/../lib/gcc/arm-none-eabi/4.7.1/../../../../arm-none-eabi/lib/thumb\libg.a(lib_a-ctype_.o)
                0x02015140                __set_ctype
 .text          0x02015150       0xb0 c:/devkitpro/devkitarm/bin/../lib/gcc/arm-none-eabi/4.7.1/../../../../arm-none-eabi/lib/thumb\libg.a(lib_a-fclose.o)
                0x02015150                _fclose_r
                0x020151e4                fclose
 .text          0x02015200      0x1b8 c:/devkitpro/devkitarm/bin/../lib/gcc/arm-none-eabi/4.7.1/../../../../arm-none-eabi/lib/thumb\libg.a(lib_a-fflush.o)
                0x02015200                __sflush_r
                0x02015358                _fflush_r
                0x02015388                fflush
 .text          0x020153b8      0x1d8 c:/devkitpro/devkitarm/bin/../lib/gcc/arm-none-eabi/4.7.1/../../../../arm-none-eabi/lib/thumb\libg.a(lib_a-findfp.o)
                0x020153c0                _cleanup_r
                0x02015420                __sfmoreglue
                0x02015450                _cleanup
                0x02015464                __sinit
                0x020154b8                __sfp
                0x02015548                __sfp_lock_acquire
                0x0201554c                __sfp_lock_release
                0x02015550                __sinit_lock_acquire
                0x02015554                __sinit_lock_release
                0x02015558                __fp_lock_all
                0x02015574                __fp_unlock_all
 .text          0x02015590       0xa8 c:/devkitpro/devkitarm/bin/../lib/gcc/arm-none-eabi/4.7.1/../../../../arm-none-eabi/lib/thumb\libg.a(lib_a-fopen.o)
                0x02015590                _fopen_r
                0x0201561c                fopen
 .text          0x02015638      0x190 c:/devkitpro/devkitarm/bin/../lib/gcc/arm-none-eabi/4.7.1/../../../../arm-none-eabi/lib/thumb\libg.a(lib_a-fread.o)
                0x02015638                _fread_r
                0x020157a0                fread
 .text          0x020157c8      0x238 c:/devkitpro/devkitarm/bin/../lib/gcc/arm-none-eabi/4.7.1/../../../../arm-none-eabi/lib/thumb\libg.a(lib_a-freer.o)
                0x020157c8                _malloc_trim_r
                0x0201586c                _free_r
 .text          0x02015a00      0x328 c:/devkitpro/devkitarm/bin/../lib/gcc/arm-none-eabi/4.7.1/../../../../arm-none-eabi/lib/thumb\libg.a(lib_a-fseek.o)
                0x02015a00                _fseek_r
                0x02015d04                fseek
 .text          0x02015d28       0x9c c:/devkitpro/devkitarm/bin/../lib/gcc/arm-none-eabi/4.7.1/../../../../arm-none-eabi/lib/thumb\libg.a(lib_a-ftell.o)
                0x02015d28                _ftell_r
                0x02015da8                ftell
 .text          0x02015dc4       0xb4 c:/devkitpro/devkitarm/bin/../lib/gcc/arm-none-eabi/4.7.1/../../../../arm-none-eabi/lib/thumb\libg.a(lib_a-fwalk.o)
                0x02015dc4                _fwalk
                0x02015e18                _fwalk_reent
 .text          0x02015e78        0x0 c:/devkitpro/devkitarm/bin/../lib/gcc/arm-none-eabi/4.7.1/../../../../arm-none-eabi/lib/thumb\libg.a(lib_a-impure.o)
 .text          0x02015e78       0x54 c:/devkitpro/devkitarm/bin/../lib/gcc/arm-none-eabi/4.7.1/../../../../arm-none-eabi/lib/thumb\libg.a(lib_a-init.o)
                0x02015e78                __libc_init_array
 .text          0x02015ecc       0x40 c:/devkitpro/devkitarm/bin/../lib/gcc/arm-none-eabi/4.7.1/../../../../arm-none-eabi/lib/thumb\libg.a(lib_a-iprintf.o)
                0x02015ecc                iprintf
                0x02015ef0                _iprintf_r
 .text          0x02015f0c       0x10 c:/devkitpro/devkitarm/bin/../lib/gcc/arm-none-eabi/4.7.1/../../../../arm-none-eabi/lib/thumb\libg.a(lib_a-lcltime_r.o)
                0x02015f0c                localtime_r
 .text          0x02015f1c      0x950 c:/devkitpro/devkitarm/bin/../lib/gcc/arm-none-eabi/4.7.1/../../../../arm-none-eabi/lib/thumb\libg.a(lib_a-locale.o)
                0x02016610                _setlocale_r
                0x0201680c                __locale_charset
                0x02016814                __locale_mb_cur_max
                0x02016820                __locale_msgcharset
                0x0201682c                __locale_cjk_lang
                0x02016838                _localeconv_r
                0x02016844                setlocale
                0x02016860                localeconv
 .text          0x0201686c       0xe0 c:/devkitpro/devkitarm/bin/../lib/gcc/arm-none-eabi/4.7.1/../../../../arm-none-eabi/lib/thumb\libg.a(lib_a-makebuf.o)
                0x0201686c                __smakebuf_r
 .text          0x0201694c       0x30 c:/devkitpro/devkitarm/bin/../lib/gcc/arm-none-eabi/4.7.1/../../../../arm-none-eabi/lib/thumb\libg.a(lib_a-malloc.o)
                0x0201694c                malloc
                0x02016964                free
 .text          0x0201697c      0x51c c:/devkitpro/devkitarm/bin/../lib/gcc/arm-none-eabi/4.7.1/../../../../arm-none-eabi/lib/thumb\libg.a(lib_a-mallocr.o)
                0x0201697c                _malloc_r
 .text          0x02016e98      0x104 c:/devkitpro/devkitarm/bin/../lib/gcc/arm-none-eabi/4.7.1/../../../../arm-none-eabi/lib/thumb\libg.a(lib_a-mbrtowc.o)
                0x02016e98                _mbrtowc_r
                0x02016f10                mbrtowc
 .text          0x02016f9c       0x40 c:/devkitpro/devkitarm/bin/../lib/gcc/arm-none-eabi/4.7.1/../../../../arm-none-eabi/lib/thumb\libg.a(lib_a-mbsrtowcs.o)
                0x02016f9c                _mbsrtowcs_r
                0x02016fb4                mbsrtowcs
 .text          0x02016fdc      0x584 c:/devkitpro/devkitarm/bin/../lib/gcc/arm-none-eabi/4.7.1/../../../../arm-none-eabi/lib/thumb\libg.a(lib_a-mbtowc_r.o)
                0x02016fdc                __utf8_mbtowc
                0x0201723c                _mbtowc_r
                0x02017278                __ascii_mbtowc
                0x020172a8                __sjis_mbtowc
                0x02017368                __eucjp_mbtowc
                0x02017430                __jis_mbtowc
 .text          0x02017560       0x60 c:/devkitpro/devkitarm/bin/../lib/gcc/arm-none-eabi/4.7.1/../../../../arm-none-eabi/lib/thumb\libg.a(lib_a-memcmp.o)
                0x02017560                memcmp
 .text          0x020175c0       0x90 c:/devkitpro/devkitarm/bin/../lib/gcc/arm-none-eabi/4.7.1/../../../../arm-none-eabi/lib/thumb\libg.a(lib_a-memcpy-stub.o)
                0x020175c0                memcpy
 .text          0x02017650       0xb0 c:/devkitpro/devkitarm/bin/../lib/gcc/arm-none-eabi/4.7.1/../../../../arm-none-eabi/lib/thumb\libg.a(lib_a-memmove.o)
                0x02017650                memmove
 .text          0x02017700       0x98 c:/devkitpro/devkitarm/bin/../lib/gcc/arm-none-eabi/4.7.1/../../../../arm-none-eabi/lib/thumb\libg.a(lib_a-memset.o)
                0x02017700                memset
 .text          0x02017798      0x508 c:/devkitpro/devkitarm/bin/../lib/gcc/arm-none-eabi/4.7.1/../../../../arm-none-eabi/lib/thumb\libg.a(lib_a-mktime.o)
                0x0201796c                mktime
 .text          0x02017ca0      0x498 c:/devkitpro/devkitarm/bin/../lib/gcc/arm-none-eabi/4.7.1/../../../../arm-none-eabi/lib/thumb\libg.a(lib_a-mktm_r.o)
                0x02017ca0                __tzcalc_limits
                0x02017e3c                _mktm_r
 .text          0x02018138        0x8 c:/devkitpro/devkitarm/bin/../lib/gcc/arm-none-eabi/4.7.1/../../../../arm-none-eabi/lib/thumb\libg.a(lib_a-mlock.o)
                0x02018138                __malloc_lock
                0x0201813c                __malloc_unlock
 .text          0x02018140       0x1c c:/devkitpro/devkitarm/bin/../lib/gcc/arm-none-eabi/4.7.1/../../../../arm-none-eabi/lib/thumb\libg.a(lib_a-realloc.o)
                0x02018140                realloc
 .text          0x0201815c      0x3e8 c:/devkitpro/devkitarm/bin/../lib/gcc/arm-none-eabi/4.7.1/../../../../arm-none-eabi/lib/thumb\libg.a(lib_a-reallocr.o)
                0x0201815c                _realloc_r
 .text          0x02018544      0x144 c:/devkitpro/devkitarm/bin/../lib/gcc/arm-none-eabi/4.7.1/../../../../arm-none-eabi/lib/thumb\libg.a(lib_a-refill.o)
                0x02018564                __srefill_r
 .text          0x02018688       0x34 c:/devkitpro/devkitarm/bin/../lib/gcc/arm-none-eabi/4.7.1/../../../../arm-none-eabi/lib/thumb\libg.a(lib_a-rewind.o)
                0x02018688                _rewind_r
                0x020186a4                rewind
 .text          0x020186bc      0x120 c:/devkitpro/devkitarm/bin/../lib/gcc/arm-none-eabi/4.7.1/../../../../arm-none-eabi/lib/thumb\libg.a(lib_a-setvbuf.o)
                0x020186bc                setvbuf
 .text          0x020187dc       0xa0 c:/devkitpro/devkitarm/bin/../lib/gcc/arm-none-eabi/4.7.1/../../../../arm-none-eabi/lib/thumb\libg.a(lib_a-siscanf.o)
                0x020187dc                siscanf
                0x0201882c                _siscanf_r
 .text          0x0201887c       0x84 c:/devkitpro/devkitarm/bin/../lib/gcc/arm-none-eabi/4.7.1/../../../../arm-none-eabi/lib/thumb\libg.a(lib_a-sprintf.o)
                0x0201887c                _sprintf_r
                0x020188bc                sprintf
 .text          0x02018900       0xac c:/devkitpro/devkitarm/bin/../lib/gcc/arm-none-eabi/4.7.1/../../../../arm-none-eabi/lib/thumb\libg.a(lib_a-stdio.o)
                0x02018900                __sread
                0x0201892c                __seofread
                0x02018930                __swrite
                0x0201896c                __sseek
                0x0201899c                __sclose
 .text          0x020189ac       0x48 c:/devkitpro/devkitarm/bin/../lib/gcc/arm-none-eabi/4.7.1/../../../../arm-none-eabi/lib/thumb\libg.a(lib_a-stpcpy.o)
                0x020189ac                stpcpy
 .text          0x020189f4       0x50 c:/devkitpro/devkitarm/bin/../lib/gcc/arm-none-eabi/4.7.1/../../../../arm-none-eabi/lib/thumb\libg.a(lib_a-strcasecmp.o)
                0x020189f4                strcasecmp
 .text          0x02018a44       0x50 c:/devkitpro/devkitarm/bin/../lib/gcc/arm-none-eabi/4.7.1/../../../../arm-none-eabi/lib/thumb\libg.a(lib_a-strcat.o)
                0x02018a44                strcat
 .text          0x02018a94       0xd4 c:/devkitpro/devkitarm/bin/../lib/gcc/arm-none-eabi/4.7.1/../../../../arm-none-eabi/lib/thumb\libg.a(lib_a-strchr.o)
                0x02018a94                strchr
 .text          0x02018b68       0x14 c:/devkitpro/devkitarm/bin/../lib/gcc/arm-none-eabi/4.7.1/../../../../arm-none-eabi/lib/thumb\libg.a(lib_a-strcmp.o)
                0x02018b68                strcmp
 .text          0x02018b7c       0x10 c:/devkitpro/devkitarm/bin/../lib/gcc/arm-none-eabi/4.7.1/../../../../arm-none-eabi/lib/thumb\libg.a(lib_a-strcpy.o)
                0x02018b7c                strcpy
 .text          0x02018b8c       0x48 c:/devkitpro/devkitarm/bin/../lib/gcc/arm-none-eabi/4.7.1/../../../../arm-none-eabi/lib/thumb\libg.a(lib_a-strlcpy.o)
                0x02018b8c                strlcpy
 .text          0x02018bd4       0x10 c:/devkitpro/devkitarm/bin/../lib/gcc/arm-none-eabi/4.7.1/../../../../arm-none-eabi/lib/thumb\libg.a(lib_a-strlen.o)
                0x02018bd4                strlen
 .text          0x02018be4       0x60 c:/devkitpro/devkitarm/bin/../lib/gcc/arm-none-eabi/4.7.1/../../../../arm-none-eabi/lib/thumb\libg.a(lib_a-strncasecmp.o)
                0x02018be4                strncasecmp
 .text          0x02018c44       0xbc c:/devkitpro/devkitarm/bin/../lib/gcc/arm-none-eabi/4.7.1/../../../../arm-none-eabi/lib/thumb\libg.a(lib_a-strncmp.o)
                0x02018c44                strncmp
 .text          0x02018d00       0x60 c:/devkitpro/devkitarm/bin/../lib/gcc/arm-none-eabi/4.7.1/../../../../arm-none-eabi/lib/thumb\libg.a(lib_a-strncpy.o)
                0x02018d00                strncpy
 .text          0x02018d60       0x34 c:/devkitpro/devkitarm/bin/../lib/gcc/arm-none-eabi/4.7.1/../../../../arm-none-eabi/lib/thumb\libg.a(lib_a-strnlen.o)
                0x02018d60                strnlen
 .text          0x02018d94       0x50 c:/devkitpro/devkitarm/bin/../lib/gcc/arm-none-eabi/4.7.1/../../../../arm-none-eabi/lib/thumb\libg.a(lib_a-strpbrk.o)
                0x02018d94                strpbrk
 .text          0x02018de4       0x2c c:/devkitpro/devkitarm/bin/../lib/gcc/arm-none-eabi/4.7.1/../../../../arm-none-eabi/lib/thumb\libg.a(lib_a-strrchr.o)
                0x02018de4                strrchr
 .text          0x02018e10      0x190 c:/devkitpro/devkitarm/bin/../lib/gcc/arm-none-eabi/4.7.1/../../../../arm-none-eabi/lib/thumb\libg.a(lib_a-strtol.o)
                0x02018e10                _strtol_r
                0x02018f80                strtol
 .text          0x02018fa0      0xa98 c:/devkitpro/devkitarm/bin/../lib/gcc/arm-none-eabi/4.7.1/../../../../arm-none-eabi/lib/thumb\libg.a(lib_a-svfiscanf.o)
                0x02018fa0                _sungetc_r
                0x02019028                __ssrefill_r
                0x0201906c                _sfread_r
                0x020190f8                __ssvfiscanf_r
 .text          0x02019a38     0x1728 c:/devkitpro/devkitarm/bin/../lib/gcc/arm-none-eabi/4.7.1/../../../../arm-none-eabi/lib/thumb\libg.a(lib_a-svfprintf.o)
                0x02019a38                _svfprintf_r
 .text          0x0201b160       0x18 c:/devkitpro/devkitarm/bin/../lib/gcc/arm-none-eabi/4.7.1/../../../../arm-none-eabi/lib/thumb\libg.a(lib_a-sysclose.o)
                0x0201b160                close
 .text          0x0201b178       0x20 c:/devkitpro/devkitarm/bin/../lib/gcc/arm-none-eabi/4.7.1/../../../../arm-none-eabi/lib/thumb\libg.a(lib_a-syslseek.o)
                0x0201b178                lseek
 .text          0x0201b198       0x24 c:/devkitpro/devkitarm/bin/../lib/gcc/arm-none-eabi/4.7.1/../../../../arm-none-eabi/lib/thumb\libg.a(lib_a-sysopen.o)
                0x0201b198                open
 .text          0x0201b1bc       0x20 c:/devkitpro/devkitarm/bin/../lib/gcc/arm-none-eabi/4.7.1/../../../../arm-none-eabi/lib/thumb\libg.a(lib_a-sysread.o)
                0x0201b1bc                read
 .text          0x0201b1dc       0x30 c:/devkitpro/devkitarm/bin/../lib/gcc/arm-none-eabi/4.7.1/../../../../arm-none-eabi/lib/thumb\libg.a(lib_a-time.o)
                0x0201b1dc                time
 .text          0x0201b20c      0x730 c:/devkitpro/devkitarm/bin/../lib/gcc/arm-none-eabi/4.7.1/../../../../arm-none-eabi/lib/thumb\libg.a(lib_a-towlower.o)
                0x0201b20c                towlower
 .text          0x0201b93c      0x9dc c:/devkitpro/devkitarm/bin/../lib/gcc/arm-none-eabi/4.7.1/../../../../arm-none-eabi/lib/thumb\libg.a(lib_a-towupper.o)
                0x0201b93c                towupper
 .text          0x0201c318        0x8 c:/devkitpro/devkitarm/bin/../lib/gcc/arm-none-eabi/4.7.1/../../../../arm-none-eabi/lib/thumb\libg.a(lib_a-tzlock.o)
                0x0201c318                __tz_lock
                0x0201c31c                __tz_unlock
 .text          0x0201c320        0x0 c:/devkitpro/devkitarm/bin/../lib/gcc/arm-none-eabi/4.7.1/../../../../arm-none-eabi/lib/thumb\libg.a(lib_a-tzvars.o)
 .text          0x0201c320      0x188 c:/devkitpro/devkitarm/bin/../lib/gcc/arm-none-eabi/4.7.1/../../../../arm-none-eabi/lib/thumb\libg.a(lib_a-ungetc.o)
                0x0201c320                __submore
                0x0201c3a8                _ungetc_r
                0x0201c48c                ungetc
 .text          0x0201c4a8      0xed4 c:/devkitpro/devkitarm/bin/../lib/gcc/arm-none-eabi/4.7.1/../../../../arm-none-eabi/lib/thumb\libg.a(lib_a-vfiprintf.o)
                0x0201c4a8                __sprint_r
                0x0201c52c                _vfiprintf_r
                0x0201d358                vfiprintf
 .text          0x0201d37c       0xe8 c:/devkitpro/devkitarm/bin/../lib/gcc/arm-none-eabi/4.7.1/../../../../arm-none-eabi/lib/thumb\libg.a(lib_a-wcrtomb.o)
                0x0201d37c                _wcrtomb_r
                0x0201d3e4                wcrtomb
 .text          0x0201d464       0x40 c:/devkitpro/devkitarm/bin/../lib/gcc/arm-none-eabi/4.7.1/../../../../arm-none-eabi/lib/thumb\libg.a(lib_a-wcsrtombs.o)
                0x0201d464                _wcsrtombs_r
                0x0201d47c                wcsrtombs
 .text          0x0201d4a4       0x54 c:/devkitpro/devkitarm/bin/../lib/gcc/arm-none-eabi/4.7.1/../../../../arm-none-eabi/lib/thumb\libg.a(lib_a-wctob.o)
                0x0201d4a4                wctob
 .text          0x0201d4f8      0x2a4 c:/devkitpro/devkitarm/bin/../lib/gcc/arm-none-eabi/4.7.1/../../../../arm-none-eabi/lib/thumb\libg.a(lib_a-wctomb_r.o)
                0x0201d4f8                __utf8_wctomb
                0x0201d5ac                _wctomb_r
                0x0201d5e4                __ascii_wctomb
                0x0201d604                __sjis_wctomb
                0x0201d680                __eucjp_wctomb
                0x0201d71c                __jis_wctomb
 .text          0x0201d79c       0xd0 c:/devkitpro/devkitarm/bin/../lib/gcc/arm-none-eabi/4.7.1/../../../../arm-none-eabi/lib/thumb\libg.a(lib_a-wsetup.o)
                0x0201d79c                __swsetup_r
 .text          0x0201d86c       0x40 c:/devkitpro/devkitarm/bin/../lib/gcc/arm-none-eabi/4.7.1/../../../../arm-none-eabi/lib/thumb\libg.a(lib_a-div.o)
                0x0201d86c                div
 *fill*         0x0201d8ac        0x4 ff
 .text          0x0201d8b0     0x10a0 c:/devkitpro/devkitarm/bin/../lib/gcc/arm-none-eabi/4.7.1/../../../../arm-none-eabi/lib/thumb\libg.a(lib_a-dtoa.o)
                0x0201da08                _dtoa_r
 .text          0x0201e950       0x70 c:/devkitpro/devkitarm/bin/../lib/gcc/arm-none-eabi/4.7.1/../../../../arm-none-eabi/lib/thumb\libg.a(lib_a-flags.o)
                0x0201e950                __sflags
 .text          0x0201e9c0      0x104 c:/devkitpro/devkitarm/bin/../lib/gcc/arm-none-eabi/4.7.1/../../../../arm-none-eabi/lib/thumb\libg.a(lib_a-fputwc.o)
                0x0201e9c0                _fputwc_r
                0x0201ea98                fputwc
 .text          0x0201eac4      0x2fc c:/devkitpro/devkitarm/bin/../lib/gcc/arm-none-eabi/4.7.1/../../../../arm-none-eabi/lib/thumb\libg.a(lib_a-fvwrite.o)
                0x0201eac4                __sfvwrite_r
 .text          0x0201edc0       0xa8 c:/devkitpro/devkitarm/bin/../lib/gcc/arm-none-eabi/4.7.1/../../../../arm-none-eabi/lib/thumb\libg.a(lib_a-getenv_r.o)
                0x0201edc0                _findenv_r
                0x0201ee58                _getenv_r
 .text          0x0201ee68        0x8 c:/devkitpro/devkitarm/bin/../lib/gcc/arm-none-eabi/4.7.1/../../../../arm-none-eabi/lib/thumb\libg.a(lib_a-gettzinfo.o)
                0x0201ee68                __gettzinfo
 .text          0x0201ee70       0x78 c:/devkitpro/devkitarm/bin/../lib/gcc/arm-none-eabi/4.7.1/../../../../arm-none-eabi/lib/thumb\libg.a(lib_a-iswspace.o)
                0x0201ee70                iswspace
 .text          0x0201eee8      0x1f0 c:/devkitpro/devkitarm/bin/../lib/gcc/arm-none-eabi/4.7.1/../../../../arm-none-eabi/lib/thumb\libg.a(lib_a-jp2uc.o)
                0x0201f074                _jp2uc
 .text          0x0201f0d8       0xe8 c:/devkitpro/devkitarm/bin/../lib/gcc/arm-none-eabi/4.7.1/../../../../arm-none-eabi/lib/thumb\libg.a(lib_a-mbsnrtowcs.o)
                0x0201f0d8                _mbsnrtowcs_r
                0x0201f194                mbsnrtowcs
 .text          0x0201f1c0       0x98 c:/devkitpro/devkitarm/bin/../lib/gcc/arm-none-eabi/4.7.1/../../../../arm-none-eabi/lib/thumb\libg.a(lib_a-memchr-stub.o)
                0x0201f1c0                memchr
 .text          0x0201f258      0x978 c:/devkitpro/devkitarm/bin/../lib/gcc/arm-none-eabi/4.7.1/../../../../arm-none-eabi/lib/thumb\libg.a(lib_a-mprec.o)
                0x0201f258                _Balloc
                0x0201f2ac                _Bfree
                0x0201f2c4                __multadd
                0x0201f370                __s2b
                0x0201f40c                __hi0bits
                0x0201f444                __lo0bits
                0x0201f4a4                __i2b
                0x0201f4bc                __multiply
                0x0201f620                __pow5mult
                0x0201f6d0                __lshift
                0x0201f7a0                __mcmp
                0x0201f7dc                __mdiff
                0x0201f8cc                __ulp
                0x0201f914                __b2d
                0x0201f9b8                __d2b
                0x0201fa70                __ratio
                0x0201faec                _mprec_log10
                0x0201fb2c                __copybits
                0x0201fb74                __any_on
 .text          0x0201fbd0       0x7c c:/devkitpro/devkitarm/bin/../lib/gcc/arm-none-eabi/4.7.1/../../../../arm-none-eabi/lib/thumb\libg.a(lib_a-sccl.o)
                0x0201fbd0                __sccl
 .text          0x0201fc4c       0x5c c:/devkitpro/devkitarm/bin/../lib/gcc/arm-none-eabi/4.7.1/../../../../arm-none-eabi/lib/thumb\libg.a(lib_a-s_fpclassify.o)
                0x0201fc4c                __fpclassifyd
 .text          0x0201fca8      0x208 c:/devkitpro/devkitarm/bin/../lib/gcc/arm-none-eabi/4.7.1/../../../../arm-none-eabi/lib/thumb\libg.a(lib_a-strtoll_r.o)
                0x0201fca8                _strtoll_r
 .text          0x0201feb0      0x238 c:/devkitpro/devkitarm/bin/../lib/gcc/arm-none-eabi/4.7.1/../../../../arm-none-eabi/lib/thumb\libg.a(lib_a-strtoull_r.o)
                0x0201feb0                _strtoull_r
 .text          0x020200e8      0x198 c:/devkitpro/devkitarm/bin/../lib/gcc/arm-none-eabi/4.7.1/../../../../arm-none-eabi/lib/thumb\libg.a(lib_a-strtoul.o)
                0x020200e8                _strtoul_r
                0x02020260                strtoul
 .text          0x02020280      0xeb4 c:/devkitpro/devkitarm/bin/../lib/gcc/arm-none-eabi/4.7.1/../../../../arm-none-eabi/lib/thumb\libg.a(lib_a-svfiprintf.o)
                0x02020280                __ssprint_r
                0x020203b0                _svfiprintf_r
 .text          0x02021134       0xd0 c:/devkitpro/devkitarm/bin/../lib/gcc/arm-none-eabi/4.7.1/../../../../arm-none-eabi/lib/thumb\libg.a(lib_a-wbuf.o)
                0x02021134                __swbuf_r
                0x020211e8                __swbuf
 .text          0x02021204      0x150 c:/devkitpro/devkitarm/bin/../lib/gcc/arm-none-eabi/4.7.1/../../../../arm-none-eabi/lib/thumb\libg.a(lib_a-wcsnrtombs.o)
                0x02021204                _wcsnrtombs_r
                0x02021324                wcsnrtombs
 .text          0x02021354        0x0 c:/devkitpro/devkitarm/bin/../lib/gcc/arm-none-eabi/4.7.1/../../../../arm-none-eabi/lib/thumb\libg.a(lib_a-environ.o)
 .text          0x02021354        0x8 c:/devkitpro/devkitarm/bin/../lib/gcc/arm-none-eabi/4.7.1/../../../../arm-none-eabi/lib/thumb\libg.a(lib_a-envlock.o)
                0x02021354                __env_lock
                0x02021358                __env_unlock
 .text          0x0202135c      0x144 c:/devkitpro/devkitarm/bin/../lib/gcc/arm-none-eabi/4.7.1/../../../../arm-none-eabi/lib/thumb\libsysbase.a(iosupport.o)
                0x0202135c                setDefaultDevice
                0x02021370                FindDevice
                0x020213e0                RemoveDevice
                0x02021404                AddDevice
                0x02021480                GetDeviceOpTab
 .text          0x020214a0       0x50 c:/devkitpro/devkitarm/bin/../lib/gcc/arm-none-eabi/4.7.1/../../../../arm-none-eabi/lib/thumb\libsysbase.a(close.o)
                0x020214a0                _close_r
 .text          0x020214f0       0x50 c:/devkitpro/devkitarm/bin/../lib/gcc/arm-none-eabi/4.7.1/../../../../arm-none-eabi/lib/thumb\libsysbase.a(fstat.o)
                0x020214f0                _fstat_r
 .text          0x02021540        0x4 c:/devkitpro/devkitarm/bin/../lib/gcc/arm-none-eabi/4.7.1/../../../../arm-none-eabi/lib/thumb\libsysbase.a(isatty.o)
                0x02021540                _isatty_r
 .text          0x02021544       0x50 c:/devkitpro/devkitarm/bin/../lib/gcc/arm-none-eabi/4.7.1/../../../../arm-none-eabi/lib/thumb\libsysbase.a(lseek.o)
                0x02021544                _lseek_r
 .text          0x02021594       0xa0 c:/devkitpro/devkitarm/bin/../lib/gcc/arm-none-eabi/4.7.1/../../../../arm-none-eabi/lib/thumb\libsysbase.a(open.o)
                0x02021594                _open_r
 .text          0x02021634       0x50 c:/devkitpro/devkitarm/bin/../lib/gcc/arm-none-eabi/4.7.1/../../../../arm-none-eabi/lib/thumb\libsysbase.a(read.o)
                0x02021634                _read_r
 .text          0x02021684       0x54 c:/devkitpro/devkitarm/bin/../lib/gcc/arm-none-eabi/4.7.1/../../../../arm-none-eabi/lib/thumb\libsysbase.a(sbrk.o)
                0x02021684                _sbrk_r
 .text          0x020216d8       0x44 c:/devkitpro/devkitarm/bin/../lib/gcc/arm-none-eabi/4.7.1/../../../../arm-none-eabi/lib/thumb\libsysbase.a(times.o)
                0x020216d8                _times
                0x020216ec                _times_r
                0x020216f4                _gettimeofday_r
 .text          0x0202171c       0x58 c:/devkitpro/devkitarm/bin/../lib/gcc/arm-none-eabi/4.7.1/../../../../arm-none-eabi/lib/thumb\libsysbase.a(write.o)
                0x0202171c                _write_r
 .text          0x02021774        0x0 c:/devkitpro/devkitarm/bin/../lib/gcc/arm-none-eabi/4.7.1/../../../../arm-none-eabi/lib/thumb\libsysbase.a(malloc_vars.o)
 .text          0x02021774      0x24c c:/devkitpro/devkitarm/bin/../lib/gcc/arm-none-eabi/4.7.1/../../../../arm-none-eabi/lib/thumb\libsysbase.a(chdir.o)
                0x02021774                _concatenate_path
                0x02021890                chdir
                0x02021970                getcwd
 .text          0x020219c0       0x4c c:/devkitpro/devkitarm/bin/../lib/gcc/arm-none-eabi/4.7.1/../../../../arm-none-eabi/lib/thumb\libsysbase.a(build_argv.o)
                0x020219c0                build_argv
 .text          0x02021a0c        0x0 c:/devkitpro/devkitarm/bin/../lib/gcc/arm-none-eabi/4.7.1/../../../../arm-none-eabi/lib/thumb\libsysbase.a(syscall_support.o)
 .text          0x02021a0c       0x84 c:/devkitpro/devkitarm/bin/../lib/gcc/arm-none-eabi/4.7.1/../../../../arm-none-eabi/lib/thumb\libsysbase.a(handle_manager.o)
                0x02021a0c                __release_handle
                0x02021a38                __alloc_handle
                0x02021a70                __get_handle
 .text          0x02021a90      0x41c c:/devkitpro/devkitarm/bin/../lib/gcc/arm-none-eabi/4.7.1/thumb\libgcc.a(_arm_addsubdf3.o)
                0x02021a90                __aeabi_drsub
                0x02021a98                __aeabi_dsub
                0x02021a98                __subdf3
                0x02021a9c                __aeabi_dadd
                0x02021a9c                __adddf3
                0x02021dac                __floatunsidf
                0x02021dac                __aeabi_ui2d
                0x02021dd0                __floatsidf
                0x02021dd0                __aeabi_i2d
                0x02021df8                __aeabi_f2d
                0x02021df8                __extendsfdf2
                0x02021e38                __floatundidf
                0x02021e38                __aeabi_ul2d
                0x02021e4c                __floatdidf
                0x02021e4c                __aeabi_l2d
 .text          0x02021eac      0x49c c:/devkitpro/devkitarm/bin/../lib/gcc/arm-none-eabi/4.7.1/thumb\libgcc.a(_arm_muldivdf3.o)
                0x02021eac                __aeabi_dmul
                0x02021eac                __muldf3
                0x0202213c                __divdf3
                0x0202213c                __aeabi_ddiv
 .text          0x02022348      0x144 c:/devkitpro/devkitarm/bin/../lib/gcc/arm-none-eabi/4.7.1/thumb\libgcc.a(_arm_cmpdf2.o)
                0x02022348                __gtdf2
                0x02022348                __gedf2
                0x02022350                __ltdf2
                0x02022350                __ledf2
                0x02022358                __nedf2
                0x02022358                __eqdf2
                0x02022358                __cmpdf2
                0x020223e0                __aeabi_cdrcmple
                0x020223fc                __aeabi_cdcmpeq
                0x020223fc                __aeabi_cdcmple
                0x02022414                __aeabi_dcmpeq
                0x0202242c                __aeabi_dcmplt
                0x02022444                __aeabi_dcmple
                0x0202245c                __aeabi_dcmpge
                0x02022474                __aeabi_dcmpgt
 .text          0x0202248c       0x5c c:/devkitpro/devkitarm/bin/../lib/gcc/arm-none-eabi/4.7.1/thumb\libgcc.a(_arm_fixdfsi.o)
                0x0202248c                __aeabi_d2iz
                0x0202248c                __fixdfsi
 .text          0x020224e8       0x3c c:/devkitpro/devkitarm/bin/../lib/gcc/arm-none-eabi/4.7.1/thumb\libgcc.a(_aeabi_uldivmod.o)
                0x020224e8                __aeabi_uldivmod
 .text          0x02022524       0x7c c:/devkitpro/devkitarm/bin/../lib/gcc/arm-none-eabi/4.7.1/thumb\libgcc.a(bpabi.o)
                0x02022524                __gnu_ldivmod_helper
                0x02022564                __gnu_uldivmod_helper
 .text          0x020225a0      0x3d4 c:/devkitpro/devkitarm/bin/../lib/gcc/arm-none-eabi/4.7.1/thumb\libgcc.a(_divdi3.o)
                0x020225a0                __divdi3
 .text          0x02022974      0x3a0 c:/devkitpro/devkitarm/bin/../lib/gcc/arm-none-eabi/4.7.1/thumb\libgcc.a(_udivdi3.o)
                0x02022974                __udivdi3
 .text          0x02022d14       0x48 c:/devkitpro/devkitarm/bin/../lib/gcc/arm-none-eabi/4.7.1/thumb\libgcc.a(_clzsi2.o)
                0x02022d14                __clzsi2
 .text          0x02022d5c        0xc c:/devkitpro/devkitarm/bin/../lib/gcc/arm-none-eabi/4.7.1/../../../../arm-none-eabi/lib/thumb\libg.a(lib_a-errno.o)
                0x02022d5c                __errno
 .text          0x02022d68        0x0 c:/devkitpro/devkitarm/bin/../lib/gcc/arm-none-eabi/4.7.1/thumb/crtend.o
 .text          0x02022d68        0x0 c:/devkitpro/devkitarm/bin/../lib/gcc/arm-none-eabi/4.7.1/thumb/crtn.o
 *(.text.*)
 .text.startup  0x02022d68       0xf8 main.o
                0x02022d68                main
 .text.startup.stub
                0x02022e60       0xd8 linker stubs
 *(.stub)
 *(.gnu.warning)
 *(.gnu.linkonce.t*)
 *(.glue_7)
 .glue_7        0x00000000        0x0 linker stubs
 *(.glue_7t)
 .glue_7t       0x00000000        0x0 linker stubs
                0x02022f38                . = ALIGN (0x4)

.vfp11_veneer   0x02022f48        0x0
 .vfp11_veneer  0x00000000        0x0 linker stubs

.v4_bx          0x02022f48        0x0
 .v4_bx         0x00000000        0x0 linker stubs

.iplt           0x02022f48        0x0
 .iplt          0x00000000        0x0 c:/devkitpro/devkitarm/bin/../lib/gcc/arm-none-eabi/4.7.1/../../../../arm-none-eabi/lib/thumb/ds_arm9_crt0.o

.fini           0x02022f48        0xc
 *(.fini)
 .fini          0x02022f48        0x4 c:/devkitpro/devkitarm/bin/../lib/gcc/arm-none-eabi/4.7.1/thumb/crti.o
                0x02022f48                _fini
 .fini          0x02022f4c        0x8 c:/devkitpro/devkitarm/bin/../lib/gcc/arm-none-eabi/4.7.1/thumb/crtn.o
                0x02022f54                __text_end = .

.rodata         0x02022f58     0x7ac8
 *(.rodata)
 .rodata        0x02022f58       0x50 c:/Users/Derrick/Desktop/nflib_20120804/nflib/examples/graphics/backbuffer/nflib/lib\libnflib.a(nf_basic.o)
 .rodata        0x02022fa8       0x64 c:/devkitPro/libnds/lib\libfat.a(libfat.o)
 .rodata        0x0202300c        0xc c:/devkitPro/libnds/lib\libfat.a(partition.o)
 .rodata        0x02023018       0x54 c:/devkitPro/libnds/lib\libfat.a(directory.o)
 .rodata        0x0202306c       0x18 c:/devkitPro/libnds/lib\libfat.a(disc.o)
                0x0202306c                _FAT_disc_interfaces
 .rodata        0x02023084      0x200 c:/devkitPro/libnds/lib\libnds9.a(console.o)
 .rodata        0x02023284      0x308 c:/devkitPro/libnds/lib\libnds9.a(trig.o)
                0x02023284                SIN_LUT
                0x02023388                TAN_LUT
 .rodata        0x0202358c        0xc c:/devkitPro/libnds/lib\libnds9.a(dldi.o)
                0x0202358c                DLDI_MAGIC_STRING_BACKWARDS
                0x02023594                DLDI_MAGIC_NUMBER
 .rodata        0x02023598       0x20 c:/devkitPro/libnds/lib\libnds9.a(dsi_sd.o)
                0x02023598                __io_dsisd
 .rodata        0x020235b8     0x2004 c:/devkitPro/libnds/lib\libnds9.a(default_font.bin.o)
                0x020235b8                default_font_bin
                0x020255b8                default_font_bin_size
                0x020255b8                default_font_bin_end
 .rodata        0x020255bc      0x104 c:/devkitpro/devkitarm/bin/../lib/gcc/arm-none-eabi/4.7.1/../../../../arm-none-eabi/lib/thumb\libg.a(lib_a-ctype_.o)
                0x020255bc                _ctype_
 .rodata        0x020256c0        0x4 c:/devkitpro/devkitarm/bin/../lib/gcc/arm-none-eabi/4.7.1/../../../../arm-none-eabi/lib/thumb\libg.a(lib_a-impure.o)
                0x020256c0                _global_impure_ptr
 .rodata        0x020256c4       0xf0 c:/devkitpro/devkitarm/bin/../lib/gcc/arm-none-eabi/4.7.1/../../../../arm-none-eabi/lib/thumb\libg.a(lib_a-locale.o)
 .rodata        0x020257b4       0xa8 c:/devkitpro/devkitarm/bin/../lib/gcc/arm-none-eabi/4.7.1/../../../../arm-none-eabi/lib/thumb\libg.a(lib_a-mbtowc_r.o)
 .rodata        0x0202585c       0x60 c:/devkitpro/devkitarm/bin/../lib/gcc/arm-none-eabi/4.7.1/../../../../arm-none-eabi/lib/thumb\libg.a(lib_a-mktime.o)
 .rodata        0x020258bc       0x68 c:/devkitpro/devkitarm/bin/../lib/gcc/arm-none-eabi/4.7.1/../../../../arm-none-eabi/lib/thumb\libg.a(lib_a-mktm_r.o)
 .rodata        0x02025924      0x340 c:/devkitpro/devkitarm/bin/../lib/gcc/arm-none-eabi/4.7.1/../../../../arm-none-eabi/lib/thumb\libg.a(lib_a-svfiscanf.o)
 .rodata        0x02025c64      0x184 c:/devkitpro/devkitarm/bin/../lib/gcc/arm-none-eabi/4.7.1/../../../../arm-none-eabi/lib/thumb\libg.a(lib_a-svfprintf.o)
 .rodata        0x02025de8      0x580 c:/devkitpro/devkitarm/bin/../lib/gcc/arm-none-eabi/4.7.1/../../../../arm-none-eabi/lib/thumb\libg.a(lib_a-towlower.o)
 .rodata        0x02026368      0x3e4 c:/devkitpro/devkitarm/bin/../lib/gcc/arm-none-eabi/4.7.1/../../../../arm-none-eabi/lib/thumb\libg.a(lib_a-towupper.o)
 .rodata        0x0202674c      0x184 c:/devkitpro/devkitarm/bin/../lib/gcc/arm-none-eabi/4.7.1/../../../../arm-none-eabi/lib/thumb\libg.a(lib_a-vfiprintf.o)
 .rodata        0x020268d0     0x34f0 c:/devkitpro/devkitarm/bin/../lib/gcc/arm-none-eabi/4.7.1/../../../../arm-none-eabi/lib/thumb\libg.a(lib_a-jp2uc.o)
 .rodata        0x02029dc0      0x128 c:/devkitpro/devkitarm/bin/../lib/gcc/arm-none-eabi/4.7.1/../../../../arm-none-eabi/lib/thumb\libg.a(lib_a-mprec.o)
                0x02029dd0                __mprec_tens
                0x02029e98                __mprec_tinytens
                0x02029ec0                __mprec_bigtens
 .rodata        0x02029ee8      0x184 c:/devkitpro/devkitarm/bin/../lib/gcc/arm-none-eabi/4.7.1/../../../../arm-none-eabi/lib/thumb\libg.a(lib_a-svfiprintf.o)
 .rodata        0x0202a06c       0x64 c:/devkitpro/devkitarm/bin/../lib/gcc/arm-none-eabi/4.7.1/../../../../arm-none-eabi/lib/thumb\libsysbase.a(iosupport.o)
                0x0202a06c                dotab_stdnull
 .rodata        0x0202a0d0        0xc c:/devkitpro/devkitarm/bin/../lib/gcc/arm-none-eabi/4.7.1/../../../../arm-none-eabi/lib/thumb\libsysbase.a(chdir.o)
                0x0202a0d0                DIRECTORY_PARENT
                0x0202a0d4                DIRECTORY_THIS
                0x0202a0d8                DIRECTORY_SEPARATOR
 *all.rodata*(*)
 *(.roda)
 *(.rodata.*)
 .rodata.str1.4
                0x0202a0dc       0x27 c:/Users/Derrick/Desktop/nflib_20120804/nflib/examples/graphics/backbuffer/nflib/lib\libnflib.a(nf_2d.o)
                                 0x28 (size before relaxing)
 *fill*         0x0202a103        0x1 ff
 .rodata.str1.4
                0x0202a104      0x61b c:/Users/Derrick/Desktop/nflib_20120804/nflib/examples/graphics/backbuffer/nflib/lib\libnflib.a(nf_basic.o)
                                0x628 (size before relaxing)
 *fill*         0x0202a71f        0x1 ff
 .rodata.str1.4
                0x0202a720       0x5e c:/Users/Derrick/Desktop/nflib_20120804/nflib/examples/graphics/backbuffer/nflib/lib\libnflib.a(nf_bitmapbg.o)
                                 0x60 (size before relaxing)
 *fill*         0x0202a77e        0x2 ff
 .rodata.str1.4
                0x0202a780       0x54 c:/Users/Derrick/Desktop/nflib_20120804/nflib/examples/graphics/backbuffer/nflib/lib\libnflib.a(nf_sprite256.o)
                                 0x7c (size before relaxing)
 .rodata.str1.4
                0x0202a7d4       0x4c c:/Users/Derrick/Desktop/nflib_20120804/nflib/examples/graphics/backbuffer/nflib/lib\libnflib.a(nf_tiledbg.o)
                                 0x6c (size before relaxing)
 .rodata.str1.4
                0x0202a820       0x17 c:/devkitPro/libnds/lib\libfilesystem.a(nitrofs.o)
                                 0x20 (size before relaxing)
 *fill*         0x0202a837        0x1 ff
 .rodata.str1.4
                0x0202a838       0x10 c:/devkitPro/libnds/lib\libfat.a(libfat.o)
                                 0x14 (size before relaxing)
 .rodata.str1.4
                0x00000000        0x8 c:/devkitPro/libnds/lib\libfat.a(directory.o)
 .rodata.str1.4
                0x00000000        0x8 c:/devkitPro/libnds/lib\libfat.a(disc.o)
 .rodata.str1.4
                0x0202a848        0x5 c:/devkitPro/libnds/lib\libfat.a(fatdir.o)
                                  0x8 (size before relaxing)
 *fill*         0x0202a84d        0x3 ff
 .rodata.str1.4
                0x0202a850       0x49 c:/devkitPro/libnds/lib\libnds9.a(console.o)
                                 0x4c (size before relaxing)
 *fill*         0x0202a899        0x3 ff
 .rodata.str1.4
                0x0202a89c        0x2 c:/devkitpro/devkitarm/bin/../lib/gcc/arm-none-eabi/4.7.1/../../../../arm-none-eabi/lib/thumb\libg.a(lib_a-impure.o)
                                  0x4 (size before relaxing)
 *fill*         0x0202a89e        0x2 ff
 .rodata.str1.4
                0x0202a8a0      0x120 c:/devkitpro/devkitarm/bin/../lib/gcc/arm-none-eabi/4.7.1/../../../../arm-none-eabi/lib/thumb\libg.a(lib_a-locale.o)
                                0x130 (size before relaxing)
 .rodata.str1.4
                0x00000000        0x4 c:/devkitpro/devkitarm/bin/../lib/gcc/arm-none-eabi/4.7.1/../../../../arm-none-eabi/lib/thumb\libg.a(lib_a-mbrtowc.o)
 .rodata.str1.4
                0x0202a9c0       0x42 c:/devkitpro/devkitarm/bin/../lib/gcc/arm-none-eabi/4.7.1/../../../../arm-none-eabi/lib/thumb\libg.a(lib_a-svfprintf.o)
                                 0x44 (size before relaxing)
 *fill*         0x0202aa02        0x2 ff
 .rodata.str1.4
                0x0202aa04        0x4 c:/devkitpro/devkitarm/bin/../lib/gcc/arm-none-eabi/4.7.1/../../../../arm-none-eabi/lib/thumb\libg.a(lib_a-tzvars.o)
 .rodata.str1.4
                0x00000000       0x30 c:/devkitpro/devkitarm/bin/../lib/gcc/arm-none-eabi/4.7.1/../../../../arm-none-eabi/lib/thumb\libg.a(lib_a-vfiprintf.o)
 .rodata.str1.4
                0x0202aa08       0x10 c:/devkitpro/devkitarm/bin/../lib/gcc/arm-none-eabi/4.7.1/../../../../arm-none-eabi/lib/thumb\libg.a(lib_a-dtoa.o)
                                 0x14 (size before relaxing)
 .rodata.str1.4
                0x00000000       0x14 c:/devkitpro/devkitarm/bin/../lib/gcc/arm-none-eabi/4.7.1/../../../../arm-none-eabi/lib/thumb\libg.a(lib_a-jp2uc.o)
 .rodata.str1.4
                0x00000000       0x30 c:/devkitpro/devkitarm/bin/../lib/gcc/arm-none-eabi/4.7.1/../../../../arm-none-eabi/lib/thumb\libg.a(lib_a-svfiprintf.o)
 .rodata.str1.4
                0x0202aa18        0x8 c:/devkitpro/devkitarm/bin/../lib/gcc/arm-none-eabi/4.7.1/../../../../arm-none-eabi/lib/thumb\libsysbase.a(iosupport.o)
 *(.gnu.linkonce.r*)
                0x0202aa20                . = ALIGN (0x4)

.rel.dyn        0x0202aa20        0x0
 .rel.iplt      0x00000000        0x0 c:/devkitpro/devkitarm/bin/../lib/gcc/arm-none-eabi/4.7.1/../../../../arm-none-eabi/lib/thumb/ds_arm9_crt0.o

.ARM.extab
 *(.ARM.extab* .gnu.linkonce.armextab.*)
                0x0202aa20                __exidx_start = .

ARM.exidx
 *(.ARM.exidx* .gnu.linkonce.armexidx.*)
                0x0202aa20                __exidx_end = .
                0x0202aa20                . = ALIGN (0x4)
                0x0202aa20                PROVIDE (__preinit_array_start, .)

.preinit_array
 *(.preinit_array)
                0x0202aa20                PROVIDE (__preinit_array_end, .)
                0x0202aa20                PROVIDE (__init_array_start, .)

.init_array     0x0202aa20        0x4
 *(SORT(.init_array.*))
 *(.init_array)
 .init_array    0x0202aa20        0x4 c:/devkitpro/devkitarm/bin/../lib/gcc/arm-none-eabi/4.7.1/thumb/crtbegin.o
                0x0202aa24                PROVIDE (__init_array_end, .)
                0x0202aa24                PROVIDE (__fini_array_start, .)

.fini_array     0x0202aa24        0x4
 *(.fini_array)
 .fini_array    0x0202aa24        0x4 c:/devkitpro/devkitarm/bin/../lib/gcc/arm-none-eabi/4.7.1/thumb/crtbegin.o
 *(SORT(.fini_array.*))
                0x0202aa28                PROVIDE (__fini_array_end, .)

.ctors          0x0202aa28        0x0
 *crtbegin.o(.ctors)
 *(EXCLUDE_FILE(*crtend.o) .ctors)
 *(SORT(.ctors.*))
 *(.ctors)
                0x0202aa28                . = ALIGN (0x4)

.dtors          0x0202aa28        0x0
 *crtbegin.o(.dtors)
 *(EXCLUDE_FILE(*crtend.o) .dtors)
 *(SORT(.dtors.*))
 *(.dtors)
                0x0202aa28                . = ALIGN (0x4)

.eh_frame       0x0202aa28        0x4
 *(.eh_frame)
 .eh_frame      0x0202aa28        0x0 c:/devkitpro/devkitarm/bin/../lib/gcc/arm-none-eabi/4.7.1/thumb/crtbegin.o
 .eh_frame      0x0202aa28        0x4 c:/devkitpro/devkitarm/bin/../lib/gcc/arm-none-eabi/4.7.1/thumb/crtend.o
                0x0202aa2c                . = ALIGN (0x4)

.gcc_except_table
                0x0202aa2c        0x0
 *(.gcc_except_table)
                0x0202aa2c                . = ALIGN (0x4)

.jcr            0x0202aa2c        0x4
 *(.jcr)
 .jcr           0x0202aa2c        0x0 c:/devkitpro/devkitarm/bin/../lib/gcc/arm-none-eabi/4.7.1/thumb/crtbegin.o
 .jcr           0x0202aa2c        0x4 c:/devkitpro/devkitarm/bin/../lib/gcc/arm-none-eabi/4.7.1/thumb/crtend.o

.got
 *(.got.plt)
 *(.got)
 *(.rel.got)

.ewram          0x0202aa30        0x0
                0x0202aa30                __ewram_start = ABSOLUTE (.)
 *(.ewram)
 *ewram.*(.text)
                0x0202aa30                . = ALIGN (0x4)

.data           0x0202aa30      0xfd4
                0x0202aa30                __data_start = ABSOLUTE (.)
 *(.data)
 .data          0x0202aa30        0x0 c:/devkitpro/devkitarm/bin/../lib/gcc/arm-none-eabi/4.7.1/../../../../arm-none-eabi/lib/thumb/ds_arm9_crt0.o
 .data          0x0202aa30        0x0 c:/devkitpro/devkitarm/bin/../lib/gcc/arm-none-eabi/4.7.1/thumb/crti.o
 .data          0x0202aa30        0x4 c:/devkitpro/devkitarm/bin/../lib/gcc/arm-none-eabi/4.7.1/thumb/crtbegin.o
                0x0202aa30                __dso_handle
 .data          0x0202aa34        0x0 main.o
 .data          0x0202aa34        0x0 c:/Users/Derrick/Desktop/nflib_20120804/nflib/examples/graphics/backbuffer/nflib/lib\libnflib.a(nf_2d.o)
 .data          0x0202aa34        0x0 c:/Users/Derrick/Desktop/nflib_20120804/nflib/examples/graphics/backbuffer/nflib/lib\libnflib.a(nf_basic.o)
 .data          0x0202aa34        0x0 c:/Users/Derrick/Desktop/nflib_20120804/nflib/examples/graphics/backbuffer/nflib/lib\libnflib.a(nf_bitmapbg.o)
 .data          0x0202aa34        0x0 c:/Users/Derrick/Desktop/nflib_20120804/nflib/examples/graphics/backbuffer/nflib/lib\libnflib.a(nf_sprite256.o)
 .data          0x0202aa34        0x0 c:/Users/Derrick/Desktop/nflib_20120804/nflib/examples/graphics/backbuffer/nflib/lib\libnflib.a(nf_tiledbg.o)
 .data          0x0202aa34       0x70 c:/devkitPro/libnds/lib\libfilesystem.a(nitrofs.o)
                0x0202aa38                syspaths
                0x0202aa40                nitroFSdevoptab
 .data          0x0202aaa4        0x0 c:/devkitPro/libnds/lib\libfat.a(libfat.o)
 .data          0x0202aaa4        0x0 c:/devkitPro/libnds/lib\libfat.a(partition.o)
 .data          0x0202aaa4        0x0 c:/devkitPro/libnds/lib\libfat.a(cache.o)
 .data          0x0202aaa4        0x0 c:/devkitPro/libnds/lib\libfat.a(directory.o)
 .data          0x0202aaa4        0x0 c:/devkitPro/libnds/lib\libfat.a(disc.o)
 .data          0x0202aaa4        0x0 c:/devkitPro/libnds/lib\libfat.a(fatdir.o)
 .data          0x0202aaa4        0x0 c:/devkitPro/libnds/lib\libfat.a(fatfile.o)
 .data          0x0202aaa4        0x0 c:/devkitPro/libnds/lib\libfat.a(file_allocation_table.o)
 .data          0x0202aaa4        0x0 c:/devkitPro/libnds/lib\libfat.a(filetime.o)
 .data          0x0202aaa4        0x0 c:/devkitPro/libnds/lib\libfat.a(lock.o)
 .data          0x0202aaa4       0x64 c:/devkitPro/libnds/lib\libnds9.a(console.o)
                0x0202aaa4                currentConsole
                0x0202aaa8                defaultConsole
 .data          0x0202ab08       0x30 c:/devkitPro/libnds/lib\libnds9.a(sprite.o)
                0x0202ab08                oamMain
                0x0202ab20                oamSub
 .data          0x0202ab38        0x0 c:/devkitPro/libnds/lib\libnds9.a(sprite_alloc.o)
 .data          0x0202ab38        0x0 c:/devkitPro/libnds/lib\libnds9.a(trig.o)
 .data          0x0202ab38        0x0 c:/devkitPro/libnds/lib\libnds9.a(video.o)
 .data          0x0202ab38        0x4 c:/devkitPro/libnds/lib\libnds9.a(dldi.o)
                0x0202ab38                io_dldi_data
 .data          0x0202ab3c        0x0 c:/devkitPro/libnds/lib\libnds9.a(dsi_sd.o)
 .data          0x0202ab3c        0x0 c:/devkitPro/libnds/lib\libnds9.a(initSystem.o)
 .data          0x0202ab3c        0x0 c:/devkitPro/libnds/lib\libnds9.a(card.o)
 .data          0x0202ab3c       0x10 c:/devkitPro/libnds/lib\libnds9.a(fifosystem.o)
                0x0202ab3c                fifo_buffer_free
                0x0202ab40                fifo_freewords
                0x0202ab44                fifo_send_queue
                0x0202ab48                fifo_receive_queue
 .data          0x0202ab4c        0x0 c:/devkitPro/libnds/lib\libnds9.a(interrupts.o)
 .data          0x0202ab4c        0x0 c:/devkitPro/libnds/lib\libnds9.a(libnds_exit.arm.o)
 .data          0x0202ab4c        0x0 c:/devkitPro/libnds/lib\libnds9.a(dcache.o)
 .data          0x0202ab4c        0x0 c:/devkitPro/libnds/lib\libnds9.a(dldi_stub.o)
 .data          0x0202ab4c        0x0 c:/devkitPro/libnds/lib\libnds9.a(mpu_setup.o)
 .data          0x0202ab4c        0x0 c:/devkitPro/libnds/lib\libnds9.a(biosCalls.o)
 .data          0x0202ab4c        0x0 c:/devkitPro/libnds/lib\libnds9.a(debugprint.o)
 .data          0x0202ab4c        0x0 c:/devkitPro/libnds/lib\libnds9.a(interruptDispatcher.o)
 .data          0x0202ab4c        0x0 c:/devkitPro/libnds/lib\libnds9.a(swiSoftReset.o)
 .data          0x0202ab4c        0x0 c:/devkitPro/libnds/lib\libnds9.a(default_font.bin.o)
 .data          0x0202ab4c       0x60 c:/devkitPro/libnds/lib\libnds9.a(background.o)
                0x0202ab4c                bgScrollTable
                0x0202ab6c                bgTransform
                0x0202ab8c                bgControl
 .data          0x0202abac        0x0 c:/devkitPro/libnds/lib\libnds9.a(system.o)
 .data          0x0202abac        0x0 c:/devkitpro/devkitarm/bin/../lib/gcc/arm-none-eabi/4.7.1/thumb\libgcc.a(_udivsi3.o)
 .data          0x0202abac        0x0 c:/devkitpro/devkitarm/bin/../lib/gcc/arm-none-eabi/4.7.1/thumb\libgcc.a(_divsi3.o)
 .data          0x0202abac        0x0 c:/devkitpro/devkitarm/bin/../lib/gcc/arm-none-eabi/4.7.1/thumb\libgcc.a(_dvmd_tls.o)
 .data          0x0202abac        0x0 c:/devkitpro/devkitarm/bin/../lib/gcc/arm-none-eabi/4.7.1/thumb\libgcc.a(_muldi3.o)
 .data          0x0202abac        0x0 c:/devkitpro/devkitarm/bin/../lib/gcc/arm-none-eabi/4.7.1/../../../../arm-none-eabi/lib/thumb\libg.a(lib_a-bsearch.o)
 .data          0x0202abac        0x0 c:/devkitpro/devkitarm/bin/../lib/gcc/arm-none-eabi/4.7.1/../../../../arm-none-eabi/lib/thumb\libg.a(lib_a-calloc.o)
 .data          0x0202abac        0x0 c:/devkitpro/devkitarm/bin/../lib/gcc/arm-none-eabi/4.7.1/../../../../arm-none-eabi/lib/thumb\libg.a(lib_a-callocr.o)
 .data          0x0202abac        0x4 c:/devkitpro/devkitarm/bin/../lib/gcc/arm-none-eabi/4.7.1/../../../../arm-none-eabi/lib/thumb\libg.a(lib_a-ctype_.o)
                0x0202abac                __ctype_ptr__
 .data          0x0202abb0        0x0 c:/devkitpro/devkitarm/bin/../lib/gcc/arm-none-eabi/4.7.1/../../../../arm-none-eabi/lib/thumb\libg.a(lib_a-fclose.o)
 .data          0x0202abb0        0x0 c:/devkitpro/devkitarm/bin/../lib/gcc/arm-none-eabi/4.7.1/../../../../arm-none-eabi/lib/thumb\libg.a(lib_a-fflush.o)
 .data          0x0202abb0        0x0 c:/devkitpro/devkitarm/bin/../lib/gcc/arm-none-eabi/4.7.1/../../../../arm-none-eabi/lib/thumb\libg.a(lib_a-findfp.o)
 .data          0x0202abb0        0x0 c:/devkitpro/devkitarm/bin/../lib/gcc/arm-none-eabi/4.7.1/../../../../arm-none-eabi/lib/thumb\libg.a(lib_a-fopen.o)
 .data          0x0202abb0        0x0 c:/devkitpro/devkitarm/bin/../lib/gcc/arm-none-eabi/4.7.1/../../../../arm-none-eabi/lib/thumb\libg.a(lib_a-fread.o)
 .data          0x0202abb0        0x0 c:/devkitpro/devkitarm/bin/../lib/gcc/arm-none-eabi/4.7.1/../../../../arm-none-eabi/lib/thumb\libg.a(lib_a-freer.o)
 .data          0x0202abb0        0x0 c:/devkitpro/devkitarm/bin/../lib/gcc/arm-none-eabi/4.7.1/../../../../arm-none-eabi/lib/thumb\libg.a(lib_a-fseek.o)
 .data          0x0202abb0        0x0 c:/devkitpro/devkitarm/bin/../lib/gcc/arm-none-eabi/4.7.1/../../../../arm-none-eabi/lib/thumb\libg.a(lib_a-ftell.o)
 .data          0x0202abb0        0x0 c:/devkitpro/devkitarm/bin/../lib/gcc/arm-none-eabi/4.7.1/../../../../arm-none-eabi/lib/thumb\libg.a(lib_a-fwalk.o)
 .data          0x0202abb0      0x430 c:/devkitpro/devkitarm/bin/../lib/gcc/arm-none-eabi/4.7.1/../../../../arm-none-eabi/lib/thumb\libg.a(lib_a-impure.o)
                0x0202abb0                _impure_ptr
 .data          0x0202afe0        0x0 c:/devkitpro/devkitarm/bin/../lib/gcc/arm-none-eabi/4.7.1/../../../../arm-none-eabi/lib/thumb\libg.a(lib_a-init.o)
 .data          0x0202afe0        0x0 c:/devkitpro/devkitarm/bin/../lib/gcc/arm-none-eabi/4.7.1/../../../../arm-none-eabi/lib/thumb\libg.a(lib_a-iprintf.o)
 .data          0x0202afe0        0x0 c:/devkitpro/devkitarm/bin/../lib/gcc/arm-none-eabi/4.7.1/../../../../arm-none-eabi/lib/thumb\libg.a(lib_a-lcltime_r.o)
 .data          0x0202afe0      0x17c c:/devkitpro/devkitarm/bin/../lib/gcc/arm-none-eabi/4.7.1/../../../../arm-none-eabi/lib/thumb\libg.a(lib_a-locale.o)
                0x0202afe0                __default_locale
                0x0202b100                __mb_cur_max
 .data          0x0202b15c        0x0 c:/devkitpro/devkitarm/bin/../lib/gcc/arm-none-eabi/4.7.1/../../../../arm-none-eabi/lib/thumb\libg.a(lib_a-makebuf.o)
 .data          0x0202b15c        0x0 c:/devkitpro/devkitarm/bin/../lib/gcc/arm-none-eabi/4.7.1/../../../../arm-none-eabi/lib/thumb\libg.a(lib_a-malloc.o)
 .data          0x0202b15c      0x410 c:/devkitpro/devkitarm/bin/../lib/gcc/arm-none-eabi/4.7.1/../../../../arm-none-eabi/lib/thumb\libg.a(lib_a-mallocr.o)
                0x0202b15c                __malloc_av_
                0x0202b564                __malloc_sbrk_base
                0x0202b568                __malloc_trim_threshold
 .data          0x0202b56c        0x0 c:/devkitpro/devkitarm/bin/../lib/gcc/arm-none-eabi/4.7.1/../../../../arm-none-eabi/lib/thumb\libg.a(lib_a-mbrtowc.o)
 .data          0x0202b56c        0x0 c:/devkitpro/devkitarm/bin/../lib/gcc/arm-none-eabi/4.7.1/../../../../arm-none-eabi/lib/thumb\libg.a(lib_a-mbsrtowcs.o)
 .data          0x0202b56c        0x4 c:/devkitpro/devkitarm/bin/../lib/gcc/arm-none-eabi/4.7.1/../../../../arm-none-eabi/lib/thumb\libg.a(lib_a-mbtowc_r.o)
                0x0202b56c                __mbtowc
 .data          0x0202b570        0x0 c:/devkitpro/devkitarm/bin/../lib/gcc/arm-none-eabi/4.7.1/../../../../arm-none-eabi/lib/thumb\libg.a(lib_a-memcmp.o)
 .data          0x0202b570        0x0 c:/devkitpro/devkitarm/bin/../lib/gcc/arm-none-eabi/4.7.1/../../../../arm-none-eabi/lib/thumb\libg.a(lib_a-memcpy-stub.o)
 .data          0x0202b570        0x0 c:/devkitpro/devkitarm/bin/../lib/gcc/arm-none-eabi/4.7.1/../../../../arm-none-eabi/lib/thumb\libg.a(lib_a-memmove.o)
 .data          0x0202b570        0x0 c:/devkitpro/devkitarm/bin/../lib/gcc/arm-none-eabi/4.7.1/../../../../arm-none-eabi/lib/thumb\libg.a(lib_a-memset.o)
 .data          0x0202b570        0x0 c:/devkitpro/devkitarm/bin/../lib/gcc/arm-none-eabi/4.7.1/../../../../arm-none-eabi/lib/thumb\libg.a(lib_a-mktime.o)
 .data          0x0202b570        0x0 c:/devkitpro/devkitarm/bin/../lib/gcc/arm-none-eabi/4.7.1/../../../../arm-none-eabi/lib/thumb\libg.a(lib_a-mktm_r.o)
 .data          0x0202b570        0x0 c:/devkitpro/devkitarm/bin/../lib/gcc/arm-none-eabi/4.7.1/../../../../arm-none-eabi/lib/thumb\libg.a(lib_a-mlock.o)
 .data          0x0202b570        0x0 c:/devkitpro/devkitarm/bin/../lib/gcc/arm-none-eabi/4.7.1/../../../../arm-none-eabi/lib/thumb\libg.a(lib_a-realloc.o)
 .data          0x0202b570        0x0 c:/devkitpro/devkitarm/bin/../lib/gcc/arm-none-eabi/4.7.1/../../../../arm-none-eabi/lib/thumb\libg.a(lib_a-reallocr.o)
 .data          0x0202b570        0x0 c:/devkitpro/devkitarm/bin/../lib/gcc/arm-none-eabi/4.7.1/../../../../arm-none-eabi/lib/thumb\libg.a(lib_a-refill.o)
 .data          0x0202b570        0x0 c:/devkitpro/devkitarm/bin/../lib/gcc/arm-none-eabi/4.7.1/../../../../arm-none-eabi/lib/thumb\libg.a(lib_a-rewind.o)
 .data          0x0202b570        0x0 c:/devkitpro/devkitarm/bin/../lib/gcc/arm-none-eabi/4.7.1/../../../../arm-none-eabi/lib/thumb\libg.a(lib_a-setvbuf.o)
 .data          0x0202b570        0x0 c:/devkitpro/devkitarm/bin/../lib/gcc/arm-none-eabi/4.7.1/../../../../arm-none-eabi/lib/thumb\libg.a(lib_a-siscanf.o)
 .data          0x0202b570        0x0 c:/devkitpro/devkitarm/bin/../lib/gcc/arm-none-eabi/4.7.1/../../../../arm-none-eabi/lib/thumb\libg.a(lib_a-sprintf.o)
 .data          0x0202b570        0x0 c:/devkitpro/devkitarm/bin/../lib/gcc/arm-none-eabi/4.7.1/../../../../arm-none-eabi/lib/thumb\libg.a(lib_a-stdio.o)
 .data          0x0202b570        0x0 c:/devkitpro/devkitarm/bin/../lib/gcc/arm-none-eabi/4.7.1/../../../../arm-none-eabi/lib/thumb\libg.a(lib_a-stpcpy.o)
 .data          0x0202b570        0x0 c:/devkitpro/devkitarm/bin/../lib/gcc/arm-none-eabi/4.7.1/../../../../arm-none-eabi/lib/thumb\libg.a(lib_a-strcasecmp.o)
 .data          0x0202b570        0x0 c:/devkitpro/devkitarm/bin/../lib/gcc/arm-none-eabi/4.7.1/../../../../arm-none-eabi/lib/thumb\libg.a(lib_a-strcat.o)
 .data          0x0202b570        0x0 c:/devkitpro/devkitarm/bin/../lib/gcc/arm-none-eabi/4.7.1/../../../../arm-none-eabi/lib/thumb\libg.a(lib_a-strchr.o)
 .data          0x0202b570        0x0 c:/devkitpro/devkitarm/bin/../lib/gcc/arm-none-eabi/4.7.1/../../../../arm-none-eabi/lib/thumb\libg.a(lib_a-strcmp.o)
 .data          0x0202b570        0x0 c:/devkitpro/devkitarm/bin/../lib/gcc/arm-none-eabi/4.7.1/../../../../arm-none-eabi/lib/thumb\libg.a(lib_a-strcpy.o)
 .data          0x0202b570        0x0 c:/devkitpro/devkitarm/bin/../lib/gcc/arm-none-eabi/4.7.1/../../../../arm-none-eabi/lib/thumb\libg.a(lib_a-strlcpy.o)
 .data          0x0202b570        0x0 c:/devkitpro/devkitarm/bin/../lib/gcc/arm-none-eabi/4.7.1/../../../../arm-none-eabi/lib/thumb\libg.a(lib_a-strlen.o)
 .data          0x0202b570        0x0 c:/devkitpro/devkitarm/bin/../lib/gcc/arm-none-eabi/4.7.1/../../../../arm-none-eabi/lib/thumb\libg.a(lib_a-strncasecmp.o)
 .data          0x0202b570        0x0 c:/devkitpro/devkitarm/bin/../lib/gcc/arm-none-eabi/4.7.1/../../../../arm-none-eabi/lib/thumb\libg.a(lib_a-strncmp.o)
 .data          0x0202b570        0x0 c:/devkitpro/devkitarm/bin/../lib/gcc/arm-none-eabi/4.7.1/../../../../arm-none-eabi/lib/thumb\libg.a(lib_a-strncpy.o)
 .data          0x0202b570        0x0 c:/devkitpro/devkitarm/bin/../lib/gcc/arm-none-eabi/4.7.1/../../../../arm-none-eabi/lib/thumb\libg.a(lib_a-strnlen.o)
 .data          0x0202b570        0x0 c:/devkitpro/devkitarm/bin/../lib/gcc/arm-none-eabi/4.7.1/../../../../arm-none-eabi/lib/thumb\libg.a(lib_a-strpbrk.o)
 .data          0x0202b570        0x0 c:/devkitpro/devkitarm/bin/../lib/gcc/arm-none-eabi/4.7.1/../../../../arm-none-eabi/lib/thumb\libg.a(lib_a-strrchr.o)
 .data          0x0202b570        0x0 c:/devkitpro/devkitarm/bin/../lib/gcc/arm-none-eabi/4.7.1/../../../../arm-none-eabi/lib/thumb\libg.a(lib_a-strtol.o)
 .data          0x0202b570        0x0 c:/devkitpro/devkitarm/bin/../lib/gcc/arm-none-eabi/4.7.1/../../../../arm-none-eabi/lib/thumb\libg.a(lib_a-svfiscanf.o)
 .data          0x0202b570        0x0 c:/devkitpro/devkitarm/bin/../lib/gcc/arm-none-eabi/4.7.1/../../../../arm-none-eabi/lib/thumb\libg.a(lib_a-svfprintf.o)
 .data          0x0202b570        0x0 c:/devkitpro/devkitarm/bin/../lib/gcc/arm-none-eabi/4.7.1/../../../../arm-none-eabi/lib/thumb\libg.a(lib_a-sysclose.o)
 .data          0x0202b570        0x0 c:/devkitpro/devkitarm/bin/../lib/gcc/arm-none-eabi/4.7.1/../../../../arm-none-eabi/lib/thumb\libg.a(lib_a-syslseek.o)
 .data          0x0202b570        0x0 c:/devkitpro/devkitarm/bin/../lib/gcc/arm-none-eabi/4.7.1/../../../../arm-none-eabi/lib/thumb\libg.a(lib_a-sysopen.o)
 .data          0x0202b570        0x0 c:/devkitpro/devkitarm/bin/../lib/gcc/arm-none-eabi/4.7.1/../../../../arm-none-eabi/lib/thumb\libg.a(lib_a-sysread.o)
 .data          0x0202b570        0x0 c:/devkitpro/devkitarm/bin/../lib/gcc/arm-none-eabi/4.7.1/../../../../arm-none-eabi/lib/thumb\libg.a(lib_a-time.o)
 .data          0x0202b570        0x0 c:/devkitpro/devkitarm/bin/../lib/gcc/arm-none-eabi/4.7.1/../../../../arm-none-eabi/lib/thumb\libg.a(lib_a-towlower.o)
 .data          0x0202b570        0x0 c:/devkitpro/devkitarm/bin/../lib/gcc/arm-none-eabi/4.7.1/../../../../arm-none-eabi/lib/thumb\libg.a(lib_a-towupper.o)
 .data          0x0202b570        0x0 c:/devkitpro/devkitarm/bin/../lib/gcc/arm-none-eabi/4.7.1/../../../../arm-none-eabi/lib/thumb\libg.a(lib_a-tzlock.o)
 .data          0x0202b570        0x8 c:/devkitpro/devkitarm/bin/../lib/gcc/arm-none-eabi/4.7.1/../../../../arm-none-eabi/lib/thumb\libg.a(lib_a-tzvars.o)
                0x0202b570                _tzname
 .data          0x0202b578        0x0 c:/devkitpro/devkitarm/bin/../lib/gcc/arm-none-eabi/4.7.1/../../../../arm-none-eabi/lib/thumb\libg.a(lib_a-ungetc.o)
 .data          0x0202b578        0x0 c:/devkitpro/devkitarm/bin/../lib/gcc/arm-none-eabi/4.7.1/../../../../arm-none-eabi/lib/thumb\libg.a(lib_a-vfiprintf.o)
 .data          0x0202b578        0x0 c:/devkitpro/devkitarm/bin/../lib/gcc/arm-none-eabi/4.7.1/../../../../arm-none-eabi/lib/thumb\libg.a(lib_a-wcrtomb.o)
 .data          0x0202b578        0x0 c:/devkitpro/devkitarm/bin/../lib/gcc/arm-none-eabi/4.7.1/../../../../arm-none-eabi/lib/thumb\libg.a(lib_a-wcsrtombs.o)
 .data          0x0202b578        0x0 c:/devkitpro/devkitarm/bin/../lib/gcc/arm-none-eabi/4.7.1/../../../../arm-none-eabi/lib/thumb\libg.a(lib_a-wctob.o)
 .data          0x0202b578        0x4 c:/devkitpro/devkitarm/bin/../lib/gcc/arm-none-eabi/4.7.1/../../../../arm-none-eabi/lib/thumb\libg.a(lib_a-wctomb_r.o)
                0x0202b578                __wctomb
 .data          0x0202b57c        0x0 c:/devkitpro/devkitarm/bin/../lib/gcc/arm-none-eabi/4.7.1/../../../../arm-none-eabi/lib/thumb\libg.a(lib_a-wsetup.o)
 .data          0x0202b57c        0x0 c:/devkitpro/devkitarm/bin/../lib/gcc/arm-none-eabi/4.7.1/../../../../arm-none-eabi/lib/thumb\libg.a(lib_a-div.o)
 .data          0x0202b57c        0x0 c:/devkitpro/devkitarm/bin/../lib/gcc/arm-none-eabi/4.7.1/../../../../arm-none-eabi/lib/thumb\libg.a(lib_a-dtoa.o)
 .data          0x0202b57c        0x0 c:/devkitpro/devkitarm/bin/../lib/gcc/arm-none-eabi/4.7.1/../../../../arm-none-eabi/lib/thumb\libg.a(lib_a-flags.o)
 .data          0x0202b57c        0x0 c:/devkitpro/devkitarm/bin/../lib/gcc/arm-none-eabi/4.7.1/../../../../arm-none-eabi/lib/thumb\libg.a(lib_a-fputwc.o)
 .data          0x0202b57c        0x0 c:/devkitpro/devkitarm/bin/../lib/gcc/arm-none-eabi/4.7.1/../../../../arm-none-eabi/lib/thumb\libg.a(lib_a-fvwrite.o)
 .data          0x0202b57c        0x0 c:/devkitpro/devkitarm/bin/../lib/gcc/arm-none-eabi/4.7.1/../../../../arm-none-eabi/lib/thumb\libg.a(lib_a-getenv_r.o)
 .data          0x0202b57c       0x40 c:/devkitpro/devkitarm/bin/../lib/gcc/arm-none-eabi/4.7.1/../../../../arm-none-eabi/lib/thumb\libg.a(lib_a-gettzinfo.o)
 .data          0x0202b5bc        0x0 c:/devkitpro/devkitarm/bin/../lib/gcc/arm-none-eabi/4.7.1/../../../../arm-none-eabi/lib/thumb\libg.a(lib_a-iswspace.o)
 .data          0x0202b5bc        0x0 c:/devkitpro/devkitarm/bin/../lib/gcc/arm-none-eabi/4.7.1/../../../../arm-none-eabi/lib/thumb\libg.a(lib_a-jp2uc.o)
 .data          0x0202b5bc        0x0 c:/devkitpro/devkitarm/bin/../lib/gcc/arm-none-eabi/4.7.1/../../../../arm-none-eabi/lib/thumb\libg.a(lib_a-mbsnrtowcs.o)
 .data          0x0202b5bc        0x0 c:/devkitpro/devkitarm/bin/../lib/gcc/arm-none-eabi/4.7.1/../../../../arm-none-eabi/lib/thumb\libg.a(lib_a-memchr-stub.o)
 .data          0x0202b5bc        0x0 c:/devkitpro/devkitarm/bin/../lib/gcc/arm-none-eabi/4.7.1/../../../../arm-none-eabi/lib/thumb\libg.a(lib_a-mprec.o)
 .data          0x0202b5bc        0x0 c:/devkitpro/devkitarm/bin/../lib/gcc/arm-none-eabi/4.7.1/../../../../arm-none-eabi/lib/thumb\libg.a(lib_a-sccl.o)
 .data          0x0202b5bc        0x0 c:/devkitpro/devkitarm/bin/../lib/gcc/arm-none-eabi/4.7.1/../../../../arm-none-eabi/lib/thumb\libg.a(lib_a-s_fpclassify.o)
 .data          0x0202b5bc        0x0 c:/devkitpro/devkitarm/bin/../lib/gcc/arm-none-eabi/4.7.1/../../../../arm-none-eabi/lib/thumb\libg.a(lib_a-strtoll_r.o)
 .data          0x0202b5bc        0x0 c:/devkitpro/devkitarm/bin/../lib/gcc/arm-none-eabi/4.7.1/../../../../arm-none-eabi/lib/thumb\libg.a(lib_a-strtoull_r.o)
 .data          0x0202b5bc        0x0 c:/devkitpro/devkitarm/bin/../lib/gcc/arm-none-eabi/4.7.1/../../../../arm-none-eabi/lib/thumb\libg.a(lib_a-strtoul.o)
 .data          0x0202b5bc        0x0 c:/devkitpro/devkitarm/bin/../lib/gcc/arm-none-eabi/4.7.1/../../../../arm-none-eabi/lib/thumb\libg.a(lib_a-svfiprintf.o)
 .data          0x0202b5bc        0x0 c:/devkitpro/devkitarm/bin/../lib/gcc/arm-none-eabi/4.7.1/../../../../arm-none-eabi/lib/thumb\libg.a(lib_a-wbuf.o)
 .data          0x0202b5bc        0x0 c:/devkitpro/devkitarm/bin/../lib/gcc/arm-none-eabi/4.7.1/../../../../arm-none-eabi/lib/thumb\libg.a(lib_a-wcsnrtombs.o)
 .data          0x0202b5bc        0x4 c:/devkitpro/devkitarm/bin/../lib/gcc/arm-none-eabi/4.7.1/../../../../arm-none-eabi/lib/thumb\libg.a(lib_a-environ.o)
                0x0202b5bc                environ
 .data          0x0202b5c0        0x0 c:/devkitpro/devkitarm/bin/../lib/gcc/arm-none-eabi/4.7.1/../../../../arm-none-eabi/lib/thumb\libg.a(lib_a-envlock.o)
 .data          0x0202b5c0       0x44 c:/devkitpro/devkitarm/bin/../lib/gcc/arm-none-eabi/4.7.1/../../../../arm-none-eabi/lib/thumb\libsysbase.a(iosupport.o)
                0x0202b5c4                devoptab_list
 .data          0x0202b604        0x0 c:/devkitpro/devkitarm/bin/../lib/gcc/arm-none-eabi/4.7.1/../../../../arm-none-eabi/lib/thumb\libsysbase.a(close.o)
 .data          0x0202b604        0x0 c:/devkitpro/devkitarm/bin/../lib/gcc/arm-none-eabi/4.7.1/../../../../arm-none-eabi/lib/thumb\libsysbase.a(fstat.o)
 .data          0x0202b604        0x0 c:/devkitpro/devkitarm/bin/../lib/gcc/arm-none-eabi/4.7.1/../../../../arm-none-eabi/lib/thumb\libsysbase.a(isatty.o)
 .data          0x0202b604        0x0 c:/devkitpro/devkitarm/bin/../lib/gcc/arm-none-eabi/4.7.1/../../../../arm-none-eabi/lib/thumb\libsysbase.a(lseek.o)
 .data          0x0202b604        0x0 c:/devkitpro/devkitarm/bin/../lib/gcc/arm-none-eabi/4.7.1/../../../../arm-none-eabi/lib/thumb\libsysbase.a(open.o)
 .data          0x0202b604        0x0 c:/devkitpro/devkitarm/bin/../lib/gcc/arm-none-eabi/4.7.1/../../../../arm-none-eabi/lib/thumb\libsysbase.a(read.o)
 .data          0x0202b604        0x0 c:/devkitpro/devkitarm/bin/../lib/gcc/arm-none-eabi/4.7.1/../../../../arm-none-eabi/lib/thumb\libsysbase.a(sbrk.o)
 .data          0x0202b604        0x0 c:/devkitpro/devkitarm/bin/../lib/gcc/arm-none-eabi/4.7.1/../../../../arm-none-eabi/lib/thumb\libsysbase.a(times.o)
 .data          0x0202b604        0x0 c:/devkitpro/devkitarm/bin/../lib/gcc/arm-none-eabi/4.7.1/../../../../arm-none-eabi/lib/thumb\libsysbase.a(write.o)
 .data          0x0202b604        0x0 c:/devkitpro/devkitarm/bin/../lib/gcc/arm-none-eabi/4.7.1/../../../../arm-none-eabi/lib/thumb\libsysbase.a(malloc_vars.o)
 .data          0x0202b604      0x400 c:/devkitpro/devkitarm/bin/../lib/gcc/arm-none-eabi/4.7.1/../../../../arm-none-eabi/lib/thumb\libsysbase.a(chdir.o)
 .data          0x0202ba04        0x0 c:/devkitpro/devkitarm/bin/../lib/gcc/arm-none-eabi/4.7.1/../../../../arm-none-eabi/lib/thumb\libsysbase.a(build_argv.o)
 .data          0x0202ba04        0x0 c:/devkitpro/devkitarm/bin/../lib/gcc/arm-none-eabi/4.7.1/../../../../arm-none-eabi/lib/thumb\libsysbase.a(syscall_support.o)
 .data          0x0202ba04        0x0 c:/devkitpro/devkitarm/bin/../lib/gcc/arm-none-eabi/4.7.1/../../../../arm-none-eabi/lib/thumb\libsysbase.a(handle_manager.o)
 .data          0x0202ba04        0x0 c:/devkitpro/devkitarm/bin/../lib/gcc/arm-none-eabi/4.7.1/thumb\libgcc.a(_arm_addsubdf3.o)
 .data          0x0202ba04        0x0 c:/devkitpro/devkitarm/bin/../lib/gcc/arm-none-eabi/4.7.1/thumb\libgcc.a(_arm_muldivdf3.o)
 .data          0x0202ba04        0x0 c:/devkitpro/devkitarm/bin/../lib/gcc/arm-none-eabi/4.7.1/thumb\libgcc.a(_arm_cmpdf2.o)
 .data          0x0202ba04        0x0 c:/devkitpro/devkitarm/bin/../lib/gcc/arm-none-eabi/4.7.1/thumb\libgcc.a(_arm_fixdfsi.o)
 .data          0x0202ba04        0x0 c:/devkitpro/devkitarm/bin/../lib/gcc/arm-none-eabi/4.7.1/thumb\libgcc.a(_aeabi_uldivmod.o)
 .data          0x0202ba04        0x0 c:/devkitpro/devkitarm/bin/../lib/gcc/arm-none-eabi/4.7.1/thumb\libgcc.a(bpabi.o)
 .data          0x0202ba04        0x0 c:/devkitpro/devkitarm/bin/../lib/gcc/arm-none-eabi/4.7.1/thumb\libgcc.a(_divdi3.o)
 .data          0x0202ba04        0x0 c:/devkitpro/devkitarm/bin/../lib/gcc/arm-none-eabi/4.7.1/thumb\libgcc.a(_udivdi3.o)
 .data          0x0202ba04        0x0 c:/devkitpro/devkitarm/bin/../lib/gcc/arm-none-eabi/4.7.1/thumb\libgcc.a(_clzsi2.o)
 .data          0x0202ba04        0x0 c:/devkitpro/devkitarm/bin/../lib/gcc/arm-none-eabi/4.7.1/../../../../arm-none-eabi/lib/thumb\libg.a(lib_a-errno.o)
 .data          0x0202ba04        0x0 c:/devkitpro/devkitarm/bin/../lib/gcc/arm-none-eabi/4.7.1/thumb/crtend.o
 .data          0x0202ba04        0x0 c:/devkitpro/devkitarm/bin/../lib/gcc/arm-none-eabi/4.7.1/thumb/crtn.o
 *(.data.*)
 *(.gnu.linkonce.d*)
                0x0202ba04                . = ALIGN (0x4)
                0x0202ba04                __data_end = ABSOLUTE (.)
                0x0202ba04                __dtcm_lma = .
                0x0202ba04                __bss_vma = .

.igot.plt       0x0202ba04        0x0
 .igot.plt      0x00000000        0x0 c:/devkitpro/devkitarm/bin/../lib/gcc/arm-none-eabi/4.7.1/../../../../arm-none-eabi/lib/thumb/ds_arm9_crt0.o

.tm_clone_table
                0x0202ba04        0x0
 .tm_clone_table
                0x0202ba04        0x0 c:/devkitpro/devkitarm/bin/../lib/gcc/arm-none-eabi/4.7.1/thumb/crtbegin.o
 .tm_clone_table
                0x0202ba04        0x0 c:/devkitpro/devkitarm/bin/../lib/gcc/arm-none-eabi/4.7.1/thumb/crtend.o

.dtcm           0x0b000000        0x0 load address 0x0202ba04
 *(.dtcm)
 *(.dtcm.*)
                0x0b000000                . = ALIGN (0x4)
                0x0b000000                __dtcm_end = ABSOLUTE (.)